[0.012s][info][gc,init] Initializing The Z Garbage Collector
[0.012s][info][gc,init] Version: 25+36-3489 (release)
[0.012s][info][gc,init] NUMA Support: Disabled
[0.012s][info][gc,init] CPUs: 16 total, 16 available
[0.012s][info][gc,init] Memory: 16151M
[0.013s][info][gc,init] Large Page Support: Disabled
[0.013s][info][gc,init] Address Space Size: limited (137434243852K)
[0.013s][info][gc,init] Reserved Space Type: Contiguous/Unrestricted/Complete
[0.013s][info][gc,init] Reserved Space Size: 4G
[0.013s][info][gc,init] Min Capacity: 8M
[0.013s][info][gc,init] Initial Capacity: 254M
[0.013s][info][gc,init] Max Capacity: 256M
[0.013s][info][gc,init] Soft Max Capacity: 256M
[0.013s][info][gc,init] Page Size Medium: Range [2M, 8M]
[0.014s][info][gc,init] Pre-touch: Disabled
[0.014s][info][gc,init] Uncommit: Enabled
[0.014s][info][gc,init] Uncommit Delay: 300s
[0.014s][info][gc,init] GC Workers for Old Generation: 2 (dynamic)
[0.014s][info][gc,init] GC Workers for Young Generation: 2 (dynamic)
[0.019s][info][gc,init] GC Workers Max: 2 (dynamic)
[0.019s][info][gc,init] Runtime Workers: 2
[0.019s][info][gc     ] Using The Z Garbage Collector
[0.045s][info][gc,metaspace] CDS archive(s) mapped at: [0x0000000030000000-0x0000000030dd0000-0x0000000030dd0000), size 14483456, SharedBaseAddress: 0x0000000030000000, ArchiveRelocationMode: 1.
[0.045s][info][gc,metaspace] Compressed class space mapped at: 0x0000000031000000-0x0000000071000000, reserved size: 1073741824
[0.045s][info][gc,metaspace] UseCompressedClassPointers 1, UseCompactObjectHeaders 0
[0.045s][info][gc,metaspace] Narrow klass pointer bits 32, Max shift 3
[0.045s][info][gc,metaspace] Narrow klass base: 0x0000000030000000, Narrow klass shift: 0
[0.045s][info][gc,metaspace] Encoding Range: [0x0000000030000000 - 0x0000000130000000), (4294967296 bytes)
[0.045s][info][gc,metaspace] Klass Range:    [0x0000000030010000 - 0x0000000071000000), (1090453504 bytes)
[0.045s][info][gc,metaspace] Klass ID Range:  [65536 - 1090519033) (1090453497)
[0.045s][info][gc,metaspace] Protection zone: [0x0000000030000000 - 0x0000000030010000), (65536 bytes)
[9.193s][info][gc          ] GC(0) Major Collection (Warmup)
[9.194s][info][gc,task     ] GC(0) Using 2 Workers for Young Generation
[9.194s][info][gc,task     ] GC(0) Using 1 Workers for Old Generation
[9.194s][info][gc,phases   ] GC(0) Y: Young Generation
[9.194s][info][gc,phases   ] GC(0) Y: Pause Mark Start (Major) 0.017ms
[9.196s][info][gc,phases   ] GC(0) Y: Concurrent Mark 2.450ms
[9.196s][info][gc,phases   ] GC(0) Y: Pause Mark End 0.013ms
[9.196s][info][gc,phases   ] GC(0) Y: Concurrent Mark Free 0.001ms
[9.196s][info][gc,phases   ] GC(0) Y: Concurrent Reset Relocation Set 0.000ms
[9.197s][info][gc,reloc    ] GC(0) Y: Using tenuring threshold: 1 (Computed)
[9.197s][info][gc,phases   ] GC(0) Y: Concurrent Select Relocation Set 0.376ms
[9.197s][info][gc,phases   ] GC(0) Y: Pause Relocate Start 0.005ms
[9.198s][info][gc,phases   ] GC(0) Y: Concurrent Relocate 1.018ms
[9.198s][info][gc,alloc    ] GC(0) Y:                         Mark Start        Mark End      Relocate Start    Relocate End   
[9.198s][info][gc,alloc    ] GC(0) Y: Allocation Stalls:          0                0                0                0         
[9.198s][info][gc,load     ] GC(0) Y: Load: 0.00 (0%) / 0.00 (0%) / 0.00 (0%)
[9.198s][info][gc,mmu      ] GC(0) Y: MMU: 2ms/99.1%, 5ms/99.3%, 10ms/99.7%, 20ms/99.8%, 50ms/99.9%, 100ms/100.0%
[9.198s][info][gc,marking  ] GC(0) Y: Mark: 2 stripe(s), 2 proactive flush(es), 1 terminate flush(es), 0 completion(s), 0 continuation(s) 
[9.198s][info][gc,nmethod  ] GC(0) Y: NMethods: 367 registered, 0 unregistered
[9.198s][info][gc,metaspace] GC(0) Y: Metaspace: 0M used, 1M committed, 1088M reserved
[9.198s][info][gc,reloc    ] GC(0) Y:                        Candidates     Selected     In-Place         Size        Empty    Relocated 
[9.198s][info][gc,reloc    ] GC(0) Y: Small Pages:                    3            2            0           6M           0M           1M 
[9.198s][info][gc,reloc    ] GC(0) Y: Medium Pages:                   0            0            0           0M           0M           0M 
[9.198s][info][gc,reloc    ] GC(0) Y: Large Pages:                   10            0            0          20M           0M           0M 
[9.198s][info][gc,reloc    ] GC(0) Y: Forwarding Usage: 0M
[9.198s][info][gc,reloc    ] GC(0) Y: Age Table:
[9.198s][info][gc,reloc    ] GC(0) Y:                    Live             Garbage             Small              Medium             Large        
[9.198s][info][gc,reloc    ] GC(0) Y: Eden              21M (8%)            4M (2%)           3 / 2              0 / 0             10 / 0        
[9.198s][info][gc,heap     ] GC(0) Y: Min Capacity: 8M(3%)
[9.198s][info][gc,heap     ] GC(0) Y: Max Capacity: 256M(100%)
[9.198s][info][gc,heap     ] GC(0) Y: Soft Max Capacity: 256M(100%)
[9.198s][info][gc,heap     ] GC(0) Y: Heap Statistics:
[9.198s][info][gc,heap     ] GC(0) Y:                Mark Start          Mark End        Relocate Start      Relocate End           High               Low         
[9.198s][info][gc,heap     ] GC(0) Y:  Capacity:      254M (99%)         254M (99%)         254M (99%)         254M (99%)         254M (99%)         254M (99%)    
[9.198s][info][gc,heap     ] GC(0) Y:      Free:      230M (90%)         228M (89%)         228M (89%)         230M (90%)         230M (90%)         224M (88%)    
[9.198s][info][gc,heap     ] GC(0) Y:      Used:       26M (10%)          28M (11%)          28M (11%)          26M (10%)          32M (12%)          26M (10%)    
[9.198s][info][gc,heap     ] GC(0) Y: Young Generation Statistics:
[9.198s][info][gc,heap     ] GC(0) Y:                Mark Start          Mark End        Relocate Start      Relocate End    
[9.198s][info][gc,heap     ] GC(0) Y:      Used:       26M (10%)          28M (11%)          28M (11%)          26M (10%)    
[9.198s][info][gc,heap     ] GC(0) Y:      Live:         -                21M (8%)           21M (8%)           21M (8%)     
[9.198s][info][gc,heap     ] GC(0) Y:   Garbage:         -                 4M (2%)            4M (2%)            0M (0%)     
[9.198s][info][gc,heap     ] GC(0) Y: Allocated:         -                 2M (1%)            2M (1%)            4M (2%)     
[9.198s][info][gc,heap     ] GC(0) Y: Reclaimed:         -                  -                 0M (0%)            4M (2%)     
[9.198s][info][gc,heap     ] GC(0) Y:  Promoted:         -                  -                 0M (0%)            0M (0%)     
[9.198s][info][gc,heap     ] GC(0) Y: Compacted:         -                  -                  -                 1M (1%)     
[9.198s][info][gc,phases   ] GC(0) Y: Young Generation 26M(10%)->26M(10%) 0.004s
[9.198s][info][gc,phases   ] GC(0) O: Old Generation
[9.199s][info][gc,phases   ] GC(0) O: Concurrent Mark 0.164ms
[9.199s][info][gc,phases   ] GC(0) O: Pause Mark End 0.005ms
[9.199s][info][gc,phases   ] GC(0) O: Concurrent Mark Free 0.000ms
[9.199s][info][gc,phases   ] GC(0) O: Concurrent Process Non-Strong 0.586ms
[9.199s][info][gc,phases   ] GC(0) O: Concurrent Reset Relocation Set 0.000ms
[9.199s][info][gc,phases   ] GC(0) O: Concurrent Select Relocation Set 0.037ms
[9.199s][info][gc,task     ] GC(0) O: Using 2 Workers for Old Generation
[9.199s][info][gc,task     ] GC(0) O: Using 1 Workers for Old Generation
[9.199s][info][gc,phases   ] GC(0) O: Concurrent Remap Roots 0.220ms
[9.200s][info][gc,phases   ] GC(0) O: Pause Relocate Start 0.004ms
[9.200s][info][gc,phases   ] GC(0) O: Concurrent Relocate 0.028ms
[9.200s][info][gc,alloc    ] GC(0) O:                         Mark Start        Mark End      Relocate Start    Relocate End   
[9.200s][info][gc,alloc    ] GC(0) O: Allocation Stalls:          0                0                0                0         
[9.200s][info][gc,load     ] GC(0) O: Load: 0.00 (0%) / 0.00 (0%) / 0.00 (0%)
[9.200s][info][gc,mmu      ] GC(0) O: MMU: 2ms/99.1%, 5ms/99.2%, 10ms/99.6%, 20ms/99.8%, 50ms/99.9%, 100ms/100.0%
[9.200s][info][gc,marking  ] GC(0) O: Mark: 1 stripe(s), 1 proactive flush(es), 1 terminate flush(es), 0 completion(s), 0 continuation(s) 
[9.200s][info][gc,nmethod  ] GC(0) O: NMethods: 347 registered, 20 unregistered
[9.200s][info][gc,metaspace] GC(0) O: Metaspace: 0M used, 1M committed, 1088M reserved
[9.200s][info][gc,ref      ] GC(0) O:                       Encountered   Discovered     Enqueued 
[9.200s][info][gc,ref      ] GC(0) O: Soft References:               92            0            0 
[9.200s][info][gc,ref      ] GC(0) O: Weak References:              185            0            0 
[9.200s][info][gc,ref      ] GC(0) O: Final References:               0            0            0 
[9.200s][info][gc,ref      ] GC(0) O: Phantom References:             8            0            0 
[9.200s][info][gc,heap     ] GC(0) O: Min Capacity: 8M(3%)
[9.200s][info][gc,heap     ] GC(0) O: Max Capacity: 256M(100%)
[9.200s][info][gc,heap     ] GC(0) O: Soft Max Capacity: 256M(100%)
[9.200s][info][gc,heap     ] GC(0) O: Heap Statistics:
[9.200s][info][gc,heap     ] GC(0) O:                Mark Start          Mark End        Relocate Start      Relocate End           High               Low         
[9.200s][info][gc,heap     ] GC(0) O:  Capacity:      254M (99%)         254M (99%)         254M (99%)         254M (99%)         254M (99%)         254M (99%)    
[9.200s][info][gc,heap     ] GC(0) O:      Free:      230M (90%)         230M (90%)         230M (90%)         230M (90%)         230M (90%)         224M (88%)    
[9.200s][info][gc,heap     ] GC(0) O:      Used:       26M (10%)          26M (10%)          26M (10%)          26M (10%)          32M (12%)          26M (10%)    
[9.200s][info][gc,heap     ] GC(0) O: Old Generation Statistics:
[9.200s][info][gc,heap     ] GC(0) O:                Mark Start          Mark End        Relocate Start      Relocate End    
[9.200s][info][gc,heap     ] GC(0) O:      Used:        0M (0%)            0M (0%)            0M (0%)            0M (0%)     
[9.200s][info][gc,heap     ] GC(0) O:      Live:         -                 0M (0%)            0M (0%)            0M (0%)     
[9.200s][info][gc,heap     ] GC(0) O:   Garbage:         -                 0M (0%)            0M (0%)            0M (0%)     
[9.200s][info][gc,heap     ] GC(0) O: Allocated:         -                 0M (0%)            0M (0%)            0M (0%)     
[9.200s][info][gc,heap     ] GC(0) O: Reclaimed:         -                  -                 0M (0%)            0M (0%)     
[9.200s][info][gc,heap     ] GC(0) O: Compacted:         -                  -                  -                 0M (0%)     
[9.200s][info][gc,phases   ] GC(0) O: Old Generation 26M(10%)->26M(10%) 0.001s
[9.200s][info][gc          ] GC(0) Major Collection (Warmup) 26M(10%)->26M(10%) 0.006s
[22.349s][info][gc          ] GC(1) Major Collection (Warmup)
[22.349s][info][gc,task     ] GC(1) Using 2 Workers for Young Generation
[22.349s][info][gc,task     ] GC(1) Using 1 Workers for Old Generation
[22.349s][info][gc,phases   ] GC(1) Y: Young Generation
[22.349s][info][gc,phases   ] GC(1) Y: Pause Mark Start (Major) 0.011ms
[22.352s][info][gc,phases   ] GC(1) Y: Concurrent Mark 3.189ms
[22.353s][info][gc,phases   ] GC(1) Y: Pause Mark End 0.008ms
[22.353s][info][gc,phases   ] GC(1) Y: Concurrent Mark Free 0.002ms
[22.353s][info][gc,phases   ] GC(1) Y: Concurrent Reset Relocation Set 0.001ms
[22.353s][info][gc,reloc    ] GC(1) Y: Using tenuring threshold: 1 (Computed)
[22.353s][info][gc,phases   ] GC(1) Y: Concurrent Select Relocation Set 0.846ms
[22.353s][info][gc,phases   ] GC(1) Y: Pause Relocate Start 0.005ms
[22.355s][info][gc,phases   ] GC(1) Y: Concurrent Relocate 1.956ms
[22.356s][info][gc,alloc    ] GC(1) Y:                         Mark Start        Mark End      Relocate Start    Relocate End   
[22.356s][info][gc,alloc    ] GC(1) Y: Allocation Stalls:          0                0                0                0         
[22.356s][info][gc,load     ] GC(1) Y: Load: 0.00 (0%) / 0.00 (0%) / 0.00 (0%)
[22.356s][info][gc,mmu      ] GC(1) Y: MMU: 2ms/99.1%, 5ms/99.2%, 10ms/99.6%, 20ms/99.8%, 50ms/99.9%, 100ms/100.0%
[22.356s][info][gc,marking  ] GC(1) Y: Mark: 2 stripe(s), 2 proactive flush(es), 1 terminate flush(es), 0 completion(s), 0 continuation(s) 
[22.356s][info][gc,nmethod  ] GC(1) Y: NMethods: 420 registered, 20 unregistered
[22.356s][info][gc,metaspace] GC(1) Y: Metaspace: 0M used, 1M committed, 1088M reserved
[22.356s][info][gc,reloc    ] GC(1) Y:                        Candidates     Selected     In-Place         Size        Empty    Relocated 
[22.356s][info][gc,reloc    ] GC(1) Y: Small Pages:                    3            2            0           6M           0M           1M 
[22.356s][info][gc,reloc    ] GC(1) Y: Medium Pages:                   0            0            0           0M           0M           0M 
[22.356s][info][gc,reloc    ] GC(1) Y: Large Pages:                   23            0            0          46M           0M           0M 
[22.356s][info][gc,reloc    ] GC(1) Y: Forwarding Usage: 0M
[22.356s][info][gc,reloc    ] GC(1) Y: Age Table:
[22.356s][info][gc,reloc    ] GC(1) Y:                    Live             Garbage             Small              Medium             Large        
[22.356s][info][gc,reloc    ] GC(1) Y: Eden              26M (10%)           1M (1%)           1 / 0              0 / 0             13 / 0        
[22.356s][info][gc,reloc    ] GC(1) Y: Survivor 1        21M (8%)            2M (1%)           2 / 2              0 / 0             10 / 0        
[22.356s][info][gc,heap     ] GC(1) Y: Min Capacity: 8M(3%)
[22.356s][info][gc,heap     ] GC(1) Y: Max Capacity: 256M(100%)
[22.356s][info][gc,heap     ] GC(1) Y: Soft Max Capacity: 256M(100%)
[22.356s][info][gc,heap     ] GC(1) Y: Heap Statistics:
[22.356s][info][gc,heap     ] GC(1) Y:                Mark Start          Mark End        Relocate Start      Relocate End           High               Low         
[22.356s][info][gc,heap     ] GC(1) Y:  Capacity:      254M (99%)         254M (99%)         254M (99%)         254M (99%)         254M (99%)         254M (99%)    
[22.356s][info][gc,heap     ] GC(1) Y:      Free:      204M (80%)         202M (79%)         202M (79%)         202M (79%)         204M (80%)         198M (77%)    
[22.356s][info][gc,heap     ] GC(1) Y:      Used:       52M (20%)          54M (21%)          54M (21%)          54M (21%)          58M (23%)          52M (20%)    
[22.356s][info][gc,heap     ] GC(1) Y: Young Generation Statistics:
[22.356s][info][gc,heap     ] GC(1) Y:                Mark Start          Mark End        Relocate Start      Relocate End    
[22.356s][info][gc,heap     ] GC(1) Y:      Used:       52M (20%)          54M (21%)          34M (13%)          30M (12%)    
[22.356s][info][gc,heap     ] GC(1) Y:      Live:         -                47M (19%)          27M (11%)          26M (10%)    
[22.356s][info][gc,heap     ] GC(1) Y:   Garbage:         -                 4M (2%)            4M (2%)            0M (0%)     
[22.356s][info][gc,heap     ] GC(1) Y: Allocated:         -                 2M (1%)            2M (1%)            3M (2%)     
[22.356s][info][gc,heap     ] GC(1) Y: Reclaimed:         -                  -                 0M (0%)            4M (2%)     
[22.356s][info][gc,heap     ] GC(1) Y:  Promoted:         -                  -                20M (8%)           21M (8%)     
[22.356s][info][gc,heap     ] GC(1) Y: Compacted:         -                  -                  -                 0M (0%)     
[22.356s][info][gc,phases   ] GC(1) Y: Young Generation 52M(20%)->54M(21%) 0.006s
[22.356s][info][gc,phases   ] GC(1) O: Old Generation
[22.356s][info][gc,phases   ] GC(1) O: Concurrent Mark 0.183ms
[22.356s][info][gc,phases   ] GC(1) O: Pause Mark End 0.006ms
[22.356s][info][gc,phases   ] GC(1) O: Concurrent Mark Free 0.000ms
[22.357s][info][gc,phases   ] GC(1) O: Concurrent Process Non-Strong 0.781ms
[22.357s][info][gc,phases   ] GC(1) O: Concurrent Reset Relocation Set 0.000ms
[22.357s][info][gc,phases   ] GC(1) O: Concurrent Select Relocation Set 0.022ms
[22.357s][info][gc,task     ] GC(1) O: Using 2 Workers for Old Generation
[22.358s][info][gc,task     ] GC(1) O: Using 1 Workers for Old Generation
[22.358s][info][gc,phases   ] GC(1) O: Concurrent Remap Roots 0.638ms
[22.358s][info][gc,phases   ] GC(1) O: Pause Relocate Start 0.005ms
[22.358s][info][gc,phases   ] GC(1) O: Concurrent Relocate 0.029ms
[22.358s][info][gc,alloc    ] GC(1) O:                         Mark Start        Mark End      Relocate Start    Relocate End   
[22.358s][info][gc,alloc    ] GC(1) O: Allocation Stalls:          0                0                0                0         
[22.358s][info][gc,load     ] GC(1) O: Load: 0.00 (0%) / 0.00 (0%) / 0.00 (0%)
[22.358s][info][gc,mmu      ] GC(1) O: MMU: 2ms/99.1%, 5ms/99.2%, 10ms/99.6%, 20ms/99.8%, 50ms/99.9%, 100ms/100.0%
[22.358s][info][gc,marking  ] GC(1) O: Mark: 1 stripe(s), 1 proactive flush(es), 1 terminate flush(es), 0 completion(s), 0 continuation(s) 
[22.358s][info][gc,nmethod  ] GC(1) O: NMethods: 419 registered, 21 unregistered
[22.358s][info][gc,metaspace] GC(1) O: Metaspace: 0M used, 1M committed, 1088M reserved
[22.358s][info][gc,ref      ] GC(1) O:                       Encountered   Discovered     Enqueued 
[22.358s][info][gc,ref      ] GC(1) O: Soft References:               92            0            0 
[22.358s][info][gc,ref      ] GC(1) O: Weak References:              185            0            0 
[22.358s][info][gc,ref      ] GC(1) O: Final References:               0            0            0 
[22.358s][info][gc,ref      ] GC(1) O: Phantom References:             8            0            0 
[22.358s][info][gc,heap     ] GC(1) O: Min Capacity: 8M(3%)
[22.358s][info][gc,heap     ] GC(1) O: Max Capacity: 256M(100%)
[22.358s][info][gc,heap     ] GC(1) O: Soft Max Capacity: 256M(100%)
[22.358s][info][gc,heap     ] GC(1) O: Heap Statistics:
[22.358s][info][gc,heap     ] GC(1) O:                Mark Start          Mark End        Relocate Start      Relocate End           High               Low         
[22.358s][info][gc,heap     ] GC(1) O:  Capacity:      254M (99%)         254M (99%)         254M (99%)         254M (99%)         254M (99%)         254M (99%)    
[22.358s][info][gc,heap     ] GC(1) O:      Free:      204M (80%)         202M (79%)         202M (79%)         202M (79%)         204M (80%)         198M (77%)    
[22.358s][info][gc,heap     ] GC(1) O:      Used:       52M (20%)          54M (21%)          54M (21%)          54M (21%)          58M (23%)          52M (20%)    
[22.358s][info][gc,heap     ] GC(1) O: Old Generation Statistics:
[22.358s][info][gc,heap     ] GC(1) O:                Mark Start          Mark End        Relocate Start      Relocate End    
[22.358s][info][gc,heap     ] GC(1) O:      Used:        0M (0%)           24M (9%)           24M (9%)           24M (9%)     
[22.358s][info][gc,heap     ] GC(1) O:      Live:         -                 0M (0%)            0M (0%)            0M (0%)     
[22.358s][info][gc,heap     ] GC(1) O:   Garbage:         -                 0M (0%)            0M (0%)            0M (0%)     
[22.358s][info][gc,heap     ] GC(1) O: Allocated:         -                24M (9%)           24M (9%)           24M (9%)     
[22.358s][info][gc,heap     ] GC(1) O: Reclaimed:         -                  -                 0M (0%)            0M (0%)     
[22.358s][info][gc,heap     ] GC(1) O: Compacted:         -                  -                  -                 0M (0%)     
[22.358s][info][gc,phases   ] GC(1) O: Old Generation 54M(21%)->54M(21%) 0.002s
[22.358s][info][gc          ] GC(1) Major Collection (Warmup) 52M(20%)->54M(21%) 0.009s
[34.458s][info][gc          ] GC(2) Major Collection (Warmup)
[34.458s][info][gc,task     ] GC(2) Using 2 Workers for Young Generation
[34.458s][info][gc,task     ] GC(2) Using 1 Workers for Old Generation
[34.458s][info][gc,phases   ] GC(2) Y: Young Generation
[34.459s][info][gc,phases   ] GC(2) Y: Pause Mark Start (Major) 0.013ms
[34.460s][info][gc,phases   ] GC(2) Y: Concurrent Mark 1.003ms
[34.460s][info][gc,phases   ] GC(2) Y: Pause Mark End 0.008ms
[34.460s][info][gc,phases   ] GC(2) Y: Concurrent Mark Free 0.001ms
[34.460s][info][gc,phases   ] GC(2) Y: Concurrent Reset Relocation Set 0.002ms
[34.460s][info][gc,reloc    ] GC(2) Y: Using tenuring threshold: 1 (Computed)
[34.460s][info][gc,phases   ] GC(2) Y: Concurrent Select Relocation Set 0.231ms
[34.460s][info][gc,phases   ] GC(2) Y: Pause Relocate Start 0.005ms
[34.460s][info][gc,phases   ] GC(2) Y: Concurrent Relocate 0.074ms
[34.460s][info][gc,alloc    ] GC(2) Y:                         Mark Start        Mark End      Relocate Start    Relocate End   
[34.460s][info][gc,alloc    ] GC(2) Y: Allocation Stalls:          0                0                0                0         
[34.460s][info][gc,load     ] GC(2) Y: Load: 0.00 (0%) / 0.00 (0%) / 0.00 (0%)
[34.460s][info][gc,mmu      ] GC(2) Y: MMU: 2ms/98.7%, 5ms/99.2%, 10ms/99.6%, 20ms/99.8%, 50ms/99.9%, 100ms/100.0%
[34.460s][info][gc,marking  ] GC(2) Y: Mark: 2 stripe(s), 2 proactive flush(es), 1 terminate flush(es), 0 completion(s), 0 continuation(s) 
[34.460s][info][gc,nmethod  ] GC(2) Y: NMethods: 424 registered, 21 unregistered
[34.460s][info][gc,metaspace] GC(2) Y: Metaspace: 0M used, 1M committed, 1088M reserved
[34.460s][info][gc,reloc    ] GC(2) Y:                        Candidates     Selected     In-Place         Size        Empty    Relocated 
[34.460s][info][gc,reloc    ] GC(2) Y: Small Pages:                    2            1            0           4M           0M           0M 
[34.460s][info][gc,reloc    ] GC(2) Y: Medium Pages:                   0            0            0           0M           0M           0M 
[34.460s][info][gc,reloc    ] GC(2) Y: Large Pages:                   25            0            0          50M           0M           0M 
[34.460s][info][gc,reloc    ] GC(2) Y: Forwarding Usage: 0M
[34.460s][info][gc,reloc    ] GC(2) Y: Age Table:
[34.460s][info][gc,reloc    ] GC(2) Y:                    Live             Garbage             Small              Medium             Large        
[34.460s][info][gc,reloc    ] GC(2) Y: Eden              24M (9%)            1M (1%)           1 / 0              0 / 0             12 / 0        
[34.460s][info][gc,reloc    ] GC(2) Y: Survivor 1        26M (10%)           1M (1%)           1 / 1              0 / 0             13 / 0        
[34.460s][info][gc,heap     ] GC(2) Y: Min Capacity: 8M(3%)
[34.460s][info][gc,heap     ] GC(2) Y: Max Capacity: 256M(100%)
[34.460s][info][gc,heap     ] GC(2) Y: Soft Max Capacity: 256M(100%)
[34.460s][info][gc,heap     ] GC(2) Y: Heap Statistics:
[34.460s][info][gc,heap     ] GC(2) Y:                Mark Start          Mark End        Relocate Start      Relocate End           High               Low         
[34.460s][info][gc,heap     ] GC(2) Y:  Capacity:      254M (99%)         254M (99%)         254M (99%)         254M (99%)         254M (99%)         254M (99%)    
[34.460s][info][gc,heap     ] GC(2) Y:      Free:      178M (70%)         176M (69%)         176M (69%)         176M (69%)         178M (70%)         172M (67%)    
[34.460s][info][gc,heap     ] GC(2) Y:      Used:       78M (30%)          80M (31%)          80M (31%)          80M (31%)          84M (33%)          78M (30%)    
[34.460s][info][gc,heap     ] GC(2) Y: Young Generation Statistics:
[34.460s][info][gc,heap     ] GC(2) Y:                Mark Start          Mark End        Relocate Start      Relocate End    
[34.460s][info][gc,heap     ] GC(2) Y:      Used:       54M (21%)          56M (22%)          30M (12%)          28M (11%)    
[34.460s][info][gc,heap     ] GC(2) Y:      Live:         -                50M (20%)          24M (9%)           24M (9%)     
[34.460s][info][gc,heap     ] GC(2) Y:   Garbage:         -                 3M (2%)            3M (2%)            0M (0%)     
[34.460s][info][gc,heap     ] GC(2) Y: Allocated:         -                 2M (1%)            2M (1%)            3M (2%)     
[34.460s][info][gc,heap     ] GC(2) Y: Reclaimed:         -                  -                 0M (0%)            3M (2%)     
[34.460s][info][gc,heap     ] GC(2) Y:  Promoted:         -                  -                26M (10%)          26M (10%)    
[34.460s][info][gc,heap     ] GC(2) Y: Compacted:         -                  -                  -                 0M (0%)     
[34.460s][info][gc,phases   ] GC(2) Y: Young Generation 78M(30%)->80M(31%) 0.002s
[34.460s][info][gc,phases   ] GC(2) O: Old Generation
[34.463s][info][gc,phases   ] GC(2) O: Concurrent Mark 2.545ms
[34.463s][info][gc,phases   ] GC(2) O: Pause Mark End 0.006ms
[34.463s][info][gc,phases   ] GC(2) O: Concurrent Mark Free 0.001ms
[34.464s][info][gc,phases   ] GC(2) O: Concurrent Process Non-Strong 0.525ms
[34.464s][info][gc,phases   ] GC(2) O: Concurrent Reset Relocation Set 0.000ms
[34.464s][info][gc,phases   ] GC(2) O: Concurrent Select Relocation Set 0.076ms
[34.464s][info][gc,task     ] GC(2) O: Using 2 Workers for Old Generation
[34.464s][info][gc,task     ] GC(2) O: Using 1 Workers for Old Generation
[34.464s][info][gc,phases   ] GC(2) O: Concurrent Remap Roots 0.244ms
[34.464s][info][gc,phases   ] GC(2) O: Pause Relocate Start 0.004ms
[34.466s][info][gc,phases   ] GC(2) O: Concurrent Relocate 2.073ms
[34.466s][info][gc,alloc    ] GC(2) O:                         Mark Start        Mark End      Relocate Start    Relocate End   
[34.466s][info][gc,alloc    ] GC(2) O: Allocation Stalls:          0                0                0                0         
[34.466s][info][gc,load     ] GC(2) O: Load: 0.00 (0%) / 0.00 (0%) / 0.00 (0%)
[34.466s][info][gc,mmu      ] GC(2) O: MMU: 2ms/98.7%, 5ms/99.2%, 10ms/99.6%, 20ms/99.8%, 50ms/99.9%, 100ms/100.0%
[34.466s][info][gc,marking  ] GC(2) O: Mark: 1 stripe(s), 2 proactive flush(es), 1 terminate flush(es), 0 completion(s), 0 continuation(s) 
[34.466s][info][gc,nmethod  ] GC(2) O: NMethods: 423 registered, 22 unregistered
[34.466s][info][gc,metaspace] GC(2) O: Metaspace: 0M used, 1M committed, 1088M reserved
[34.466s][info][gc,ref      ] GC(2) O:                       Encountered   Discovered     Enqueued 
[34.466s][info][gc,ref      ] GC(2) O: Soft References:               92            0            0 
[34.466s][info][gc,ref      ] GC(2) O: Weak References:              185          151           32 
[34.466s][info][gc,ref      ] GC(2) O: Final References:               0            0            0 
[34.466s][info][gc,ref      ] GC(2) O: Phantom References:             8            6            0 
[34.466s][info][gc,reloc    ] GC(2) O:                        Candidates     Selected     In-Place         Size        Empty    Relocated 
[34.466s][info][gc,reloc    ] GC(2) O: Small Pages:                    2            1            0           4M           0M           1M 
[34.466s][info][gc,reloc    ] GC(2) O: Medium Pages:                   0            0            0           0M           0M           0M 
[34.466s][info][gc,reloc    ] GC(2) O: Large Pages:                   10            0            0          20M           0M           0M 
[34.466s][info][gc,reloc    ] GC(2) O: Forwarding Usage: 0M
[34.466s][info][gc,heap     ] GC(2) O: Min Capacity: 8M(3%)
[34.466s][info][gc,heap     ] GC(2) O: Max Capacity: 256M(100%)
[34.466s][info][gc,heap     ] GC(2) O: Soft Max Capacity: 256M(100%)
[34.466s][info][gc,heap     ] GC(2) O: Heap Statistics:
[34.466s][info][gc,heap     ] GC(2) O:                Mark Start          Mark End        Relocate Start      Relocate End           High               Low         
[34.466s][info][gc,heap     ] GC(2) O:  Capacity:      254M (99%)         254M (99%)         254M (99%)         254M (99%)         254M (99%)         254M (99%)    
[34.466s][info][gc,heap     ] GC(2) O:      Free:      178M (70%)         176M (69%)         176M (69%)         178M (70%)         178M (70%)         172M (67%)    
[34.466s][info][gc,heap     ] GC(2) O:      Used:       78M (30%)          80M (31%)          80M (31%)          78M (30%)          84M (33%)          78M (30%)    
[34.466s][info][gc,heap     ] GC(2) O: Old Generation Statistics:
[34.466s][info][gc,heap     ] GC(2) O:                Mark Start          Mark End        Relocate Start      Relocate End    
[34.466s][info][gc,heap     ] GC(2) O:      Used:       24M (9%)           52M (20%)          52M (20%)          50M (20%)    
[34.466s][info][gc,heap     ] GC(2) O:      Live:         -                21M (8%)           21M (8%)           21M (8%)     
[34.466s][info][gc,heap     ] GC(2) O:   Garbage:         -                 2M (1%)            2M (1%)            0M (0%)     
[34.466s][info][gc,heap     ] GC(2) O: Allocated:         -                28M (11%)          28M (11%)          28M (11%)    
[34.466s][info][gc,heap     ] GC(2) O: Reclaimed:         -                  -                 0M (0%)            2M (1%)     
[34.466s][info][gc,heap     ] GC(2) O: Compacted:         -                  -                  -                 1M (1%)     
[34.466s][info][gc,phases   ] GC(2) O: Old Generation 80M(31%)->78M(30%) 0.006s
[34.466s][info][gc          ] GC(2) Major Collection (Warmup) 78M(30%)->78M(30%) 0.008s
[47.609s][info][gc          ] GC(3) Major Collection (Proactive)
[47.609s][info][gc,task     ] GC(3) Using 1 Workers for Young Generation
[47.609s][info][gc,task     ] GC(3) Using 1 Workers for Old Generation
[47.609s][info][gc,phases   ] GC(3) Y: Young Generation
[47.609s][info][gc,phases   ] GC(3) Y: Pause Mark Start (Major) 0.011ms
[47.610s][info][gc,phases   ] GC(3) Y: Concurrent Mark 1.285ms
[47.610s][info][gc,phases   ] GC(3) Y: Pause Mark End 0.009ms
[47.610s][info][gc,phases   ] GC(3) Y: Concurrent Mark Free 0.001ms
[47.610s][info][gc,phases   ] GC(3) Y: Concurrent Reset Relocation Set 0.005ms
[47.610s][info][gc,reloc    ] GC(3) Y: Using tenuring threshold: 1 (Computed)
[47.611s][info][gc,phases   ] GC(3) Y: Concurrent Select Relocation Set 0.373ms
[47.611s][info][gc,phases   ] GC(3) Y: Pause Relocate Start 0.008ms
[47.611s][info][gc,phases   ] GC(3) Y: Concurrent Relocate 0.050ms
[47.611s][info][gc,alloc    ] GC(3) Y:                         Mark Start        Mark End      Relocate Start    Relocate End   
[47.611s][info][gc,alloc    ] GC(3) Y: Allocation Stalls:          0                0                0                0         
[47.611s][info][gc,load     ] GC(3) Y: Load: 0.00 (0%) / 0.00 (0%) / 0.00 (0%)
[47.611s][info][gc,mmu      ] GC(3) Y: MMU: 2ms/98.6%, 5ms/99.2%, 10ms/99.6%, 20ms/99.8%, 50ms/99.9%, 100ms/100.0%
[47.611s][info][gc,marking  ] GC(3) Y: Mark: 1 stripe(s), 2 proactive flush(es), 1 terminate flush(es), 0 completion(s), 0 continuation(s) 
[47.611s][info][gc,nmethod  ] GC(3) Y: NMethods: 437 registered, 22 unregistered
[47.611s][info][gc,metaspace] GC(3) Y: Metaspace: 0M used, 1M committed, 1088M reserved
[47.611s][info][gc,reloc    ] GC(3) Y:                        Candidates     Selected     In-Place         Size        Empty    Relocated 
[47.611s][info][gc,reloc    ] GC(3) Y: Small Pages:                    2            0            0           4M           2M           0M 
[47.611s][info][gc,reloc    ] GC(3) Y: Medium Pages:                   0            0            0           0M           0M           0M 
[47.611s][info][gc,reloc    ] GC(3) Y: Large Pages:                   25            0            0          50M           0M           0M 
[47.611s][info][gc,reloc    ] GC(3) Y: Forwarding Usage: 0M
[47.611s][info][gc,reloc    ] GC(3) Y: Age Table:
[47.611s][info][gc,reloc    ] GC(3) Y:                    Live             Garbage             Small              Medium             Large        
[47.611s][info][gc,reloc    ] GC(3) Y: Eden              26M (10%)           2M (1%)           1 / 0              0 / 0             13 / 0        
[47.611s][info][gc,reloc    ] GC(3) Y: Survivor 1        24M (9%)            1M (1%)           1 / 0              0 / 0             12 / 0        
[47.611s][info][gc,heap     ] GC(3) Y: Min Capacity: 8M(3%)
[47.611s][info][gc,heap     ] GC(3) Y: Max Capacity: 256M(100%)
[47.611s][info][gc,heap     ] GC(3) Y: Soft Max Capacity: 256M(100%)
[47.611s][info][gc,heap     ] GC(3) Y: Heap Statistics:
[47.611s][info][gc,heap     ] GC(3) Y:                Mark Start          Mark End        Relocate Start      Relocate End           High               Low         
[47.611s][info][gc,heap     ] GC(3) Y:  Capacity:      254M (99%)         254M (99%)         254M (99%)         254M (99%)         254M (99%)         254M (99%)    
[47.611s][info][gc,heap     ] GC(3) Y:      Free:      152M (59%)         150M (59%)         152M (59%)         152M (59%)         152M (59%)         150M (59%)    
[47.611s][info][gc,heap     ] GC(3) Y:      Used:      104M (41%)         106M (41%)         104M (41%)         104M (41%)         106M (41%)         104M (41%)    
[47.611s][info][gc,heap     ] GC(3) Y: Young Generation Statistics:
[47.611s][info][gc,heap     ] GC(3) Y:                Mark Start          Mark End        Relocate Start      Relocate End    
[47.611s][info][gc,heap     ] GC(3) Y:      Used:       54M (21%)          56M (22%)          28M (11%)          28M (11%)    
[47.611s][info][gc,heap     ] GC(3) Y:      Live:         -                50M (20%)          26M (10%)          26M (10%)    
[47.611s][info][gc,heap     ] GC(3) Y:   Garbage:         -                 3M (2%)            0M (0%)            0M (0%)     
[47.611s][info][gc,heap     ] GC(3) Y: Allocated:         -                 2M (1%)            2M (1%)            2M (1%)     
[47.611s][info][gc,heap     ] GC(3) Y: Reclaimed:         -                  -                 3M (2%)            3M (2%)     
[47.611s][info][gc,heap     ] GC(3) Y:  Promoted:         -                  -                24M (9%)           24M (9%)     
[47.611s][info][gc,heap     ] GC(3) Y: Compacted:         -                  -                  -                 0M (0%)     
[47.611s][info][gc,phases   ] GC(3) Y: Young Generation 104M(41%)->104M(41%) 0.002s
[47.611s][info][gc,phases   ] GC(3) O: Old Generation
[47.615s][info][gc,phases   ] GC(3) O: Concurrent Mark 3.746ms
[47.615s][info][gc,phases   ] GC(3) O: Pause Mark End 0.008ms
[47.615s][info][gc,phases   ] GC(3) O: Concurrent Mark Free 0.000ms
[47.616s][info][gc,phases   ] GC(3) O: Concurrent Process Non-Strong 0.551ms
[47.616s][info][gc,phases   ] GC(3) O: Concurrent Reset Relocation Set 0.001ms
[47.616s][info][gc,phases   ] GC(3) O: Concurrent Select Relocation Set 0.037ms
[47.616s][info][gc,task     ] GC(3) O: Using 2 Workers for Old Generation
[47.616s][info][gc,task     ] GC(3) O: Using 1 Workers for Old Generation
[47.616s][info][gc,phases   ] GC(3) O: Concurrent Remap Roots 0.280ms
[47.616s][info][gc,phases   ] GC(3) O: Pause Relocate Start 0.004ms
[47.618s][info][gc,phases   ] GC(3) O: Concurrent Relocate 1.599ms
[47.618s][info][gc,alloc    ] GC(3) O:                         Mark Start        Mark End      Relocate Start    Relocate End   
[47.618s][info][gc,alloc    ] GC(3) O: Allocation Stalls:          0                0                0                0         
[47.618s][info][gc,load     ] GC(3) O: Load: 0.00 (0%) / 0.00 (0%) / 0.00 (0%)
[47.618s][info][gc,mmu      ] GC(3) O: MMU: 2ms/98.6%, 5ms/99.2%, 10ms/99.6%, 20ms/99.8%, 50ms/99.9%, 100ms/100.0%
[47.618s][info][gc,marking  ] GC(3) O: Mark: 1 stripe(s), 2 proactive flush(es), 1 terminate flush(es), 0 completion(s), 0 continuation(s) 
[47.618s][info][gc,nmethod  ] GC(3) O: NMethods: 437 registered, 22 unregistered
[47.618s][info][gc,metaspace] GC(3) O: Metaspace: 0M used, 1M committed, 1088M reserved
[47.618s][info][gc,ref      ] GC(3) O:                       Encountered   Discovered     Enqueued 
[47.618s][info][gc,ref      ] GC(3) O: Soft References:               92            0            0 
[47.618s][info][gc,ref      ] GC(3) O: Weak References:              153          119            0 
[47.618s][info][gc,ref      ] GC(3) O: Final References:               0            0            0 
[47.618s][info][gc,ref      ] GC(3) O: Phantom References:             8            6            0 
[47.618s][info][gc,reloc    ] GC(3) O:                        Candidates     Selected     In-Place         Size        Empty    Relocated 
[47.618s][info][gc,reloc    ] GC(3) O: Small Pages:                    2            1            0           4M           0M           1M 
[47.618s][info][gc,reloc    ] GC(3) O: Medium Pages:                   0            0            0           0M           0M           0M 
[47.618s][info][gc,reloc    ] GC(3) O: Large Pages:                   23            0            0          46M           0M           0M 
[47.618s][info][gc,reloc    ] GC(3) O: Forwarding Usage: 0M
[47.618s][info][gc,heap     ] GC(3) O: Min Capacity: 8M(3%)
[47.618s][info][gc,heap     ] GC(3) O: Max Capacity: 256M(100%)
[47.618s][info][gc,heap     ] GC(3) O: Soft Max Capacity: 256M(100%)
[47.618s][info][gc,heap     ] GC(3) O: Heap Statistics:
[47.618s][info][gc,heap     ] GC(3) O:                Mark Start          Mark End        Relocate Start      Relocate End           High               Low         
[47.618s][info][gc,heap     ] GC(3) O:  Capacity:      254M (99%)         254M (99%)         254M (99%)         254M (99%)         254M (99%)         254M (99%)    
[47.618s][info][gc,heap     ] GC(3) O:      Free:      152M (59%)         152M (59%)         152M (59%)         154M (60%)         154M (60%)         150M (59%)    
[47.618s][info][gc,heap     ] GC(3) O:      Used:      104M (41%)         104M (41%)         104M (41%)         102M (40%)         106M (41%)         102M (40%)    
[47.618s][info][gc,heap     ] GC(3) O: Old Generation Statistics:
[47.618s][info][gc,heap     ] GC(3) O:                Mark Start          Mark End        Relocate Start      Relocate End    
[47.618s][info][gc,heap     ] GC(3) O:      Used:       50M (20%)          76M (30%)          76M (30%)          74M (29%)    
[47.618s][info][gc,heap     ] GC(3) O:      Live:         -                47M (19%)          47M (19%)          47M (19%)    
[47.618s][info][gc,heap     ] GC(3) O:   Garbage:         -                 2M (1%)            2M (1%)            0M (0%)     
[47.618s][info][gc,heap     ] GC(3) O: Allocated:         -                26M (10%)          26M (10%)          26M (10%)    
[47.618s][info][gc,heap     ] GC(3) O: Reclaimed:         -                  -                 0M (0%)            2M (1%)     
[47.618s][info][gc,heap     ] GC(3) O: Compacted:         -                  -                  -                 1M (1%)     
[47.618s][info][gc,phases   ] GC(3) O: Old Generation 104M(41%)->102M(40%) 0.006s
[47.618s][info][gc          ] GC(3) Major Collection (Proactive) 104M(41%)->102M(40%) 0.009s
[60.743s][info][gc          ] GC(4) Major Collection (Proactive)
[60.743s][info][gc,task     ] GC(4) Using 1 Workers for Young Generation
[60.743s][info][gc,task     ] GC(4) Using 1 Workers for Old Generation
[60.743s][info][gc,phases   ] GC(4) Y: Young Generation
[60.743s][info][gc,phases   ] GC(4) Y: Pause Mark Start (Major) 0.014ms
[60.744s][info][gc,phases   ] GC(4) Y: Concurrent Mark 1.402ms
[60.744s][info][gc,phases   ] GC(4) Y: Pause Mark End 0.006ms
[60.744s][info][gc,phases   ] GC(4) Y: Concurrent Mark Free 0.001ms
[60.744s][info][gc,phases   ] GC(4) Y: Concurrent Reset Relocation Set 0.004ms
[60.744s][info][gc,reloc    ] GC(4) Y: Using tenuring threshold: 1 (Computed)
[60.745s][info][gc,phases   ] GC(4) Y: Concurrent Select Relocation Set 0.261ms
[60.745s][info][gc,phases   ] GC(4) Y: Pause Relocate Start 0.005ms
[60.745s][info][gc,phases   ] GC(4) Y: Concurrent Relocate 0.045ms
[60.745s][info][gc,alloc    ] GC(4) Y:                         Mark Start        Mark End      Relocate Start    Relocate End   
[60.745s][info][gc,alloc    ] GC(4) Y: Allocation Stalls:          0                0                0                0         
[60.745s][info][gc,load     ] GC(4) Y: Load: 0.00 (0%) / 0.00 (0%) / 0.00 (0%)
[60.745s][info][gc,mmu      ] GC(4) Y: MMU: 2ms/98.6%, 5ms/99.2%, 10ms/99.6%, 20ms/99.8%, 50ms/99.9%, 100ms/100.0%
[60.745s][info][gc,marking  ] GC(4) Y: Mark: 1 stripe(s), 2 proactive flush(es), 1 terminate flush(es), 0 completion(s), 0 continuation(s) 
[60.745s][info][gc,nmethod  ] GC(4) Y: NMethods: 440 registered, 22 unregistered
[60.745s][info][gc,metaspace] GC(4) Y: Metaspace: 0M used, 1M committed, 1088M reserved
[60.745s][info][gc,reloc    ] GC(4) Y:                        Candidates     Selected     In-Place         Size        Empty    Relocated 
[60.745s][info][gc,reloc    ] GC(4) Y: Small Pages:                    1            0            0           2M           0M           0M 
[60.745s][info][gc,reloc    ] GC(4) Y: Medium Pages:                   0            0            0           0M           0M           0M 
[60.745s][info][gc,reloc    ] GC(4) Y: Large Pages:                   26            0            0          52M           0M           0M 
[60.745s][info][gc,reloc    ] GC(4) Y: Forwarding Usage: 0M
[60.745s][info][gc,reloc    ] GC(4) Y: Age Table:
[60.745s][info][gc,reloc    ] GC(4) Y:                    Live             Garbage             Small              Medium             Large        
[60.745s][info][gc,reloc    ] GC(4) Y: Eden              26M (10%)           1M (1%)           1 / 0              0 / 0             13 / 0        
[60.745s][info][gc,reloc    ] GC(4) Y: Survivor 1        26M (10%)           0M (0%)           0 / 0              0 / 0             13 / 0        
[60.745s][info][gc,heap     ] GC(4) Y: Min Capacity: 8M(3%)
[60.745s][info][gc,heap     ] GC(4) Y: Max Capacity: 256M(100%)
[60.745s][info][gc,heap     ] GC(4) Y: Soft Max Capacity: 256M(100%)
[60.745s][info][gc,heap     ] GC(4) Y: Heap Statistics:
[60.745s][info][gc,heap     ] GC(4) Y:                Mark Start          Mark End        Relocate Start      Relocate End           High               Low         
[60.745s][info][gc,heap     ] GC(4) Y:  Capacity:      254M (99%)         254M (99%)         254M (99%)         254M (99%)         254M (99%)         254M (99%)    
[60.745s][info][gc,heap     ] GC(4) Y:      Free:      128M (50%)         126M (49%)         126M (49%)         126M (49%)         128M (50%)         126M (49%)    
[60.745s][info][gc,heap     ] GC(4) Y:      Used:      128M (50%)         130M (51%)         130M (51%)         130M (51%)         130M (51%)         128M (50%)    
[60.745s][info][gc,heap     ] GC(4) Y: Young Generation Statistics:
[60.745s][info][gc,heap     ] GC(4) Y:                Mark Start          Mark End        Relocate Start      Relocate End    
[60.745s][info][gc,heap     ] GC(4) Y:      Used:       54M (21%)          56M (22%)          30M (12%)          30M (12%)    
[60.745s][info][gc,heap     ] GC(4) Y:      Live:         -                52M (20%)          26M (10%)          26M (10%)    
[60.745s][info][gc,heap     ] GC(4) Y:   Garbage:         -                 1M (1%)            1M (1%)            1M (1%)     
[60.745s][info][gc,heap     ] GC(4) Y: Allocated:         -                 2M (1%)            2M (1%)            2M (1%)     
[60.745s][info][gc,heap     ] GC(4) Y: Reclaimed:         -                  -                 0M (0%)            0M (0%)     
[60.745s][info][gc,heap     ] GC(4) Y:  Promoted:         -                  -                26M (10%)          26M (10%)    
[60.745s][info][gc,heap     ] GC(4) Y: Compacted:         -                  -                  -                 0M (0%)     
[60.745s][info][gc,phases   ] GC(4) Y: Young Generation 128M(50%)->130M(51%) 0.002s
[60.745s][info][gc,phases   ] GC(4) O: Old Generation
[60.749s][info][gc,phases   ] GC(4) O: Concurrent Mark 3.860ms
[60.749s][info][gc,phases   ] GC(4) O: Pause Mark End 0.008ms
[60.749s][info][gc,phases   ] GC(4) O: Concurrent Mark Free 0.002ms
[60.750s][info][gc,phases   ] GC(4) O: Concurrent Process Non-Strong 0.665ms
[60.750s][info][gc,phases   ] GC(4) O: Concurrent Reset Relocation Set 0.001ms
[60.750s][info][gc,phases   ] GC(4) O: Concurrent Select Relocation Set 0.123ms
[60.750s][info][gc,task     ] GC(4) O: Using 2 Workers for Old Generation
[60.750s][info][gc,task     ] GC(4) O: Using 1 Workers for Old Generation
[60.750s][info][gc,phases   ] GC(4) O: Concurrent Remap Roots 0.383ms
[60.750s][info][gc,phases   ] GC(4) O: Pause Relocate Start 0.005ms
[60.750s][info][gc,phases   ] GC(4) O: Concurrent Relocate 0.035ms
[60.750s][info][gc,alloc    ] GC(4) O:                         Mark Start        Mark End      Relocate Start    Relocate End   
[60.750s][info][gc,alloc    ] GC(4) O: Allocation Stalls:          0                0                0                0         
[60.750s][info][gc,load     ] GC(4) O: Load: 0.00 (0%) / 0.00 (0%) / 0.00 (0%)
[60.750s][info][gc,mmu      ] GC(4) O: MMU: 2ms/98.6%, 5ms/99.2%, 10ms/99.6%, 20ms/99.8%, 50ms/99.9%, 100ms/100.0%
[60.750s][info][gc,marking  ] GC(4) O: Mark: 1 stripe(s), 2 proactive flush(es), 1 terminate flush(es), 0 completion(s), 0 continuation(s) 
[60.750s][info][gc,nmethod  ] GC(4) O: NMethods: 440 registered, 22 unregistered
[60.750s][info][gc,metaspace] GC(4) O: Metaspace: 0M used, 1M committed, 1088M reserved
[60.750s][info][gc,ref      ] GC(4) O:                       Encountered   Discovered     Enqueued 
[60.750s][info][gc,ref      ] GC(4) O: Soft References:               92            0            0 
[60.750s][info][gc,ref      ] GC(4) O: Weak References:              153          119            0 
[60.750s][info][gc,ref      ] GC(4) O: Final References:               0            0            0 
[60.750s][info][gc,ref      ] GC(4) O: Phantom References:             8            6            0 
[60.750s][info][gc,reloc    ] GC(4) O:                        Candidates     Selected     In-Place         Size        Empty    Relocated 
[60.750s][info][gc,reloc    ] GC(4) O: Small Pages:                    2            0            0           4M           2M           0M 
[60.750s][info][gc,reloc    ] GC(4) O: Medium Pages:                   0            0            0           0M           0M           0M 
[60.751s][info][gc,reloc    ] GC(4) O: Large Pages:                   35            0            0          70M           0M           0M 
[60.751s][info][gc,reloc    ] GC(4) O: Forwarding Usage: 0M
[60.751s][info][gc,heap     ] GC(4) O: Min Capacity: 8M(3%)
[60.751s][info][gc,heap     ] GC(4) O: Max Capacity: 256M(100%)
[60.751s][info][gc,heap     ] GC(4) O: Soft Max Capacity: 256M(100%)
[60.751s][info][gc,heap     ] GC(4) O: Heap Statistics:
[60.751s][info][gc,heap     ] GC(4) O:                Mark Start          Mark End        Relocate Start      Relocate End           High               Low         
[60.751s][info][gc,heap     ] GC(4) O:  Capacity:      254M (99%)         254M (99%)         254M (99%)         254M (99%)         254M (99%)         254M (99%)    
[60.751s][info][gc,heap     ] GC(4) O:      Free:      128M (50%)         126M (49%)         128M (50%)         128M (50%)         128M (50%)         126M (49%)    
[60.751s][info][gc,heap     ] GC(4) O:      Used:      128M (50%)         130M (51%)         128M (50%)         128M (50%)         130M (51%)         128M (50%)    
[60.751s][info][gc,heap     ] GC(4) O: Old Generation Statistics:
[60.751s][info][gc,heap     ] GC(4) O:                Mark Start          Mark End        Relocate Start      Relocate End    
[60.751s][info][gc,heap     ] GC(4) O:      Used:       74M (29%)         100M (39%)          98M (38%)          98M (38%)    
[60.751s][info][gc,heap     ] GC(4) O:      Live:         -                71M (28%)          71M (28%)          71M (28%)    
[60.751s][info][gc,heap     ] GC(4) O:   Garbage:         -                 2M (1%)            0M (0%)            0M (0%)     
[60.751s][info][gc,heap     ] GC(4) O: Allocated:         -                26M (10%)          26M (10%)          26M (10%)    
[60.751s][info][gc,heap     ] GC(4) O: Reclaimed:         -                  -                 2M (1%)            2M (1%)     
[60.751s][info][gc,heap     ] GC(4) O: Compacted:         -                  -                  -                 0M (0%)     
[60.751s][info][gc,phases   ] GC(4) O: Old Generation 130M(51%)->128M(50%) 0.005s
[60.751s][info][gc          ] GC(4) Major Collection (Proactive) 128M(50%)->128M(50%) 0.008s
[73.879s][info][gc          ] GC(5) Major Collection (Proactive)
[73.879s][info][gc,task     ] GC(5) Using 1 Workers for Young Generation
[73.879s][info][gc,task     ] GC(5) Using 1 Workers for Old Generation
[73.879s][info][gc,phases   ] GC(5) Y: Young Generation
[73.879s][info][gc,phases   ] GC(5) Y: Pause Mark Start (Major) 0.012ms
[73.880s][info][gc,phases   ] GC(5) Y: Concurrent Mark 0.999ms
[73.880s][info][gc,phases   ] GC(5) Y: Pause Mark End 0.008ms
[73.880s][info][gc,phases   ] GC(5) Y: Concurrent Mark Free 0.001ms
[73.880s][info][gc,phases   ] GC(5) Y: Concurrent Reset Relocation Set 0.004ms
[73.880s][info][gc,reloc    ] GC(5) Y: Using tenuring threshold: 1 (Computed)
[73.880s][info][gc,phases   ] GC(5) Y: Concurrent Select Relocation Set 0.240ms
[73.880s][info][gc,phases   ] GC(5) Y: Pause Relocate Start 0.005ms
[73.880s][info][gc,phases   ] GC(5) Y: Concurrent Relocate 0.078ms
[73.880s][info][gc,alloc    ] GC(5) Y:                         Mark Start        Mark End      Relocate Start    Relocate End   
[73.881s][info][gc,alloc    ] GC(5) Y: Allocation Stalls:          0                0                0                0         
[73.881s][info][gc,load     ] GC(5) Y: Load: 0.00 (0%) / 0.00 (0%) / 0.00 (0%)
[73.881s][info][gc,mmu      ] GC(5) Y: MMU: 2ms/98.6%, 5ms/99.2%, 10ms/99.6%, 20ms/99.8%, 50ms/99.9%, 100ms/100.0%
[73.881s][info][gc,marking  ] GC(5) Y: Mark: 1 stripe(s), 2 proactive flush(es), 1 terminate flush(es), 0 completion(s), 0 continuation(s) 
[73.881s][info][gc,nmethod  ] GC(5) Y: NMethods: 454 registered, 22 unregistered
[73.881s][info][gc,metaspace] GC(5) Y: Metaspace: 1M used, 1M committed, 1088M reserved
[73.881s][info][gc,reloc    ] GC(5) Y:                        Candidates     Selected     In-Place         Size        Empty    Relocated 
[73.881s][info][gc,reloc    ] GC(5) Y: Small Pages:                    2            1            0           4M           0M           0M 
[73.881s][info][gc,reloc    ] GC(5) Y: Medium Pages:                   0            0            0           0M           0M           0M 
[73.881s][info][gc,reloc    ] GC(5) Y: Large Pages:                   26            0            0          52M           0M           0M 
[73.881s][info][gc,reloc    ] GC(5) Y: Forwarding Usage: 0M
[73.881s][info][gc,reloc    ] GC(5) Y: Age Table:
[73.881s][info][gc,reloc    ] GC(5) Y:                    Live             Garbage             Small              Medium             Large        
[73.881s][info][gc,reloc    ] GC(5) Y: Eden              26M (10%)           1M (1%)           1 / 1              0 / 0             13 / 0        
[73.881s][info][gc,reloc    ] GC(5) Y: Survivor 1        26M (10%)           1M (1%)           1 / 0              0 / 0             13 / 0        
[73.881s][info][gc,heap     ] GC(5) Y: Min Capacity: 8M(3%)
[73.881s][info][gc,heap     ] GC(5) Y: Max Capacity: 256M(100%)
[73.881s][info][gc,heap     ] GC(5) Y: Soft Max Capacity: 256M(100%)
[73.881s][info][gc,heap     ] GC(5) Y: Heap Statistics:
[73.881s][info][gc,heap     ] GC(5) Y:                Mark Start          Mark End        Relocate Start      Relocate End           High               Low         
[73.881s][info][gc,heap     ] GC(5) Y:  Capacity:      254M (99%)         254M (99%)         254M (99%)         254M (99%)         254M (99%)         254M (99%)    
[73.881s][info][gc,heap     ] GC(5) Y:      Free:      102M (40%)         100M (39%)         100M (39%)         100M (39%)         102M (40%)          98M (38%)    
[73.881s][info][gc,heap     ] GC(5) Y:      Used:      154M (60%)         156M (61%)         156M (61%)         156M (61%)         158M (62%)         154M (60%)    
[73.881s][info][gc,heap     ] GC(5) Y: Young Generation Statistics:
[73.881s][info][gc,heap     ] GC(5) Y:                Mark Start          Mark End        Relocate Start      Relocate End    
[73.881s][info][gc,heap     ] GC(5) Y:      Used:       56M (22%)          58M (23%)          32M (12%)          30M (12%)    
[73.881s][info][gc,heap     ] GC(5) Y:      Live:         -                52M (20%)          26M (10%)          26M (10%)    
[73.881s][info][gc,heap     ] GC(5) Y:   Garbage:         -                 3M (2%)            3M (2%)            0M (0%)     
[73.881s][info][gc,heap     ] GC(5) Y: Allocated:         -                 2M (1%)            2M (1%)            3M (2%)     
[73.881s][info][gc,heap     ] GC(5) Y: Reclaimed:         -                  -                 0M (0%)            3M (2%)     
[73.881s][info][gc,heap     ] GC(5) Y:  Promoted:         -                  -                26M (10%)          26M (10%)    
[73.881s][info][gc,heap     ] GC(5) Y: Compacted:         -                  -                  -                 0M (0%)     
[73.881s][info][gc,phases   ] GC(5) Y: Young Generation 154M(60%)->156M(61%) 0.002s
[73.881s][info][gc,phases   ] GC(5) O: Old Generation
[73.883s][info][gc,phases   ] GC(5) O: Concurrent Mark 2.561ms
[73.883s][info][gc,phases   ] GC(5) O: Pause Mark End 0.008ms
[73.883s][info][gc,phases   ] GC(5) O: Concurrent Mark Free 0.000ms
[73.884s][info][gc,phases   ] GC(5) O: Concurrent Process Non-Strong 0.704ms
[73.884s][info][gc,phases   ] GC(5) O: Concurrent Reset Relocation Set 0.000ms
[73.884s][info][gc,phases   ] GC(5) O: Concurrent Select Relocation Set 0.031ms
[73.884s][info][gc,task     ] GC(5) O: Using 2 Workers for Old Generation
[73.885s][info][gc,task     ] GC(5) O: Using 1 Workers for Old Generation
[73.885s][info][gc,phases   ] GC(5) O: Concurrent Remap Roots 0.403ms
[73.885s][info][gc,phases   ] GC(5) O: Pause Relocate Start 0.005ms
[73.885s][info][gc,phases   ] GC(5) O: Concurrent Relocate 0.058ms
[73.885s][info][gc,alloc    ] GC(5) O:                         Mark Start        Mark End      Relocate Start    Relocate End   
[73.885s][info][gc,alloc    ] GC(5) O: Allocation Stalls:          0                0                0                0         
[73.885s][info][gc,load     ] GC(5) O: Load: 0.00 (0%) / 0.00 (0%) / 0.00 (0%)
[73.885s][info][gc,mmu      ] GC(5) O: MMU: 2ms/98.6%, 5ms/99.2%, 10ms/99.6%, 20ms/99.8%, 50ms/99.9%, 100ms/100.0%
[73.885s][info][gc,marking  ] GC(5) O: Mark: 1 stripe(s), 2 proactive flush(es), 1 terminate flush(es), 0 completion(s), 0 continuation(s) 
[73.885s][info][gc,nmethod  ] GC(5) O: NMethods: 453 registered, 23 unregistered
[73.885s][info][gc,metaspace] GC(5) O: Metaspace: 1M used, 1M committed, 1088M reserved
[73.885s][info][gc,ref      ] GC(5) O:                       Encountered   Discovered     Enqueued 
[73.885s][info][gc,ref      ] GC(5) O: Soft References:               92            0            0 
[73.885s][info][gc,ref      ] GC(5) O: Weak References:              153          119            0 
[73.885s][info][gc,ref      ] GC(5) O: Final References:               0            0            0 
[73.885s][info][gc,ref      ] GC(5) O: Phantom References:             8            6            0 
[73.885s][info][gc,reloc    ] GC(5) O:                        Candidates     Selected     In-Place         Size        Empty    Relocated 
[73.885s][info][gc,reloc    ] GC(5) O: Small Pages:                    1            0            0           2M           0M           0M 
[73.885s][info][gc,reloc    ] GC(5) O: Medium Pages:                   0            0            0           0M           0M           0M 
[73.885s][info][gc,reloc    ] GC(5) O: Large Pages:                   48            0            0          96M           0M           0M 
[73.885s][info][gc,reloc    ] GC(5) O: Forwarding Usage: 0M
[73.885s][info][gc,heap     ] GC(5) O: Min Capacity: 8M(3%)
[73.885s][info][gc,heap     ] GC(5) O: Max Capacity: 256M(100%)
[73.885s][info][gc,heap     ] GC(5) O: Soft Max Capacity: 256M(100%)
[73.885s][info][gc,heap     ] GC(5) O: Heap Statistics:
[73.885s][info][gc,heap     ] GC(5) O:                Mark Start          Mark End        Relocate Start      Relocate End           High               Low         
[73.885s][info][gc,heap     ] GC(5) O:  Capacity:      254M (99%)         254M (99%)         254M (99%)         254M (99%)         254M (99%)         254M (99%)    
[73.885s][info][gc,heap     ] GC(5) O:      Free:      102M (40%)         100M (39%)         100M (39%)         100M (39%)         102M (40%)          98M (38%)    
[73.885s][info][gc,heap     ] GC(5) O:      Used:      154M (60%)         156M (61%)         156M (61%)         156M (61%)         158M (62%)         154M (60%)    
[73.885s][info][gc,heap     ] GC(5) O: Old Generation Statistics:
[73.885s][info][gc,heap     ] GC(5) O:                Mark Start          Mark End        Relocate Start      Relocate End    
[73.885s][info][gc,heap     ] GC(5) O:      Used:       98M (38%)         126M (49%)         126M (49%)         126M (49%)    
[73.885s][info][gc,heap     ] GC(5) O:      Live:         -                97M (38%)          97M (38%)          97M (38%)    
[73.885s][info][gc,heap     ] GC(5) O:   Garbage:         -                 0M (0%)            0M (0%)            0M (0%)     
[73.885s][info][gc,heap     ] GC(5) O: Allocated:         -                28M (11%)          28M (11%)          28M (11%)    
[73.885s][info][gc,heap     ] GC(5) O: Reclaimed:         -                  -                 0M (0%)            0M (0%)     
[73.885s][info][gc,heap     ] GC(5) O: Compacted:         -                  -                  -                 0M (0%)     
[73.885s][info][gc,phases   ] GC(5) O: Old Generation 156M(61%)->156M(61%) 0.004s
[73.885s][info][gc          ] GC(5) Major Collection (Proactive) 154M(60%)->156M(61%) 0.006s
[87.019s][info][gc          ] GC(6) Major Collection (Proactive)
[87.019s][info][gc,task     ] GC(6) Using 1 Workers for Young Generation
[87.019s][info][gc,task     ] GC(6) Using 1 Workers for Old Generation
[87.019s][info][gc,phases   ] GC(6) Y: Young Generation
[87.019s][info][gc,phases   ] GC(6) Y: Pause Mark Start (Major) 0.015ms
[87.020s][info][gc,phases   ] GC(6) Y: Concurrent Mark 1.028ms
[87.020s][info][gc,phases   ] GC(6) Y: Pause Mark End 0.006ms
[87.020s][info][gc,phases   ] GC(6) Y: Concurrent Mark Free 0.002ms
[87.020s][info][gc,phases   ] GC(6) Y: Concurrent Reset Relocation Set 0.005ms
[87.020s][info][gc,reloc    ] GC(6) Y: Using tenuring threshold: 1 (Computed)
[87.020s][info][gc,phases   ] GC(6) Y: Concurrent Select Relocation Set 0.314ms
[87.021s][info][gc,phases   ] GC(6) Y: Pause Relocate Start 0.004ms
[87.021s][info][gc,phases   ] GC(6) Y: Concurrent Relocate 0.086ms
[87.021s][info][gc,alloc    ] GC(6) Y:                         Mark Start        Mark End      Relocate Start    Relocate End   
[87.021s][info][gc,alloc    ] GC(6) Y: Allocation Stalls:          0                0                0                0         
[87.021s][info][gc,load     ] GC(6) Y: Load: 0.00 (0%) / 0.00 (0%) / 0.00 (0%)
[87.021s][info][gc,mmu      ] GC(6) Y: MMU: 2ms/98.6%, 5ms/99.2%, 10ms/99.6%, 20ms/99.8%, 50ms/99.9%, 100ms/100.0%
[87.021s][info][gc,marking  ] GC(6) Y: Mark: 1 stripe(s), 2 proactive flush(es), 1 terminate flush(es), 0 completion(s), 0 continuation(s) 
[87.021s][info][gc,nmethod  ] GC(6) Y: NMethods: 454 registered, 23 unregistered
[87.021s][info][gc,metaspace] GC(6) Y: Metaspace: 1M used, 1M committed, 1088M reserved
[87.021s][info][gc,reloc    ] GC(6) Y:                        Candidates     Selected     In-Place         Size        Empty    Relocated 
[87.021s][info][gc,reloc    ] GC(6) Y: Small Pages:                    2            1            0           4M           0M           0M 
[87.021s][info][gc,reloc    ] GC(6) Y: Medium Pages:                   0            0            0           0M           0M           0M 
[87.021s][info][gc,reloc    ] GC(6) Y: Large Pages:                   26            0            0          52M           0M           0M 
[87.021s][info][gc,reloc    ] GC(6) Y: Forwarding Usage: 0M
[87.021s][info][gc,reloc    ] GC(6) Y: Age Table:
[87.021s][info][gc,reloc    ] GC(6) Y:                    Live             Garbage             Small              Medium             Large        
[87.021s][info][gc,reloc    ] GC(6) Y: Eden              26M (10%)           1M (1%)           1 / 1              0 / 0             13 / 0        
[87.021s][info][gc,reloc    ] GC(6) Y: Survivor 1        26M (10%)           1M (1%)           1 / 0              0 / 0             13 / 0        
[87.021s][info][gc,heap     ] GC(6) Y: Min Capacity: 8M(3%)
[87.021s][info][gc,heap     ] GC(6) Y: Max Capacity: 256M(100%)
[87.021s][info][gc,heap     ] GC(6) Y: Soft Max Capacity: 256M(100%)
[87.021s][info][gc,heap     ] GC(6) Y: Heap Statistics:
[87.021s][info][gc,heap     ] GC(6) Y:                Mark Start          Mark End        Relocate Start      Relocate End           High               Low         
[87.021s][info][gc,heap     ] GC(6) Y:  Capacity:      254M (99%)         254M (99%)         254M (99%)         254M (99%)         254M (99%)         254M (99%)    
[87.021s][info][gc,heap     ] GC(6) Y:      Free:       74M (29%)          72M (28%)          72M (28%)          72M (28%)          74M (29%)          70M (27%)    
[87.021s][info][gc,heap     ] GC(6) Y:      Used:      182M (71%)         184M (72%)         184M (72%)         184M (72%)         186M (73%)         182M (71%)    
[87.021s][info][gc,heap     ] GC(6) Y: Young Generation Statistics:
[87.021s][info][gc,heap     ] GC(6) Y:                Mark Start          Mark End        Relocate Start      Relocate End    
[87.021s][info][gc,heap     ] GC(6) Y:      Used:       56M (22%)          58M (23%)          32M (12%)          30M (12%)    
[87.021s][info][gc,heap     ] GC(6) Y:      Live:         -                52M (20%)          26M (10%)          26M (10%)    
[87.021s][info][gc,heap     ] GC(6) Y:   Garbage:         -                 3M (2%)            3M (2%)            0M (0%)     
[87.021s][info][gc,heap     ] GC(6) Y: Allocated:         -                 2M (1%)            2M (1%)            3M (2%)     
[87.021s][info][gc,heap     ] GC(6) Y: Reclaimed:         -                  -                 0M (0%)            3M (2%)     
[87.021s][info][gc,heap     ] GC(6) Y:  Promoted:         -                  -                26M (10%)          26M (10%)    
[87.021s][info][gc,heap     ] GC(6) Y: Compacted:         -                  -                  -                 0M (0%)     
[87.021s][info][gc,phases   ] GC(6) Y: Young Generation 182M(71%)->184M(72%) 0.002s
[87.021s][info][gc,phases   ] GC(6) O: Old Generation
[87.024s][info][gc,phases   ] GC(6) O: Concurrent Mark 2.805ms
[87.024s][info][gc,phases   ] GC(6) O: Pause Mark End 0.007ms
[87.024s][info][gc,phases   ] GC(6) O: Concurrent Mark Free 0.003ms
[87.024s][info][gc,phases   ] GC(6) O: Concurrent Process Non-Strong 0.568ms
[87.024s][info][gc,phases   ] GC(6) O: Concurrent Reset Relocation Set 0.000ms
[87.024s][info][gc,phases   ] GC(6) O: Concurrent Select Relocation Set 0.034ms
[87.024s][info][gc,task     ] GC(6) O: Using 2 Workers for Old Generation
[87.025s][info][gc,task     ] GC(6) O: Using 1 Workers for Old Generation
[87.025s][info][gc,phases   ] GC(6) O: Concurrent Remap Roots 0.396ms
[87.025s][info][gc,phases   ] GC(6) O: Pause Relocate Start 0.004ms
[87.025s][info][gc,phases   ] GC(6) O: Concurrent Relocate 0.034ms
[87.025s][info][gc,alloc    ] GC(6) O:                         Mark Start        Mark End      Relocate Start    Relocate End   
[87.025s][info][gc,alloc    ] GC(6) O: Allocation Stalls:          0                0                0                0         
[87.025s][info][gc,load     ] GC(6) O: Load: 0.00 (0%) / 0.00 (0%) / 0.00 (0%)
[87.025s][info][gc,mmu      ] GC(6) O: MMU: 2ms/98.6%, 5ms/99.2%, 10ms/99.6%, 20ms/99.8%, 50ms/99.9%, 100ms/100.0%
[87.025s][info][gc,marking  ] GC(6) O: Mark: 1 stripe(s), 2 proactive flush(es), 1 terminate flush(es), 0 completion(s), 0 continuation(s) 
[87.025s][info][gc,nmethod  ] GC(6) O: NMethods: 454 registered, 23 unregistered
[87.025s][info][gc,metaspace] GC(6) O: Metaspace: 1M used, 1M committed, 1088M reserved
[87.025s][info][gc,ref      ] GC(6) O:                       Encountered   Discovered     Enqueued 
[87.025s][info][gc,ref      ] GC(6) O: Soft References:               92            0            0 
[87.025s][info][gc,ref      ] GC(6) O: Weak References:              153          119            0 
[87.025s][info][gc,ref      ] GC(6) O: Final References:               0            0            0 
[87.025s][info][gc,ref      ] GC(6) O: Phantom References:             8            6            0 
[87.025s][info][gc,reloc    ] GC(6) O:                        Candidates     Selected     In-Place         Size        Empty    Relocated 
[87.025s][info][gc,reloc    ] GC(6) O: Small Pages:                    2            0            0           4M           2M           0M 
[87.025s][info][gc,reloc    ] GC(6) O: Medium Pages:                   0            0            0           0M           0M           0M 
[87.025s][info][gc,reloc    ] GC(6) O: Large Pages:                   61            0            0         122M           0M           0M 
[87.025s][info][gc,reloc    ] GC(6) O: Forwarding Usage: 0M
[87.025s][info][gc,heap     ] GC(6) O: Min Capacity: 8M(3%)
[87.025s][info][gc,heap     ] GC(6) O: Max Capacity: 256M(100%)
[87.025s][info][gc,heap     ] GC(6) O: Soft Max Capacity: 256M(100%)
[87.025s][info][gc,heap     ] GC(6) O: Heap Statistics:
[87.025s][info][gc,heap     ] GC(6) O:                Mark Start          Mark End        Relocate Start      Relocate End           High               Low         
[87.025s][info][gc,heap     ] GC(6) O:  Capacity:      254M (99%)         254M (99%)         254M (99%)         254M (99%)         254M (99%)         254M (99%)    
[87.025s][info][gc,heap     ] GC(6) O:      Free:       74M (29%)          72M (28%)          74M (29%)          74M (29%)          74M (29%)          70M (27%)    
[87.025s][info][gc,heap     ] GC(6) O:      Used:      182M (71%)         184M (72%)         182M (71%)         182M (71%)         186M (73%)         182M (71%)    
[87.025s][info][gc,heap     ] GC(6) O: Old Generation Statistics:
[87.025s][info][gc,heap     ] GC(6) O:                Mark Start          Mark End        Relocate Start      Relocate End    
[87.025s][info][gc,heap     ] GC(6) O:      Used:      126M (49%)         154M (60%)         152M (59%)         152M (59%)    
[87.025s][info][gc,heap     ] GC(6) O:      Live:         -               123M (48%)         123M (48%)         123M (48%)    
[87.025s][info][gc,heap     ] GC(6) O:   Garbage:         -                 2M (1%)            0M (0%)            0M (0%)     
[87.025s][info][gc,heap     ] GC(6) O: Allocated:         -                28M (11%)          28M (11%)          28M (11%)    
[87.025s][info][gc,heap     ] GC(6) O: Reclaimed:         -                  -                 2M (1%)            2M (1%)     
[87.025s][info][gc,heap     ] GC(6) O: Compacted:         -                  -                  -                 0M (0%)     
[87.025s][info][gc,phases   ] GC(6) O: Old Generation 184M(72%)->182M(71%) 0.004s
[87.025s][info][gc          ] GC(6) Major Collection (Proactive) 182M(71%)->182M(71%) 0.007s
[100.157s][info][gc          ] GC(7) Major Collection (Proactive)
[100.157s][info][gc,task     ] GC(7) Using 1 Workers for Young Generation
[100.157s][info][gc,task     ] GC(7) Using 1 Workers for Old Generation
[100.157s][info][gc,phases   ] GC(7) Y: Young Generation
[100.157s][info][gc,phases   ] GC(7) Y: Pause Mark Start (Major) 0.019ms
[100.159s][info][gc,phases   ] GC(7) Y: Concurrent Mark 1.041ms
[100.159s][info][gc,phases   ] GC(7) Y: Pause Mark End 0.008ms
[100.159s][info][gc,phases   ] GC(7) Y: Concurrent Mark Free 0.001ms
[100.159s][info][gc,phases   ] GC(7) Y: Concurrent Reset Relocation Set 0.003ms
[100.159s][info][gc,reloc    ] GC(7) Y: Using tenuring threshold: 1 (Computed)
[100.159s][info][gc,phases   ] GC(7) Y: Concurrent Select Relocation Set 0.328ms
[100.159s][info][gc,phases   ] GC(7) Y: Pause Relocate Start 0.005ms
[100.159s][info][gc,phases   ] GC(7) Y: Concurrent Relocate 0.045ms
[100.159s][info][gc,alloc    ] GC(7) Y:                         Mark Start        Mark End      Relocate Start    Relocate End   
[100.159s][info][gc,alloc    ] GC(7) Y: Allocation Stalls:          0                0                0                0         
[100.159s][info][gc,load     ] GC(7) Y: Load: 0.00 (0%) / 0.00 (0%) / 0.00 (0%)
[100.159s][info][gc,mmu      ] GC(7) Y: MMU: 2ms/98.5%, 5ms/99.2%, 10ms/99.6%, 20ms/99.8%, 50ms/99.9%, 100ms/100.0%
[100.159s][info][gc,marking  ] GC(7) Y: Mark: 1 stripe(s), 2 proactive flush(es), 1 terminate flush(es), 0 completion(s), 0 continuation(s) 
[100.159s][info][gc,nmethod  ] GC(7) Y: NMethods: 455 registered, 23 unregistered
[100.159s][info][gc,metaspace] GC(7) Y: Metaspace: 1M used, 1M committed, 1088M reserved
[100.159s][info][gc,reloc    ] GC(7) Y:                        Candidates     Selected     In-Place         Size        Empty    Relocated 
[100.159s][info][gc,reloc    ] GC(7) Y: Small Pages:                    2            0            0           4M           2M           0M 
[100.159s][info][gc,reloc    ] GC(7) Y: Medium Pages:                   0            0            0           0M           0M           0M 
[100.159s][info][gc,reloc    ] GC(7) Y: Large Pages:                   26            0            0          52M           0M           0M 
[100.159s][info][gc,reloc    ] GC(7) Y: Forwarding Usage: 0M
[100.159s][info][gc,reloc    ] GC(7) Y: Age Table:
[100.159s][info][gc,reloc    ] GC(7) Y:                    Live             Garbage             Small              Medium             Large        
[100.159s][info][gc,reloc    ] GC(7) Y: Eden              26M (10%)           2M (1%)           1 / 0              0 / 0             13 / 0        
[100.159s][info][gc,reloc    ] GC(7) Y: Survivor 1        26M (10%)           1M (1%)           1 / 0              0 / 0             13 / 0        
[100.159s][info][gc,heap     ] GC(7) Y: Min Capacity: 8M(3%)
[100.159s][info][gc,heap     ] GC(7) Y: Max Capacity: 256M(100%)
[100.159s][info][gc,heap     ] GC(7) Y: Soft Max Capacity: 256M(100%)
[100.159s][info][gc,heap     ] GC(7) Y: Heap Statistics:
[100.159s][info][gc,heap     ] GC(7) Y:                Mark Start          Mark End        Relocate Start      Relocate End           High               Low         
[100.159s][info][gc,heap     ] GC(7) Y:  Capacity:      254M (99%)         254M (99%)         254M (99%)         254M (99%)         254M (99%)         254M (99%)    
[100.159s][info][gc,heap     ] GC(7) Y:      Free:       48M (19%)          46M (18%)          48M (19%)          48M (19%)          48M (19%)          46M (18%)    
[100.159s][info][gc,heap     ] GC(7) Y:      Used:      208M (81%)         210M (82%)         208M (81%)         208M (81%)         210M (82%)         208M (81%)    
[100.159s][info][gc,heap     ] GC(7) Y: Young Generation Statistics:
[100.159s][info][gc,heap     ] GC(7) Y:                Mark Start          Mark End        Relocate Start      Relocate End    
[100.159s][info][gc,heap     ] GC(7) Y:      Used:       56M (22%)          58M (23%)          28M (11%)          28M (11%)    
[100.159s][info][gc,heap     ] GC(7) Y:      Live:         -                52M (20%)          26M (10%)          26M (10%)    
[100.159s][info][gc,heap     ] GC(7) Y:   Garbage:         -                 3M (2%)            0M (0%)            0M (0%)     
[100.159s][info][gc,heap     ] GC(7) Y: Allocated:         -                 2M (1%)            2M (1%)            2M (1%)     
[100.159s][info][gc,heap     ] GC(7) Y: Reclaimed:         -                  -                 3M (2%)            3M (2%)     
[100.159s][info][gc,heap     ] GC(7) Y:  Promoted:         -                  -                26M (10%)          26M (10%)    
[100.159s][info][gc,heap     ] GC(7) Y: Compacted:         -                  -                  -                 0M (0%)     
[100.159s][info][gc,phases   ] GC(7) Y: Young Generation 208M(81%)->208M(81%) 0.002s
[100.160s][info][gc,phases   ] GC(7) O: Old Generation
[100.162s][info][gc,phases   ] GC(7) O: Concurrent Mark 2.660ms
[100.162s][info][gc,phases   ] GC(7) O: Pause Mark End 0.007ms
[100.162s][info][gc,phases   ] GC(7) O: Concurrent Mark Free 0.001ms
[100.164s][info][gc,phases   ] GC(7) O: Concurrent Process Non-Strong 1.333ms
[100.164s][info][gc,phases   ] GC(7) O: Concurrent Reset Relocation Set 0.000ms
[100.164s][info][gc,phases   ] GC(7) O: Concurrent Select Relocation Set 0.115ms
[100.164s][info][gc,task     ] GC(7) O: Using 2 Workers for Old Generation
[100.164s][info][gc,task     ] GC(7) O: Using 1 Workers for Old Generation
[100.164s][info][gc,phases   ] GC(7) O: Concurrent Remap Roots 0.342ms
[100.164s][info][gc,phases   ] GC(7) O: Pause Relocate Start 0.005ms
[100.166s][info][gc,phases   ] GC(7) O: Concurrent Relocate 1.678ms
[100.166s][info][gc,alloc    ] GC(7) O:                         Mark Start        Mark End      Relocate Start    Relocate End   
[100.166s][info][gc,alloc    ] GC(7) O: Allocation Stalls:          0                0                0                0         
[100.166s][info][gc,load     ] GC(7) O: Load: 0.00 (0%) / 0.00 (0%) / 0.00 (0%)
[100.166s][info][gc,mmu      ] GC(7) O: MMU: 2ms/98.5%, 5ms/99.2%, 10ms/99.6%, 20ms/99.8%, 50ms/99.9%, 100ms/100.0%
[100.166s][info][gc,marking  ] GC(7) O: Mark: 1 stripe(s), 2 proactive flush(es), 1 terminate flush(es), 0 completion(s), 0 continuation(s) 
[100.166s][info][gc,nmethod  ] GC(7) O: NMethods: 454 registered, 24 unregistered
[100.166s][info][gc,metaspace] GC(7) O: Metaspace: 0M used, 1M committed, 1088M reserved
[100.166s][info][gc,ref      ] GC(7) O:                       Encountered   Discovered     Enqueued 
[100.166s][info][gc,ref      ] GC(7) O: Soft References:               85           54           30 
[100.166s][info][gc,ref      ] GC(7) O: Weak References:              153          106            7 
[100.166s][info][gc,ref      ] GC(7) O: Final References:               0            0            0 
[100.166s][info][gc,ref      ] GC(7) O: Phantom References:             8            6            0 
[100.166s][info][gc,reloc    ] GC(7) O:                        Candidates     Selected     In-Place         Size        Empty    Relocated 
[100.166s][info][gc,reloc    ] GC(7) O: Small Pages:                    2            1            0           4M           0M           1M 
[100.166s][info][gc,reloc    ] GC(7) O: Medium Pages:                   0            0            0           0M           0M           0M 
[100.166s][info][gc,reloc    ] GC(7) O: Large Pages:                   74            0            0         148M           0M           0M 
[100.166s][info][gc,reloc    ] GC(7) O: Forwarding Usage: 0M
[100.166s][info][gc,heap     ] GC(7) O: Min Capacity: 8M(3%)
[100.166s][info][gc,heap     ] GC(7) O: Max Capacity: 256M(100%)
[100.166s][info][gc,heap     ] GC(7) O: Soft Max Capacity: 256M(100%)
[100.166s][info][gc,heap     ] GC(7) O: Heap Statistics:
[100.166s][info][gc,heap     ] GC(7) O:                Mark Start          Mark End        Relocate Start      Relocate End           High               Low         
[100.166s][info][gc,heap     ] GC(7) O:  Capacity:      254M (99%)         254M (99%)         254M (99%)         254M (99%)         254M (99%)         254M (99%)    
[100.166s][info][gc,heap     ] GC(7) O:      Free:       48M (19%)          48M (19%)          48M (19%)          50M (20%)          50M (20%)          46M (18%)    
[100.166s][info][gc,heap     ] GC(7) O:      Used:      208M (81%)         208M (81%)         208M (81%)         206M (80%)         210M (82%)         206M (80%)    
[100.166s][info][gc,heap     ] GC(7) O: Old Generation Statistics:
[100.166s][info][gc,heap     ] GC(7) O:                Mark Start          Mark End        Relocate Start      Relocate End    
[100.166s][info][gc,heap     ] GC(7) O:      Used:      152M (59%)         180M (70%)         180M (70%)         178M (70%)    
[100.166s][info][gc,heap     ] GC(7) O:      Live:         -               149M (58%)         149M (58%)         149M (58%)    
[100.166s][info][gc,heap     ] GC(7) O:   Garbage:         -                 2M (1%)            2M (1%)            0M (0%)     
[100.166s][info][gc,heap     ] GC(7) O: Allocated:         -                28M (11%)          28M (11%)          28M (11%)    
[100.166s][info][gc,heap     ] GC(7) O: Reclaimed:         -                  -                 0M (0%)            2M (1%)     
[100.166s][info][gc,heap     ] GC(7) O: Compacted:         -                  -                  -                 1M (1%)     
[100.166s][info][gc,phases   ] GC(7) O: Old Generation 208M(81%)->206M(80%) 0.006s
[100.166s][info][gc          ] GC(7) Major Collection (Proactive) 208M(81%)->206M(80%) 0.009s
[113.299s][info][gc          ] GC(8) Major Collection (Proactive)
[113.299s][info][gc,task     ] GC(8) Using 1 Workers for Young Generation
[113.299s][info][gc,task     ] GC(8) Using 1 Workers for Old Generation
[113.299s][info][gc,phases   ] GC(8) Y: Young Generation
[113.299s][info][gc,phases   ] GC(8) Y: Pause Mark Start (Major) 0.011ms
[113.301s][info][gc,phases   ] GC(8) Y: Concurrent Mark 1.496ms
[113.301s][info][gc,phases   ] GC(8) Y: Pause Mark End 0.007ms
[113.301s][info][gc,phases   ] GC(8) Y: Concurrent Mark Free 0.001ms
[113.301s][info][gc,phases   ] GC(8) Y: Concurrent Reset Relocation Set 0.006ms
[113.301s][info][gc,reloc    ] GC(8) Y: Using tenuring threshold: 1 (Computed)
[113.301s][info][gc,phases   ] GC(8) Y: Concurrent Select Relocation Set 0.303ms
[113.301s][info][gc,phases   ] GC(8) Y: Pause Relocate Start 0.004ms
[113.301s][info][gc,phases   ] GC(8) Y: Concurrent Relocate 0.067ms
[113.301s][info][gc,alloc    ] GC(8) Y:                         Mark Start        Mark End      Relocate Start    Relocate End   
[113.301s][info][gc,alloc    ] GC(8) Y: Allocation Stalls:          0                0                0                0         
[113.301s][info][gc,load     ] GC(8) Y: Load: 0.00 (0%) / 0.00 (0%) / 0.00 (0%)
[113.302s][info][gc,mmu      ] GC(8) Y: MMU: 2ms/98.5%, 5ms/99.2%, 10ms/99.6%, 20ms/99.8%, 50ms/99.9%, 100ms/100.0%
[113.302s][info][gc,marking  ] GC(8) Y: Mark: 1 stripe(s), 2 proactive flush(es), 1 terminate flush(es), 0 completion(s), 0 continuation(s) 
[113.302s][info][gc,nmethod  ] GC(8) Y: NMethods: 455 registered, 24 unregistered
[113.302s][info][gc,metaspace] GC(8) Y: Metaspace: 0M used, 1M committed, 1088M reserved
[113.302s][info][gc,reloc    ] GC(8) Y:                        Candidates     Selected     In-Place         Size        Empty    Relocated 
[113.302s][info][gc,reloc    ] GC(8) Y: Small Pages:                    1            0            0           2M           0M           0M 
[113.302s][info][gc,reloc    ] GC(8) Y: Medium Pages:                   0            0            0           0M           0M           0M 
[113.302s][info][gc,reloc    ] GC(8) Y: Large Pages:                   26            0            0          52M           0M           0M 
[113.302s][info][gc,reloc    ] GC(8) Y: Forwarding Usage: 0M
[113.302s][info][gc,reloc    ] GC(8) Y: Age Table:
[113.302s][info][gc,reloc    ] GC(8) Y:                    Live             Garbage             Small              Medium             Large        
[113.302s][info][gc,reloc    ] GC(8) Y: Eden              26M (10%)           1M (1%)           1 / 0              0 / 0             13 / 0        
[113.302s][info][gc,reloc    ] GC(8) Y: Survivor 1        26M (10%)           0M (0%)           0 / 0              0 / 0             13 / 0        
[113.302s][info][gc,heap     ] GC(8) Y: Min Capacity: 8M(3%)
[113.302s][info][gc,heap     ] GC(8) Y: Max Capacity: 256M(100%)
[113.302s][info][gc,heap     ] GC(8) Y: Soft Max Capacity: 256M(100%)
[113.302s][info][gc,heap     ] GC(8) Y: Heap Statistics:
[113.302s][info][gc,heap     ] GC(8) Y:                Mark Start          Mark End        Relocate Start      Relocate End           High               Low         
[113.302s][info][gc,heap     ] GC(8) Y:  Capacity:      254M (99%)         254M (99%)         254M (99%)         254M (99%)         254M (99%)         254M (99%)    
[113.302s][info][gc,heap     ] GC(8) Y:      Free:       24M (9%)           22M (9%)           22M (9%)           22M (9%)           24M (9%)           22M (9%)     
[113.302s][info][gc,heap     ] GC(8) Y:      Used:      232M (91%)         234M (91%)         234M (91%)         234M (91%)         234M (91%)         232M (91%)    
[113.302s][info][gc,heap     ] GC(8) Y: Young Generation Statistics:
[113.302s][info][gc,heap     ] GC(8) Y:                Mark Start          Mark End        Relocate Start      Relocate End    
[113.302s][info][gc,heap     ] GC(8) Y:      Used:       54M (21%)          56M (22%)          30M (12%)          30M (12%)    
[113.302s][info][gc,heap     ] GC(8) Y:      Live:         -                52M (20%)          26M (10%)          26M (10%)    
[113.302s][info][gc,heap     ] GC(8) Y:   Garbage:         -                 1M (1%)            1M (1%)            1M (1%)     
[113.302s][info][gc,heap     ] GC(8) Y: Allocated:         -                 2M (1%)            2M (1%)            2M (1%)     
[113.302s][info][gc,heap     ] GC(8) Y: Reclaimed:         -                  -                 0M (0%)            0M (0%)     
[113.302s][info][gc,heap     ] GC(8) Y:  Promoted:         -                  -                26M (10%)          26M (10%)    
[113.302s][info][gc,heap     ] GC(8) Y: Compacted:         -                  -                  -                 0M (0%)     
[113.302s][info][gc,phases   ] GC(8) Y: Young Generation 232M(91%)->234M(91%) 0.002s
[113.302s][info][gc,phases   ] GC(8) O: Old Generation
[113.305s][info][gc,phases   ] GC(8) O: Concurrent Mark 3.368ms
[113.305s][info][gc,phases   ] GC(8) O: Pause Mark End 0.007ms
[113.305s][info][gc,phases   ] GC(8) O: Concurrent Mark Free 0.002ms
[113.306s][info][gc,phases   ] GC(8) O: Concurrent Process Non-Strong 0.561ms
[113.306s][info][gc,phases   ] GC(8) O: Concurrent Reset Relocation Set 0.001ms
[113.306s][info][gc,phases   ] GC(8) O: Concurrent Select Relocation Set 0.029ms
[113.306s][info][gc,task     ] GC(8) O: Using 2 Workers for Old Generation
[113.306s][info][gc,task     ] GC(8) O: Using 1 Workers for Old Generation
[113.306s][info][gc,phases   ] GC(8) O: Concurrent Remap Roots 0.365ms
[113.306s][info][gc,phases   ] GC(8) O: Pause Relocate Start 0.004ms
[113.306s][info][gc,phases   ] GC(8) O: Concurrent Relocate 0.042ms
[113.306s][info][gc,alloc    ] GC(8) O:                         Mark Start        Mark End      Relocate Start    Relocate End   
[113.306s][info][gc,alloc    ] GC(8) O: Allocation Stalls:          0                0                0                0         
[113.306s][info][gc,load     ] GC(8) O: Load: 0.00 (0%) / 0.00 (0%) / 0.00 (0%)
[113.306s][info][gc,mmu      ] GC(8) O: MMU: 2ms/98.5%, 5ms/99.2%, 10ms/99.6%, 20ms/99.8%, 50ms/99.9%, 100ms/100.0%
[113.306s][info][gc,marking  ] GC(8) O: Mark: 1 stripe(s), 2 proactive flush(es), 1 terminate flush(es), 0 completion(s), 0 continuation(s) 
[113.306s][info][gc,nmethod  ] GC(8) O: NMethods: 455 registered, 24 unregistered
[113.306s][info][gc,metaspace] GC(8) O: Metaspace: 0M used, 1M committed, 1088M reserved
[113.306s][info][gc,ref      ] GC(8) O:                       Encountered   Discovered     Enqueued 
[113.306s][info][gc,ref      ] GC(8) O: Soft References:               55           24            0 
[113.306s][info][gc,ref      ] GC(8) O: Weak References:              146           99            0 
[113.306s][info][gc,ref      ] GC(8) O: Final References:               0            0            0 
[113.306s][info][gc,ref      ] GC(8) O: Phantom References:             8            6            0 
[113.306s][info][gc,reloc    ] GC(8) O:                        Candidates     Selected     In-Place         Size        Empty    Relocated 
[113.306s][info][gc,reloc    ] GC(8) O: Small Pages:                    2            0            0           4M           2M           0M 
[113.306s][info][gc,reloc    ] GC(8) O: Medium Pages:                   0            0            0           0M           0M           0M 
[113.306s][info][gc,reloc    ] GC(8) O: Large Pages:                   87            0            0         174M           0M           0M 
[113.306s][info][gc,reloc    ] GC(8) O: Forwarding Usage: 0M
[113.306s][info][gc,heap     ] GC(8) O: Min Capacity: 8M(3%)
[113.307s][info][gc,heap     ] GC(8) O: Max Capacity: 256M(100%)
[113.307s][info][gc,heap     ] GC(8) O: Soft Max Capacity: 256M(100%)
[113.307s][info][gc,heap     ] GC(8) O: Heap Statistics:
[113.307s][info][gc,heap     ] GC(8) O:                Mark Start          Mark End        Relocate Start      Relocate End           High               Low         
[113.307s][info][gc,heap     ] GC(8) O:  Capacity:      254M (99%)         254M (99%)         254M (99%)         254M (99%)         254M (99%)         254M (99%)    
[113.307s][info][gc,heap     ] GC(8) O:      Free:       24M (9%)           22M (9%)           24M (9%)           24M (9%)           24M (9%)           22M (9%)     
[113.307s][info][gc,heap     ] GC(8) O:      Used:      232M (91%)         234M (91%)         232M (91%)         232M (91%)         234M (91%)         232M (91%)    
[113.307s][info][gc,heap     ] GC(8) O: Old Generation Statistics:
[113.307s][info][gc,heap     ] GC(8) O:                Mark Start          Mark End        Relocate Start      Relocate End    
[113.307s][info][gc,heap     ] GC(8) O:      Used:      178M (70%)         204M (80%)         202M (79%)         202M (79%)    
[113.307s][info][gc,heap     ] GC(8) O:      Live:         -               175M (69%)         175M (69%)         175M (69%)    
[113.307s][info][gc,heap     ] GC(8) O:   Garbage:         -                 2M (1%)            0M (0%)            0M (0%)     
[113.307s][info][gc,heap     ] GC(8) O: Allocated:         -                26M (10%)          26M (10%)          26M (10%)    
[113.307s][info][gc,heap     ] GC(8) O: Reclaimed:         -                  -                 2M (1%)            2M (1%)     
[113.307s][info][gc,heap     ] GC(8) O: Compacted:         -                  -                  -                 0M (0%)     
[113.307s][info][gc,phases   ] GC(8) O: Old Generation 234M(91%)->232M(91%) 0.005s
[113.307s][info][gc          ] GC(8) Major Collection (Proactive) 232M(91%)->232M(91%) 0.007s
[113.315s][info][gc          ] GC(9) Minor Collection (High Usage)
[113.315s][info][gc,task     ] GC(9) Using 1 Workers for Young Generation
[113.315s][info][gc,phases   ] GC(9) y: Young Generation
[113.315s][info][gc,phases   ] GC(9) y: Pause Mark Start 0.008ms
[113.316s][info][gc,phases   ] GC(9) y: Concurrent Mark 0.948ms
[113.316s][info][gc,phases   ] GC(9) y: Pause Mark End 0.005ms
[113.316s][info][gc,phases   ] GC(9) y: Concurrent Mark Free 0.001ms
[113.316s][info][gc,phases   ] GC(9) y: Concurrent Reset Relocation Set 0.003ms
[113.316s][info][gc,reloc    ] GC(9) y: Using tenuring threshold: 2 (Computed)
[113.316s][info][gc,phases   ] GC(9) y: Concurrent Select Relocation Set 0.090ms
[113.316s][info][gc,phases   ] GC(9) y: Pause Relocate Start 0.003ms
[113.316s][info][gc,phases   ] GC(9) y: Concurrent Relocate 0.064ms
[113.316s][info][gc,alloc    ] GC(9) y:                         Mark Start        Mark End      Relocate Start    Relocate End   
[113.316s][info][gc,alloc    ] GC(9) y: Allocation Stalls:          0                0                0                0         
[113.316s][info][gc,load     ] GC(9) y: Load: 0.00 (0%) / 0.00 (0%) / 0.00 (0%)
[113.317s][info][gc,mmu      ] GC(9) y: MMU: 2ms/98.5%, 5ms/99.2%, 10ms/99.6%, 20ms/99.7%, 50ms/99.9%, 100ms/99.9%
[113.317s][info][gc,marking  ] GC(9) y: Mark: 1 stripe(s), 1 proactive flush(es), 1 terminate flush(es), 0 completion(s), 0 continuation(s) 
[113.317s][info][gc,nmethod  ] GC(9) y: NMethods: 455 registered, 24 unregistered
[113.317s][info][gc,metaspace] GC(9) y: Metaspace: 0M used, 1M committed, 1088M reserved
[113.317s][info][gc,reloc    ] GC(9) y:                        Candidates     Selected     In-Place         Size        Empty    Relocated 
[113.317s][info][gc,reloc    ] GC(9) y: Small Pages:                    2            0            0           4M           2M           0M 
[113.317s][info][gc,reloc    ] GC(9) y: Medium Pages:                   0            0            0           0M           0M           0M 
[113.317s][info][gc,reloc    ] GC(9) y: Large Pages:                   13            0            0          26M           0M           0M 
[113.317s][info][gc,reloc    ] GC(9) y: Forwarding Usage: 0M
[113.317s][info][gc,reloc    ] GC(9) y: Age Table:
[113.317s][info][gc,reloc    ] GC(9) y:                    Live             Garbage             Small              Medium             Large        
[113.317s][info][gc,reloc    ] GC(9) y: Eden                -                 2M (1%)           1 / 0              0 / 0              0 / 0        
[113.317s][info][gc,reloc    ] GC(9) y: Survivor 1        26M (10%)           1M (1%)           1 / 0              0 / 0             13 / 0        
[113.317s][info][gc,heap     ] GC(9) y: Min Capacity: 8M(3%)
[113.317s][info][gc,heap     ] GC(9) y: Max Capacity: 256M(100%)
[113.317s][info][gc,heap     ] GC(9) y: Soft Max Capacity: 256M(100%)
[113.317s][info][gc,heap     ] GC(9) y: Heap Statistics:
[113.317s][info][gc,heap     ] GC(9) y:                Mark Start          Mark End        Relocate Start      Relocate End           High               Low         
[113.317s][info][gc,heap     ] GC(9) y:  Capacity:      254M (99%)         254M (99%)         254M (99%)         254M (99%)         254M (99%)         254M (99%)    
[113.317s][info][gc,heap     ] GC(9) y:      Free:       24M (9%)           24M (9%)           26M (10%)          26M (10%)          26M (10%)          24M (9%)     
[113.317s][info][gc,heap     ] GC(9) y:      Used:      232M (91%)         232M (91%)         230M (90%)         230M (90%)         232M (91%)         230M (90%)    
[113.317s][info][gc,heap     ] GC(9) y: Young Generation Statistics:
[113.317s][info][gc,heap     ] GC(9) y:                Mark Start          Mark End        Relocate Start      Relocate End    
[113.317s][info][gc,heap     ] GC(9) y:      Used:       30M (12%)          30M (12%)          28M (11%)          28M (11%)    
[113.317s][info][gc,heap     ] GC(9) y:      Live:         -                26M (10%)          26M (10%)          26M (10%)    
[113.317s][info][gc,heap     ] GC(9) y:   Garbage:         -                 3M (2%)            1M (1%)            1M (1%)     
[113.317s][info][gc,heap     ] GC(9) y: Allocated:         -                 0M (0%)            0M (0%)            0M (0%)     
[113.317s][info][gc,heap     ] GC(9) y: Reclaimed:         -                  -                 2M (1%)            2M (1%)     
[113.317s][info][gc,heap     ] GC(9) y:  Promoted:         -                  -                 0M (0%)            0M (0%)     
[113.317s][info][gc,heap     ] GC(9) y: Compacted:         -                  -                  -                 0M (0%)     
[113.317s][info][gc,phases   ] GC(9) y: Young Generation 232M(91%)->230M(90%) 0.001s
[113.317s][info][gc          ] GC(9) Minor Collection (High Usage) 232M(91%)->230M(90%) 0.002s
[114.313s][info][gc          ] GC(10) Major Collection (Allocation Rate)
[114.313s][info][gc,task     ] GC(10) Using 1 Workers for Young Generation
[114.313s][info][gc,task     ] GC(10) Using 1 Workers for Old Generation
[114.313s][info][gc,phases   ] GC(10) Y: Young Generation
[114.313s][info][gc,phases   ] GC(10) Y: Pause Mark Start (Major) 0.047ms
[114.314s][info][gc,phases   ] GC(10) Y: Concurrent Mark 1.009ms
[114.314s][info][gc,phases   ] GC(10) Y: Pause Mark End 0.007ms
[114.314s][info][gc,phases   ] GC(10) Y: Concurrent Mark Free 0.001ms
[114.314s][info][gc,phases   ] GC(10) Y: Concurrent Reset Relocation Set 0.000ms
[114.314s][info][gc,reloc    ] GC(10) Y: Using tenuring threshold: 1 (Computed)
[114.314s][info][gc,phases   ] GC(10) Y: Concurrent Select Relocation Set 0.229ms
[114.314s][info][gc,phases   ] GC(10) Y: Pause Relocate Start 0.005ms
[114.314s][info][gc,phases   ] GC(10) Y: Concurrent Relocate 0.048ms
[114.314s][info][gc,alloc    ] GC(10) Y:                         Mark Start        Mark End      Relocate Start    Relocate End   
[114.314s][info][gc,alloc    ] GC(10) Y: Allocation Stalls:          0                0                0                0         
[114.314s][info][gc,load     ] GC(10) Y: Load: 0.00 (0%) / 0.00 (0%) / 0.00 (0%)
[114.314s][info][gc,mmu      ] GC(10) Y: MMU: 2ms/97.1%, 5ms/98.8%, 10ms/99.4%, 20ms/99.7%, 50ms/99.9%, 100ms/99.9%
[114.314s][info][gc,marking  ] GC(10) Y: Mark: 1 stripe(s), 2 proactive flush(es), 1 terminate flush(es), 0 completion(s), 0 continuation(s) 
[114.314s][info][gc,nmethod  ] GC(10) Y: NMethods: 455 registered, 24 unregistered
[114.314s][info][gc,metaspace] GC(10) Y: Metaspace: 0M used, 1M committed, 1088M reserved
[114.314s][info][gc,reloc    ] GC(10) Y:                        Candidates     Selected     In-Place         Size        Empty    Relocated 
[114.314s][info][gc,reloc    ] GC(10) Y: Small Pages:                    1            0            0           2M           0M           0M 
[114.314s][info][gc,reloc    ] GC(10) Y: Medium Pages:                   0            0            0           0M           0M           0M 
[114.314s][info][gc,reloc    ] GC(10) Y: Large Pages:                   14            0            0          28M           0M           0M 
[114.314s][info][gc,reloc    ] GC(10) Y: Forwarding Usage: 0M
[114.314s][info][gc,reloc    ] GC(10) Y: Age Table:
[114.314s][info][gc,reloc    ] GC(10) Y:                    Live             Garbage             Small              Medium             Large        
[114.315s][info][gc,reloc    ] GC(10) Y: Eden               2M (1%)            0M (0%)           0 / 0              0 / 0              1 / 0        
[114.315s][info][gc,reloc    ] GC(10) Y: Survivor 1          -                 0M (0%)           0 / 0              0 / 0              0 / 0        
[114.315s][info][gc,reloc    ] GC(10) Y: Survivor 2        26M (10%)           1M (1%)           1 / 0              0 / 0             13 / 0        
[114.315s][info][gc,heap     ] GC(10) Y: Min Capacity: 8M(3%)
[114.315s][info][gc,heap     ] GC(10) Y: Max Capacity: 256M(100%)
[114.315s][info][gc,heap     ] GC(10) Y: Soft Max Capacity: 256M(100%)
[114.315s][info][gc,heap     ] GC(10) Y: Heap Statistics:
[114.315s][info][gc,heap     ] GC(10) Y:                Mark Start          Mark End        Relocate Start      Relocate End           High               Low         
[114.315s][info][gc,heap     ] GC(10) Y:  Capacity:      254M (99%)         254M (99%)         254M (99%)         254M (99%)         254M (99%)         254M (99%)    
[114.315s][info][gc,heap     ] GC(10) Y:      Free:       24M (9%)           22M (9%)           22M (9%)           22M (9%)           24M (9%)           22M (9%)     
[114.315s][info][gc,heap     ] GC(10) Y:      Used:      232M (91%)         234M (91%)         234M (91%)         234M (91%)         234M (91%)         232M (91%)    
[114.315s][info][gc,heap     ] GC(10) Y: Young Generation Statistics:
[114.315s][info][gc,heap     ] GC(10) Y:                Mark Start          Mark End        Relocate Start      Relocate End    
[114.315s][info][gc,heap     ] GC(10) Y:      Used:       30M (12%)          32M (12%)           4M (2%)            4M (2%)     
[114.315s][info][gc,heap     ] GC(10) Y:      Live:         -                28M (11%)           2M (1%)            2M (1%)     
[114.315s][info][gc,heap     ] GC(10) Y:   Garbage:         -                 1M (1%)            0M (0%)            0M (0%)     
[114.315s][info][gc,heap     ] GC(10) Y: Allocated:         -                 2M (1%)            2M (1%)            2M (1%)     
[114.315s][info][gc,heap     ] GC(10) Y: Reclaimed:         -                  -                 1M (1%)            1M (1%)     
[114.315s][info][gc,heap     ] GC(10) Y:  Promoted:         -                  -                26M (10%)          26M (10%)    
[114.315s][info][gc,heap     ] GC(10) Y: Compacted:         -                  -                  -                 0M (0%)     
[114.315s][info][gc,phases   ] GC(10) Y: Young Generation 232M(91%)->234M(91%) 0.002s
[114.315s][info][gc,phases   ] GC(10) O: Old Generation
[114.317s][info][gc,phases   ] GC(10) O: Concurrent Mark 2.624ms
[114.317s][info][gc,phases   ] GC(10) O: Pause Mark End 0.008ms
[114.317s][info][gc,phases   ] GC(10) O: Concurrent Mark Free 0.002ms
[114.318s][info][gc,phases   ] GC(10) O: Concurrent Process Non-Strong 0.525ms
[114.318s][info][gc,phases   ] GC(10) O: Concurrent Reset Relocation Set 0.000ms
[114.318s][info][gc,phases   ] GC(10) O: Concurrent Select Relocation Set 0.022ms
[114.318s][info][gc,task     ] GC(10) O: Using 2 Workers for Old Generation
[114.318s][info][gc,task     ] GC(10) O: Using 1 Workers for Old Generation
[114.318s][info][gc,phases   ] GC(10) O: Concurrent Remap Roots 0.318ms
[114.318s][info][gc,phases   ] GC(10) O: Pause Relocate Start 0.004ms
[114.318s][info][gc,phases   ] GC(10) O: Concurrent Relocate 0.029ms
[114.318s][info][gc,alloc    ] GC(10) O:                         Mark Start        Mark End      Relocate Start    Relocate End   
[114.318s][info][gc,alloc    ] GC(10) O: Allocation Stalls:          0                0                0                0         
[114.318s][info][gc,load     ] GC(10) O: Load: 0.00 (0%) / 0.00 (0%) / 0.00 (0%)
[114.318s][info][gc,mmu      ] GC(10) O: MMU: 2ms/97.1%, 5ms/98.7%, 10ms/99.3%, 20ms/99.6%, 50ms/99.9%, 100ms/99.9%
[114.318s][info][gc,marking  ] GC(10) O: Mark: 1 stripe(s), 2 proactive flush(es), 1 terminate flush(es), 0 completion(s), 0 continuation(s) 
[114.318s][info][gc,nmethod  ] GC(10) O: NMethods: 455 registered, 24 unregistered
[114.318s][info][gc,metaspace] GC(10) O: Metaspace: 0M used, 1M committed, 1088M reserved
[114.318s][info][gc,ref      ] GC(10) O:                       Encountered   Discovered     Enqueued 
[114.319s][info][gc,ref      ] GC(10) O: Soft References:               55           24            0 
[114.319s][info][gc,ref      ] GC(10) O: Weak References:              146           99            0 
[114.319s][info][gc,ref      ] GC(10) O: Final References:               0            0            0 
[114.319s][info][gc,ref      ] GC(10) O: Phantom References:             8            6            0 
[114.319s][info][gc,reloc    ] GC(10) O:                        Candidates     Selected     In-Place         Size        Empty    Relocated 
[114.319s][info][gc,reloc    ] GC(10) O: Small Pages:                    1            0            0           2M           0M           0M 
[114.319s][info][gc,reloc    ] GC(10) O: Medium Pages:                   0            0            0           0M           0M           0M 
[114.319s][info][gc,reloc    ] GC(10) O: Large Pages:                  100            0            0         200M           0M           0M 
[114.319s][info][gc,reloc    ] GC(10) O: Forwarding Usage: 0M
[114.319s][info][gc,heap     ] GC(10) O: Min Capacity: 8M(3%)
[114.319s][info][gc,heap     ] GC(10) O: Max Capacity: 256M(100%)
[114.319s][info][gc,heap     ] GC(10) O: Soft Max Capacity: 256M(100%)
[114.319s][info][gc,heap     ] GC(10) O: Heap Statistics:
[114.319s][info][gc,heap     ] GC(10) O:                Mark Start          Mark End        Relocate Start      Relocate End           High               Low         
[114.319s][info][gc,heap     ] GC(10) O:  Capacity:      254M (99%)         254M (99%)         254M (99%)         254M (99%)         254M (99%)         254M (99%)    
[114.319s][info][gc,heap     ] GC(10) O:      Free:       24M (9%)           22M (9%)           22M (9%)           22M (9%)           24M (9%)           22M (9%)     
[114.319s][info][gc,heap     ] GC(10) O:      Used:      232M (91%)         234M (91%)         234M (91%)         234M (91%)         234M (91%)         232M (91%)    
[114.319s][info][gc,heap     ] GC(10) O: Old Generation Statistics:
[114.319s][info][gc,heap     ] GC(10) O:                Mark Start          Mark End        Relocate Start      Relocate End    
[114.319s][info][gc,heap     ] GC(10) O:      Used:      202M (79%)         230M (90%)         230M (90%)         230M (90%)    
[114.319s][info][gc,heap     ] GC(10) O:      Live:         -               201M (79%)         201M (79%)         201M (79%)    
[114.319s][info][gc,heap     ] GC(10) O:   Garbage:         -                 0M (0%)            0M (0%)            0M (0%)     
[114.319s][info][gc,heap     ] GC(10) O: Allocated:         -                28M (11%)          28M (11%)          28M (11%)    
[114.319s][info][gc,heap     ] GC(10) O: Reclaimed:         -                  -                 0M (0%)            0M (0%)     
[114.319s][info][gc,heap     ] GC(10) O: Compacted:         -                  -                  -                 0M (0%)     
[114.319s][info][gc,phases   ] GC(10) O: Old Generation 234M(91%)->234M(91%) 0.004s
[114.319s][info][gc          ] GC(10) Major Collection (Allocation Rate) 232M(91%)->234M(91%) 0.006s
[119.359s][info][gc          ] GC(11) Minor Collection (Allocation Rate)
[119.360s][info][gc,task     ] GC(11) Using 2 Workers for Young Generation
[119.360s][info][gc,phases   ] GC(11) y: Young Generation
[119.360s][info][gc,phases   ] GC(11) y: Pause Mark Start 0.011ms
[119.361s][info][gc,phases   ] GC(11) y: Concurrent Mark 1.159ms
[119.361s][info][gc,phases   ] GC(11) y: Pause Mark End 0.008ms
[119.361s][info][gc,phases   ] GC(11) y: Concurrent Mark Free 0.001ms
[119.361s][info][gc,phases   ] GC(11) y: Concurrent Reset Relocation Set 0.005ms
[119.361s][info][gc,reloc    ] GC(11) y: Using tenuring threshold: 2 (Computed)
[119.361s][info][gc,phases   ] GC(11) y: Concurrent Select Relocation Set 0.357ms
[119.361s][info][gc,phases   ] GC(11) y: Pause Relocate Start 0.005ms
[119.362s][info][gc,phases   ] GC(11) y: Concurrent Relocate 0.053ms
[119.362s][info][gc,alloc    ] GC(11) y:                         Mark Start        Mark End      Relocate Start    Relocate End   
[119.362s][info][gc,alloc    ] GC(11) y: Allocation Stalls:          0                0                0                0         
[119.362s][info][gc,load     ] GC(11) y: Load: 0.00 (0%) / 0.00 (0%) / 0.00 (0%)
[119.362s][info][gc,mmu      ] GC(11) y: MMU: 2ms/97.1%, 5ms/98.7%, 10ms/99.3%, 20ms/99.6%, 50ms/99.9%, 100ms/99.9%
[119.362s][info][gc,marking  ] GC(11) y: Mark: 2 stripe(s), 2 proactive flush(es), 1 terminate flush(es), 0 completion(s), 0 continuation(s) 
[119.362s][info][gc,nmethod  ] GC(11) y: NMethods: 456 registered, 24 unregistered
[119.362s][info][gc,metaspace] GC(11) y: Metaspace: 0M used, 1M committed, 1088M reserved
[119.362s][info][gc,reloc    ] GC(11) y:                        Candidates     Selected     In-Place         Size        Empty    Relocated 
[119.362s][info][gc,reloc    ] GC(11) y: Small Pages:                    1            0            0           2M           2M           0M 
[119.362s][info][gc,reloc    ] GC(11) y: Medium Pages:                   0            0            0           0M           0M           0M 
[119.362s][info][gc,reloc    ] GC(11) y: Large Pages:                    6            0            0          12M           0M           0M 
[119.362s][info][gc,reloc    ] GC(11) y: Forwarding Usage: 0M
[119.362s][info][gc,reloc    ] GC(11) y: Age Table:
[119.362s][info][gc,reloc    ] GC(11) y:                    Live             Garbage             Small              Medium             Large        
[119.362s][info][gc,reloc    ] GC(11) y: Eden              10M (4%)            2M (1%)           1 / 0              0 / 0              5 / 0        
[119.362s][info][gc,reloc    ] GC(11) y: Survivor 1         2M (1%)            0M (0%)           0 / 0              0 / 0              1 / 0        
[119.362s][info][gc,heap     ] GC(11) y: Min Capacity: 8M(3%)
[119.362s][info][gc,heap     ] GC(11) y: Max Capacity: 256M(100%)
[119.362s][info][gc,heap     ] GC(11) y: Soft Max Capacity: 256M(100%)
[119.362s][info][gc,heap     ] GC(11) y: Heap Statistics:
[119.362s][info][gc,heap     ] GC(11) y:                Mark Start          Mark End        Relocate Start      Relocate End           High               Low         
[119.362s][info][gc,heap     ] GC(11) y:  Capacity:      254M (99%)         254M (99%)         254M (99%)         254M (99%)         254M (99%)         254M (99%)    
[119.362s][info][gc,heap     ] GC(11) y:      Free:       12M (5%)           10M (4%)           12M (5%)           12M (5%)           12M (5%)           10M (4%)     
[119.362s][info][gc,heap     ] GC(11) y:      Used:      244M (95%)         246M (96%)         244M (95%)         244M (95%)         246M (96%)         244M (95%)    
[119.362s][info][gc,heap     ] GC(11) y: Young Generation Statistics:
[119.362s][info][gc,heap     ] GC(11) y:                Mark Start          Mark End        Relocate Start      Relocate End    
[119.362s][info][gc,heap     ] GC(11) y:      Used:       14M (5%)           16M (6%)           14M (5%)           14M (5%)     
[119.362s][info][gc,heap     ] GC(11) y:      Live:         -                12M (5%)           12M (5%)           12M (5%)     
[119.362s][info][gc,heap     ] GC(11) y:   Garbage:         -                 2M (1%)            0M (0%)            0M (0%)     
[119.362s][info][gc,heap     ] GC(11) y: Allocated:         -                 2M (1%)            2M (1%)            2M (1%)     
[119.362s][info][gc,heap     ] GC(11) y: Reclaimed:         -                  -                 2M (1%)            2M (1%)     
[119.362s][info][gc,heap     ] GC(11) y:  Promoted:         -                  -                 0M (0%)            0M (0%)     
[119.362s][info][gc,heap     ] GC(11) y: Compacted:         -                  -                  -                 0M (0%)     
[119.362s][info][gc,phases   ] GC(11) y: Young Generation 244M(95%)->244M(95%) 0.002s
[119.362s][info][gc          ] GC(11) Minor Collection (Allocation Rate) 244M(95%)->244M(95%) 0.002s
[119.362s][info][gc          ] GC(12) Major Collection (Allocation Rate)
[119.362s][info][gc,task     ] GC(12) Using 2 Workers for Young Generation
[119.362s][info][gc,task     ] GC(12) Using 1 Workers for Old Generation
[119.362s][info][gc,phases   ] GC(12) Y: Young Generation
[119.362s][info][gc,phases   ] GC(12) Y: Pause Mark Start (Major) 0.005ms
[119.363s][info][gc,phases   ] GC(12) Y: Concurrent Mark 1.048ms
[119.363s][info][gc,phases   ] GC(12) Y: Pause Mark End 0.010ms
[119.363s][info][gc,phases   ] GC(12) Y: Concurrent Mark Free 0.001ms
[119.363s][info][gc,phases   ] GC(12) Y: Concurrent Reset Relocation Set 0.000ms
[119.363s][info][gc,reloc    ] GC(12) Y: Using tenuring threshold: 3 (Computed)
[119.364s][info][gc,phases   ] GC(12) Y: Concurrent Select Relocation Set 0.355ms
[119.364s][info][gc,phases   ] GC(12) Y: Pause Relocate Start 0.009ms
[119.364s][info][gc,phases   ] GC(12) Y: Concurrent Relocate 0.131ms
[119.364s][info][gc,alloc    ] GC(12) Y:                         Mark Start        Mark End      Relocate Start    Relocate End   
[119.364s][info][gc,alloc    ] GC(12) Y: Allocation Stalls:          0                0                0                0         
[119.364s][info][gc,load     ] GC(12) Y: Load: 0.00 (0%) / 0.00 (0%) / 0.00 (0%)
[119.364s][info][gc,mmu      ] GC(12) Y: MMU: 2ms/97.1%, 5ms/98.7%, 10ms/99.3%, 20ms/99.6%, 50ms/99.9%, 100ms/99.9%
[119.364s][info][gc,marking  ] GC(12) Y: Mark: 2 stripe(s), 1 proactive flush(es), 1 terminate flush(es), 0 completion(s), 0 continuation(s) 
[119.364s][info][gc,nmethod  ] GC(12) Y: NMethods: 456 registered, 24 unregistered
[119.364s][info][gc,metaspace] GC(12) Y: Metaspace: 0M used, 1M committed, 1088M reserved
[119.364s][info][gc,reloc    ] GC(12) Y:                        Candidates     Selected     In-Place         Size        Empty    Relocated 
[119.364s][info][gc,reloc    ] GC(12) Y: Small Pages:                    1            0            0           2M           2M           0M 
[119.364s][info][gc,reloc    ] GC(12) Y: Medium Pages:                   0            0            0           0M           0M           0M 
[119.364s][info][gc,reloc    ] GC(12) Y: Large Pages:                    6            0            0          12M           0M           0M 
[119.364s][info][gc,reloc    ] GC(12) Y: Forwarding Usage: 0M
[119.364s][info][gc,reloc    ] GC(12) Y: Age Table:
[119.364s][info][gc,reloc    ] GC(12) Y:                    Live             Garbage             Small              Medium             Large        
[119.364s][info][gc,reloc    ] GC(12) Y: Eden                -                 2M (1%)           1 / 0              0 / 0              0 / 0        
[119.364s][info][gc,reloc    ] GC(12) Y: Survivor 1        10M (4%)            0M (0%)           0 / 0              0 / 0              5 / 0        
[119.364s][info][gc,reloc    ] GC(12) Y: Survivor 2         2M (1%)            0M (0%)           0 / 0              0 / 0              1 / 0        
[119.364s][info][gc,heap     ] GC(12) Y: Min Capacity: 8M(3%)
[119.364s][info][gc,heap     ] GC(12) Y: Max Capacity: 256M(100%)
[119.364s][info][gc,heap     ] GC(12) Y: Soft Max Capacity: 256M(100%)
[119.364s][info][gc,heap     ] GC(12) Y: Heap Statistics:
[119.365s][info][gc,heap     ] GC(12) Y:                Mark Start          Mark End        Relocate Start      Relocate End           High               Low         
[119.365s][info][gc,heap     ] GC(12) Y:  Capacity:      254M (99%)         254M (99%)         254M (99%)         254M (99%)         254M (99%)         254M (99%)    
[119.365s][info][gc,heap     ] GC(12) Y:      Free:       12M (5%)           12M (5%)           14M (5%)           14M (5%)           14M (5%)           12M (5%)     
[119.365s][info][gc,heap     ] GC(12) Y:      Used:      244M (95%)         244M (95%)         242M (95%)         242M (95%)         244M (95%)         242M (95%)    
[119.365s][info][gc,heap     ] GC(12) Y: Young Generation Statistics:
[119.365s][info][gc,heap     ] GC(12) Y:                Mark Start          Mark End        Relocate Start      Relocate End    
[119.365s][info][gc,heap     ] GC(12) Y:      Used:       14M (5%)           14M (5%)           12M (5%)           12M (5%)     
[119.365s][info][gc,heap     ] GC(12) Y:      Live:         -                12M (5%)           12M (5%)           12M (5%)     
[119.365s][info][gc,heap     ] GC(12) Y:   Garbage:         -                 2M (1%)            0M (0%)            0M (0%)     
[119.365s][info][gc,heap     ] GC(12) Y: Allocated:         -                 0M (0%)            0M (0%)            0M (0%)     
[119.365s][info][gc,heap     ] GC(12) Y: Reclaimed:         -                  -                 2M (1%)            2M (1%)     
[119.365s][info][gc,heap     ] GC(12) Y:  Promoted:         -                  -                 0M (0%)            0M (0%)     
[119.365s][info][gc,heap     ] GC(12) Y: Compacted:         -                  -                  -                 0M (0%)     
[119.365s][info][gc,phases   ] GC(12) Y: Young Generation 244M(95%)->242M(95%) 0.002s
[119.365s][info][gc,phases   ] GC(12) O: Old Generation
[119.370s][info][gc,phases   ] GC(12) O: Concurrent Mark 5.619ms
[119.371s][info][gc,phases   ] GC(12) O: Pause Mark End 0.010ms
[119.371s][info][gc,phases   ] GC(12) O: Concurrent Mark Free 0.002ms
[119.372s][info][gc,phases   ] GC(12) O: Concurrent Process Non-Strong 0.978ms
[119.372s][info][gc,phases   ] GC(12) O: Concurrent Reset Relocation Set 0.000ms
[119.372s][info][gc,phases   ] GC(12) O: Concurrent Select Relocation Set 0.220ms
[119.372s][info][gc,task     ] GC(12) O: Using 2 Workers for Old Generation
[119.372s][info][gc,task     ] GC(12) O: Using 1 Workers for Old Generation
[119.372s][info][gc,phases   ] GC(12) O: Concurrent Remap Roots 0.400ms
[119.372s][info][gc,phases   ] GC(12) O: Pause Relocate Start 0.008ms
[119.375s][info][gc,phases   ] GC(12) O: Concurrent Relocate 2.881ms
[119.375s][info][gc,alloc    ] GC(12) O:                         Mark Start        Mark End      Relocate Start    Relocate End   
[119.375s][info][gc,alloc    ] GC(12) O: Allocation Stalls:          0                0                0                0         
[119.375s][info][gc,load     ] GC(12) O: Load: 0.00 (0%) / 0.00 (0%) / 0.00 (0%)
[119.375s][info][gc,mmu      ] GC(12) O: MMU: 2ms/97.1%, 5ms/98.7%, 10ms/99.3%, 20ms/99.6%, 50ms/99.9%, 100ms/99.9%
[119.375s][info][gc,marking  ] GC(12) O: Mark: 1 stripe(s), 1 proactive flush(es), 1 terminate flush(es), 0 completion(s), 0 continuation(s) 
[119.375s][info][gc,nmethod  ] GC(12) O: NMethods: 456 registered, 24 unregistered
[119.375s][info][gc,metaspace] GC(12) O: Metaspace: 0M used, 1M committed, 1088M reserved
[119.375s][info][gc,ref      ] GC(12) O:                       Encountered   Discovered     Enqueued 
[119.375s][info][gc,ref      ] GC(12) O: Soft References:               55           23            0 
[119.376s][info][gc,ref      ] GC(12) O: Weak References:              146           99            0 
[119.376s][info][gc,ref      ] GC(12) O: Final References:               0            0            0 
[119.376s][info][gc,ref      ] GC(12) O: Phantom References:             8            6            0 
[119.376s][info][gc,reloc    ] GC(12) O:                        Candidates     Selected     In-Place         Size        Empty    Relocated 
[119.376s][info][gc,reloc    ] GC(12) O: Small Pages:                    2            1            0           4M           0M           1M 
[119.376s][info][gc,reloc    ] GC(12) O: Medium Pages:                   0            0            0           0M           0M           0M 
[119.376s][info][gc,reloc    ] GC(12) O: Large Pages:                  113            0            0         226M           0M           0M 
[119.376s][info][gc,reloc    ] GC(12) O: Forwarding Usage: 0M
[119.376s][info][gc,heap     ] GC(12) O: Min Capacity: 8M(3%)
[119.376s][info][gc,heap     ] GC(12) O: Max Capacity: 256M(100%)
[119.376s][info][gc,heap     ] GC(12) O: Soft Max Capacity: 256M(100%)
[119.376s][info][gc,heap     ] GC(12) O: Heap Statistics:
[119.376s][info][gc,heap     ] GC(12) O:                Mark Start          Mark End        Relocate Start      Relocate End           High               Low         
[119.376s][info][gc,heap     ] GC(12) O:  Capacity:      254M (99%)         254M (99%)         254M (99%)         254M (99%)         254M (99%)         254M (99%)    
[119.376s][info][gc,heap     ] GC(12) O:      Free:       12M (5%)           14M (5%)           14M (5%)           16M (6%)           16M (6%)           12M (5%)     
[119.376s][info][gc,heap     ] GC(12) O:      Used:      244M (95%)         242M (95%)         242M (95%)         240M (94%)         244M (95%)         240M (94%)    
[119.376s][info][gc,heap     ] GC(12) O: Old Generation Statistics:
[119.376s][info][gc,heap     ] GC(12) O:                Mark Start          Mark End        Relocate Start      Relocate End    
[119.376s][info][gc,heap     ] GC(12) O:      Used:      230M (90%)         230M (90%)         230M (90%)         228M (89%)    
[119.376s][info][gc,heap     ] GC(12) O:      Live:         -               227M (89%)         227M (89%)         227M (89%)    
[119.376s][info][gc,heap     ] GC(12) O:   Garbage:         -                 2M (1%)            2M (1%)            0M (0%)     
[119.376s][info][gc,heap     ] GC(12) O: Allocated:         -                 0M (0%)            0M (0%)            0M (0%)     
[119.376s][info][gc,heap     ] GC(12) O: Reclaimed:         -                  -                 0M (0%)            2M (1%)     
[119.376s][info][gc,heap     ] GC(12) O: Compacted:         -                  -                  -                 1M (1%)     
[119.376s][info][gc,phases   ] GC(12) O: Old Generation 242M(95%)->240M(94%) 0.011s
[119.376s][info][gc          ] GC(12) Major Collection (Allocation Rate) 244M(95%)->240M(94%) 0.014s
[120.372s][info][gc          ] GC(13) Minor Collection (High Usage)
[120.372s][info][gc,task     ] GC(13) Using 1 Workers for Young Generation
[120.373s][info][gc,phases   ] GC(13) y: Young Generation
[120.373s][info][gc,task     ] Adjusting Workers for Young Generation: 1 -> 2
[120.373s][info][gc,phases   ] GC(13) y: Pause Mark Start 0.010ms
[120.374s][info][gc,phases   ] GC(13) y: Concurrent Mark 1.614ms
[120.375s][info][gc,phases   ] GC(13) y: Pause Mark End 0.014ms
[120.375s][info][gc,phases   ] GC(13) y: Concurrent Mark Free 0.002ms
[120.375s][info][gc,phases   ] GC(13) y: Concurrent Reset Relocation Set 0.001ms
[120.375s][info][gc,reloc    ] GC(13) y: Using tenuring threshold: 4 (Computed)
[120.375s][info][gc,phases   ] GC(13) y: Concurrent Select Relocation Set 0.193ms
[120.375s][info][gc,phases   ] GC(13) y: Pause Relocate Start 0.003ms
[120.375s][info][gc,phases   ] GC(13) y: Concurrent Relocate 0.044ms
[120.375s][info][gc,alloc    ] GC(13) y:                         Mark Start        Mark End      Relocate Start    Relocate End   
[120.375s][info][gc,alloc    ] GC(13) y: Allocation Stalls:          0                0                0                0         
[120.375s][info][gc,load     ] GC(13) y: Load: 0.00 (0%) / 0.00 (0%) / 0.00 (0%)
[120.375s][info][gc,mmu      ] GC(13) y: MMU: 2ms/97.1%, 5ms/98.7%, 10ms/99.3%, 20ms/99.6%, 50ms/99.9%, 100ms/99.9%
[120.375s][info][gc,marking  ] GC(13) y: Mark: 1 stripe(s), 2 proactive flush(es), 1 terminate flush(es), 0 completion(s), 0 continuation(s) 
[120.375s][info][gc,nmethod  ] GC(13) y: NMethods: 456 registered, 24 unregistered
[120.375s][info][gc,metaspace] GC(13) y: Metaspace: 0M used, 1M committed, 1088M reserved
[120.375s][info][gc,reloc    ] GC(13) y:                        Candidates     Selected     In-Place         Size        Empty    Relocated 
[120.375s][info][gc,reloc    ] GC(13) y: Small Pages:                    1            0            0           2M           0M           0M 
[120.375s][info][gc,reloc    ] GC(13) y: Medium Pages:                   0            0            0           0M           0M           0M 
[120.375s][info][gc,reloc    ] GC(13) y: Large Pages:                    7            0            0          14M           0M           0M 
[120.375s][info][gc,reloc    ] GC(13) y: Forwarding Usage: 0M
[120.375s][info][gc,reloc    ] GC(13) y: Age Table:
[120.375s][info][gc,reloc    ] GC(13) y:                    Live             Garbage             Small              Medium             Large        
[120.375s][info][gc,reloc    ] GC(13) y: Eden               2M (1%)            1M (1%)           1 / 0              0 / 0              1 / 0        
[120.375s][info][gc,reloc    ] GC(13) y: Survivor 1          -                 0M (0%)           0 / 0              0 / 0              0 / 0        
[120.375s][info][gc,reloc    ] GC(13) y: Survivor 2        10M (4%)            0M (0%)           0 / 0              0 / 0              5 / 0        
[120.375s][info][gc,reloc    ] GC(13) y: Survivor 3         2M (1%)            0M (0%)           0 / 0              0 / 0              1 / 0        
[120.375s][info][gc,heap     ] GC(13) y: Min Capacity: 8M(3%)
[120.375s][info][gc,heap     ] GC(13) y: Max Capacity: 256M(100%)
[120.375s][info][gc,heap     ] GC(13) y: Soft Max Capacity: 256M(100%)
[120.375s][info][gc,heap     ] GC(13) y: Heap Statistics:
[120.375s][info][gc,heap     ] GC(13) y:                Mark Start          Mark End        Relocate Start      Relocate End           High               Low         
[120.375s][info][gc,heap     ] GC(13) y:  Capacity:      254M (99%)         254M (99%)         254M (99%)         254M (99%)         254M (99%)         254M (99%)    
[120.375s][info][gc,heap     ] GC(13) y:      Free:       12M (5%)           10M (4%)           10M (4%)           10M (4%)           12M (5%)           10M (4%)     
[120.375s][info][gc,heap     ] GC(13) y:      Used:      244M (95%)         246M (96%)         246M (96%)         246M (96%)         246M (96%)         244M (95%)    
[120.375s][info][gc,heap     ] GC(13) y: Young Generation Statistics:
[120.375s][info][gc,heap     ] GC(13) y:                Mark Start          Mark End        Relocate Start      Relocate End    
[120.375s][info][gc,heap     ] GC(13) y:      Used:       16M (6%)           18M (7%)           18M (7%)           18M (7%)     
[120.375s][info][gc,heap     ] GC(13) y:      Live:         -                14M (5%)           14M (5%)           14M (5%)     
[120.375s][info][gc,heap     ] GC(13) y:   Garbage:         -                 1M (1%)            1M (1%)            1M (1%)     
[120.375s][info][gc,heap     ] GC(13) y: Allocated:         -                 2M (1%)            2M (1%)            2M (1%)     
[120.375s][info][gc,heap     ] GC(13) y: Reclaimed:         -                  -                 0M (0%)            0M (0%)     
[120.375s][info][gc,heap     ] GC(13) y:  Promoted:         -                  -                 0M (0%)            0M (0%)     
[120.375s][info][gc,heap     ] GC(13) y: Compacted:         -                  -                  -                 0M (0%)     
[120.375s][info][gc,phases   ] GC(13) y: Young Generation 244M(95%)->246M(96%) 0.002s
[120.375s][info][gc          ] GC(13) Minor Collection (High Usage) 242M(95%)->246M(96%) 0.003s
[120.375s][info][gc          ] GC(14) Minor Collection (Allocation Rate)
[120.375s][info][gc,task     ] GC(14) Using 2 Workers for Young Generation
[120.375s][info][gc,phases   ] GC(14) y: Young Generation
[120.375s][info][gc,phases   ] GC(14) y: Pause Mark Start 0.016ms
[120.376s][info][gc,phases   ] GC(14) y: Concurrent Mark 0.665ms
[120.376s][info][gc,phases   ] GC(14) y: Pause Mark End 0.005ms
[120.376s][info][gc,phases   ] GC(14) y: Concurrent Mark Free 0.001ms
[120.376s][info][gc,phases   ] GC(14) y: Concurrent Reset Relocation Set 0.000ms
[120.376s][info][gc,reloc    ] GC(14) y: Using tenuring threshold: 5 (Computed)
[120.376s][info][gc,phases   ] GC(14) y: Concurrent Select Relocation Set 0.077ms
[120.376s][info][gc,phases   ] GC(14) y: Pause Relocate Start 0.004ms
[120.376s][info][gc,phases   ] GC(14) y: Concurrent Relocate 0.043ms
[120.376s][info][gc,alloc    ] GC(14) y:                         Mark Start        Mark End      Relocate Start    Relocate End   
[120.376s][info][gc,alloc    ] GC(14) y: Allocation Stalls:          0                0                0                0         
[120.376s][info][gc,load     ] GC(14) y: Load: 0.00 (0%) / 0.00 (0%) / 0.00 (0%)
[120.376s][info][gc,mmu      ] GC(14) y: MMU: 2ms/97.1%, 5ms/98.7%, 10ms/99.3%, 20ms/99.6%, 50ms/99.9%, 100ms/99.9%
[120.376s][info][gc,marking  ] GC(14) y: Mark: 2 stripe(s), 1 proactive flush(es), 1 terminate flush(es), 0 completion(s), 0 continuation(s) 
[120.377s][info][gc,nmethod  ] GC(14) y: NMethods: 456 registered, 24 unregistered
[120.377s][info][gc,metaspace] GC(14) y: Metaspace: 0M used, 1M committed, 1088M reserved
[120.377s][info][gc,reloc    ] GC(14) y:                        Candidates     Selected     In-Place         Size        Empty    Relocated 
[120.377s][info][gc,reloc    ] GC(14) y: Small Pages:                    2            0            0           4M           4M           0M 
[120.377s][info][gc,reloc    ] GC(14) y: Medium Pages:                   0            0            0           0M           0M           0M 
[120.377s][info][gc,reloc    ] GC(14) y: Large Pages:                    7            0            0          14M           0M           0M 
[120.377s][info][gc,reloc    ] GC(14) y: Forwarding Usage: 0M
[120.377s][info][gc,reloc    ] GC(14) y: Age Table:
[120.377s][info][gc,reloc    ] GC(14) y:                    Live             Garbage             Small              Medium             Large        
[120.377s][info][gc,reloc    ] GC(14) y: Eden                -                 2M (1%)           1 / 0              0 / 0              0 / 0        
[120.377s][info][gc,reloc    ] GC(14) y: Survivor 1         2M (1%)            2M (1%)           1 / 0              0 / 0              1 / 0        
[120.377s][info][gc,reloc    ] GC(14) y: Survivor 2          -                 0M (0%)           0 / 0              0 / 0              0 / 0        
[120.377s][info][gc,reloc    ] GC(14) y: Survivor 3        10M (4%)            0M (0%)           0 / 0              0 / 0              5 / 0        
[120.377s][info][gc,reloc    ] GC(14) y: Survivor 4         2M (1%)            0M (0%)           0 / 0              0 / 0              1 / 0        
[120.377s][info][gc,heap     ] GC(14) y: Min Capacity: 8M(3%)
[120.377s][info][gc,heap     ] GC(14) y: Max Capacity: 256M(100%)
[120.377s][info][gc,heap     ] GC(14) y: Soft Max Capacity: 256M(100%)
[120.377s][info][gc,heap     ] GC(14) y: Heap Statistics:
[120.377s][info][gc,heap     ] GC(14) y:                Mark Start          Mark End        Relocate Start      Relocate End           High               Low         
[120.377s][info][gc,heap     ] GC(14) y:  Capacity:      254M (99%)         254M (99%)         254M (99%)         254M (99%)         254M (99%)         254M (99%)    
[120.377s][info][gc,heap     ] GC(14) y:      Free:       10M (4%)           10M (4%)           14M (5%)           14M (5%)           14M (5%)           10M (4%)     
[120.377s][info][gc,heap     ] GC(14) y:      Used:      246M (96%)         246M (96%)         242M (95%)         242M (95%)         246M (96%)         242M (95%)    
[120.377s][info][gc,heap     ] GC(14) y: Young Generation Statistics:
[120.377s][info][gc,heap     ] GC(14) y:                Mark Start          Mark End        Relocate Start      Relocate End    
[120.377s][info][gc,heap     ] GC(14) y:      Used:       18M (7%)           18M (7%)           14M (5%)           14M (5%)     
[120.377s][info][gc,heap     ] GC(14) y:      Live:         -                14M (5%)           14M (5%)           14M (5%)     
[120.377s][info][gc,heap     ] GC(14) y:   Garbage:         -                 4M (2%)            0M (0%)            0M (0%)     
[120.377s][info][gc,heap     ] GC(14) y: Allocated:         -                 0M (0%)            0M (0%)            0M (0%)     
[120.377s][info][gc,heap     ] GC(14) y: Reclaimed:         -                  -                 4M (2%)            4M (2%)     
[120.377s][info][gc,heap     ] GC(14) y:  Promoted:         -                  -                 0M (0%)            0M (0%)     
[120.377s][info][gc,heap     ] GC(14) y: Compacted:         -                  -                  -                 0M (0%)     
[120.377s][info][gc,phases   ] GC(14) y: Young Generation 246M(96%)->242M(95%) 0.001s
[120.377s][info][gc          ] GC(14) Minor Collection (Allocation Rate) 246M(96%)->242M(95%) 0.001s
[120.377s][info][gc          ] GC(15) Minor Collection (High Usage)
[120.377s][info][gc,task     ] GC(15) Using 1 Workers for Young Generation
[120.377s][info][gc,phases   ] GC(15) y: Young Generation
[120.377s][info][gc,phases   ] GC(15) y: Pause Mark Start 0.004ms
[120.378s][info][gc,phases   ] GC(15) y: Concurrent Mark 0.686ms
[120.378s][info][gc,phases   ] GC(15) y: Pause Mark End 0.004ms
[120.378s][info][gc,phases   ] GC(15) y: Concurrent Mark Free 0.001ms
[120.378s][info][gc,phases   ] GC(15) y: Concurrent Reset Relocation Set 0.000ms
[120.378s][info][gc,reloc    ] GC(15) y: Using tenuring threshold: 6 (Computed)
[120.378s][info][gc,phases   ] GC(15) y: Concurrent Select Relocation Set 0.064ms
[120.378s][info][gc,phases   ] GC(15) y: Pause Relocate Start 0.003ms
[120.378s][info][gc,phases   ] GC(15) y: Concurrent Relocate 0.067ms
[120.378s][info][gc,alloc    ] GC(15) y:                         Mark Start        Mark End      Relocate Start    Relocate End   
[120.378s][info][gc,alloc    ] GC(15) y: Allocation Stalls:          0                0                0                0         
[120.378s][info][gc,load     ] GC(15) y: Load: 0.00 (0%) / 0.00 (0%) / 0.00 (0%)
[120.378s][info][gc,mmu      ] GC(15) y: MMU: 2ms/97.1%, 5ms/98.7%, 10ms/99.3%, 20ms/99.6%, 50ms/99.9%, 100ms/99.9%
[120.378s][info][gc,marking  ] GC(15) y: Mark: 1 stripe(s), 1 proactive flush(es), 1 terminate flush(es), 0 completion(s), 0 continuation(s) 
[120.378s][info][gc,nmethod  ] GC(15) y: NMethods: 456 registered, 24 unregistered
[120.378s][info][gc,metaspace] GC(15) y: Metaspace: 0M used, 1M committed, 1088M reserved
[120.378s][info][gc,reloc    ] GC(15) y:                        Candidates     Selected     In-Place         Size        Empty    Relocated 
[120.378s][info][gc,reloc    ] GC(15) y: Small Pages:                    0            0            0           0M           0M           0M 
[120.378s][info][gc,reloc    ] GC(15) y: Medium Pages:                   0            0            0           0M           0M           0M 
[120.378s][info][gc,reloc    ] GC(15) y: Large Pages:                    7            0            0          14M           0M           0M 
[120.378s][info][gc,reloc    ] GC(15) y: Forwarding Usage: 0M
[120.378s][info][gc,reloc    ] GC(15) y: Age Table:
[120.378s][info][gc,reloc    ] GC(15) y:                    Live             Garbage             Small              Medium             Large        
[120.378s][info][gc,reloc    ] GC(15) y: Eden                -                 0M (0%)           0 / 0              0 / 0              0 / 0        
[120.378s][info][gc,reloc    ] GC(15) y: Survivor 1          -                 0M (0%)           0 / 0              0 / 0              0 / 0        
[120.378s][info][gc,reloc    ] GC(15) y: Survivor 2         2M (1%)            0M (0%)           0 / 0              0 / 0              1 / 0        
[120.378s][info][gc,reloc    ] GC(15) y: Survivor 3          -                 0M (0%)           0 / 0              0 / 0              0 / 0        
[120.378s][info][gc,reloc    ] GC(15) y: Survivor 4        10M (4%)            0M (0%)           0 / 0              0 / 0              5 / 0        
[120.378s][info][gc,reloc    ] GC(15) y: Survivor 5         2M (1%)            0M (0%)           0 / 0              0 / 0              1 / 0        
[120.378s][info][gc,heap     ] GC(15) y: Min Capacity: 8M(3%)
[120.378s][info][gc,heap     ] GC(15) y: Max Capacity: 256M(100%)
[120.378s][info][gc,heap     ] GC(15) y: Soft Max Capacity: 256M(100%)
[120.378s][info][gc,heap     ] GC(15) y: Heap Statistics:
[120.378s][info][gc,heap     ] GC(15) y:                Mark Start          Mark End        Relocate Start      Relocate End           High               Low         
[120.378s][info][gc,heap     ] GC(15) y:  Capacity:      254M (99%)         254M (99%)         254M (99%)         254M (99%)         254M (99%)         254M (99%)    
[120.378s][info][gc,heap     ] GC(15) y:      Free:       14M (5%)           14M (5%)           14M (5%)           14M (5%)           14M (5%)           14M (5%)     
[120.378s][info][gc,heap     ] GC(15) y:      Used:      242M (95%)         242M (95%)         242M (95%)         242M (95%)         242M (95%)         242M (95%)    
[120.378s][info][gc,heap     ] GC(15) y: Young Generation Statistics:
[120.378s][info][gc,heap     ] GC(15) y:                Mark Start          Mark End        Relocate Start      Relocate End    
[120.378s][info][gc,heap     ] GC(15) y:      Used:       14M (5%)           14M (5%)           14M (5%)           14M (5%)     
[120.378s][info][gc,heap     ] GC(15) y:      Live:         -                14M (5%)           14M (5%)           14M (5%)     
[120.378s][info][gc,heap     ] GC(15) y:   Garbage:         -                 0M (0%)            0M (0%)            0M (0%)     
[120.378s][info][gc,heap     ] GC(15) y: Allocated:         -                 0M (0%)            0M (0%)            0M (0%)     
[120.378s][info][gc,heap     ] GC(15) y: Reclaimed:         -                  -                 0M (0%)            0M (0%)     
[120.378s][info][gc,heap     ] GC(15) y:  Promoted:         -                  -                 0M (0%)            0M (0%)     
[120.378s][info][gc,heap     ] GC(15) y: Compacted:         -                  -                  -                 0M (0%)     
[120.378s][info][gc,phases   ] GC(15) y: Young Generation 242M(95%)->242M(95%) 0.001s
[120.378s][info][gc          ] GC(15) Minor Collection (High Usage) 242M(95%)->242M(95%) 0.001s
[120.378s][info][gc          ] GC(16) Minor Collection (High Usage)
[120.378s][info][gc,task     ] GC(16) Using 1 Workers for Young Generation
[120.378s][info][gc,phases   ] GC(16) y: Young Generation
[120.378s][info][gc,phases   ] GC(16) y: Pause Mark Start 0.004ms
[120.379s][info][gc,phases   ] GC(16) y: Concurrent Mark 0.638ms
[120.379s][info][gc,phases   ] GC(16) y: Pause Mark End 0.004ms
[120.379s][info][gc,phases   ] GC(16) y: Concurrent Mark Free 0.001ms
[120.379s][info][gc,phases   ] GC(16) y: Concurrent Reset Relocation Set 0.000ms
[120.379s][info][gc,reloc    ] GC(16) y: Using tenuring threshold: 6 (Computed)
[120.379s][info][gc,phases   ] GC(16) y: Concurrent Select Relocation Set 0.113ms
[120.379s][info][gc,phases   ] GC(16) y: Pause Relocate Start 0.003ms
[120.379s][info][gc,phases   ] GC(16) y: Concurrent Relocate 0.040ms
[120.379s][info][gc,alloc    ] GC(16) y:                         Mark Start        Mark End      Relocate Start    Relocate End   
[120.379s][info][gc,alloc    ] GC(16) y: Allocation Stalls:          0                0                0                0         
[120.379s][info][gc,load     ] GC(16) y: Load: 0.00 (0%) / 0.00 (0%) / 0.00 (0%)
[120.379s][info][gc,mmu      ] GC(16) y: MMU: 2ms/97.1%, 5ms/98.7%, 10ms/99.3%, 20ms/99.6%, 50ms/99.9%, 100ms/99.9%
[120.379s][info][gc,marking  ] GC(16) y: Mark: 1 stripe(s), 1 proactive flush(es), 1 terminate flush(es), 0 completion(s), 0 continuation(s) 
[120.379s][info][gc,nmethod  ] GC(16) y: NMethods: 456 registered, 24 unregistered
[120.379s][info][gc,metaspace] GC(16) y: Metaspace: 0M used, 1M committed, 1088M reserved
[120.379s][info][gc,reloc    ] GC(16) y:                        Candidates     Selected     In-Place         Size        Empty    Relocated 
[120.379s][info][gc,reloc    ] GC(16) y: Small Pages:                    0            0            0           0M           0M           0M 
[120.379s][info][gc,reloc    ] GC(16) y: Medium Pages:                   0            0            0           0M           0M           0M 
[120.379s][info][gc,reloc    ] GC(16) y: Large Pages:                    7            0            0          14M           0M           0M 
[120.379s][info][gc,reloc    ] GC(16) y: Forwarding Usage: 0M
[120.379s][info][gc,reloc    ] GC(16) y: Age Table:
[120.379s][info][gc,reloc    ] GC(16) y:                    Live             Garbage             Small              Medium             Large        
[120.379s][info][gc,reloc    ] GC(16) y: Eden                -                 0M (0%)           0 / 0              0 / 0              0 / 0        
[120.379s][info][gc,reloc    ] GC(16) y: Survivor 1          -                 0M (0%)           0 / 0              0 / 0              0 / 0        
[120.379s][info][gc,reloc    ] GC(16) y: Survivor 2          -                 0M (0%)           0 / 0              0 / 0              0 / 0        
[120.379s][info][gc,reloc    ] GC(16) y: Survivor 3         2M (1%)            0M (0%)           0 / 0              0 / 0              1 / 0        
[120.379s][info][gc,reloc    ] GC(16) y: Survivor 4          -                 0M (0%)           0 / 0              0 / 0              0 / 0        
[120.379s][info][gc,reloc    ] GC(16) y: Survivor 5        10M (4%)            0M (0%)           0 / 0              0 / 0              5 / 0        
[120.379s][info][gc,reloc    ] GC(16) y: Survivor 6         2M (1%)            0M (0%)           0 / 0              0 / 0              1 / 0        
[120.379s][info][gc,heap     ] GC(16) y: Min Capacity: 8M(3%)
[120.379s][info][gc,heap     ] GC(16) y: Max Capacity: 256M(100%)
[120.379s][info][gc,heap     ] GC(16) y: Soft Max Capacity: 256M(100%)
[120.379s][info][gc,heap     ] GC(16) y: Heap Statistics:
[120.379s][info][gc,heap     ] GC(16) y:                Mark Start          Mark End        Relocate Start      Relocate End           High               Low         
[120.379s][info][gc,heap     ] GC(16) y:  Capacity:      254M (99%)         254M (99%)         254M (99%)         254M (99%)         254M (99%)         254M (99%)    
[120.379s][info][gc,heap     ] GC(16) y:      Free:       14M (5%)           14M (5%)           14M (5%)           14M (5%)           14M (5%)           14M (5%)     
[120.379s][info][gc,heap     ] GC(16) y:      Used:      242M (95%)         242M (95%)         242M (95%)         242M (95%)         242M (95%)         242M (95%)    
[120.379s][info][gc,heap     ] GC(16) y: Young Generation Statistics:
[120.379s][info][gc,heap     ] GC(16) y:                Mark Start          Mark End        Relocate Start      Relocate End    
[120.379s][info][gc,heap     ] GC(16) y:      Used:       14M (5%)           14M (5%)           12M (5%)           12M (5%)     
[120.380s][info][gc,heap     ] GC(16) y:      Live:         -                14M (5%)           12M (5%)           12M (5%)     
[120.380s][info][gc,heap     ] GC(16) y:   Garbage:         -                 0M (0%)            0M (0%)            0M (0%)     
[120.380s][info][gc,heap     ] GC(16) y: Allocated:         -                 0M (0%)            0M (0%)            0M (0%)     
[120.380s][info][gc,heap     ] GC(16) y: Reclaimed:         -                  -                 0M (0%)            0M (0%)     
[120.380s][info][gc,heap     ] GC(16) y:  Promoted:         -                  -                 2M (1%)            2M (1%)     
[120.380s][info][gc,heap     ] GC(16) y: Compacted:         -                  -                  -                 0M (0%)     
[120.380s][info][gc,phases   ] GC(16) y: Young Generation 242M(95%)->242M(95%) 0.001s
[120.380s][info][gc          ] GC(16) Minor Collection (High Usage) 242M(95%)->242M(95%) 0.001s
[121.382s][info][gc          ] GC(17) Major Collection (Allocation Rate)
[121.382s][info][gc,task     ] GC(17) Using 2 Workers for Young Generation
[121.382s][info][gc,task     ] GC(17) Using 1 Workers for Old Generation
[121.382s][info][gc,phases   ] GC(17) Y: Young Generation
[121.382s][info][gc,phases   ] GC(17) Y: Pause Mark Start (Major) 0.012ms
[121.383s][info][gc,phases   ] GC(17) Y: Concurrent Mark 0.873ms
[121.383s][info][gc,phases   ] GC(17) Y: Pause Mark End 0.007ms
[121.383s][info][gc,phases   ] GC(17) Y: Concurrent Mark Free 0.001ms
[121.383s][info][gc,phases   ] GC(17) Y: Concurrent Reset Relocation Set 0.001ms
[121.383s][info][gc,reloc    ] GC(17) Y: Using tenuring threshold: 1 (Computed)
[121.383s][info][gc,phases   ] GC(17) Y: Concurrent Select Relocation Set 0.161ms
[121.383s][info][gc,phases   ] GC(17) Y: Pause Relocate Start 0.005ms
[121.383s][info][gc,phases   ] GC(17) Y: Concurrent Relocate 0.052ms
[121.383s][info][gc,alloc    ] GC(17) Y:                         Mark Start        Mark End      Relocate Start    Relocate End   
[121.383s][info][gc,alloc    ] GC(17) Y: Allocation Stalls:          0                0                0                0         
[121.383s][info][gc,load     ] GC(17) Y: Load: 0.00 (0%) / 0.00 (0%) / 0.00 (0%)
[121.383s][info][gc,mmu      ] GC(17) Y: MMU: 2ms/97.1%, 5ms/98.7%, 10ms/99.3%, 20ms/99.6%, 50ms/99.9%, 100ms/99.9%
[121.383s][info][gc,marking  ] GC(17) Y: Mark: 2 stripe(s), 2 proactive flush(es), 1 terminate flush(es), 0 completion(s), 0 continuation(s) 
[121.383s][info][gc,nmethod  ] GC(17) Y: NMethods: 456 registered, 24 unregistered
[121.383s][info][gc,metaspace] GC(17) Y: Metaspace: 0M used, 1M committed, 1088M reserved
[121.383s][info][gc,reloc    ] GC(17) Y:                        Candidates     Selected     In-Place         Size        Empty    Relocated 
[121.383s][info][gc,reloc    ] GC(17) Y: Small Pages:                    0            0            0           0M           0M           0M 
[121.383s][info][gc,reloc    ] GC(17) Y: Medium Pages:                   0            0            0           0M           0M           0M 
[121.383s][info][gc,reloc    ] GC(17) Y: Large Pages:                    7            0            0          14M           0M           0M 
[121.383s][info][gc,reloc    ] GC(17) Y: Forwarding Usage: 0M
[121.383s][info][gc,reloc    ] GC(17) Y: Age Table:
[121.383s][info][gc,reloc    ] GC(17) Y:                    Live             Garbage             Small              Medium             Large        
[121.383s][info][gc,reloc    ] GC(17) Y: Eden               2M (1%)            0M (0%)           0 / 0              0 / 0              1 / 0        
[121.383s][info][gc,reloc    ] GC(17) Y: Survivor 1          -                 0M (0%)           0 / 0              0 / 0              0 / 0        
[121.383s][info][gc,reloc    ] GC(17) Y: Survivor 2          -                 0M (0%)           0 / 0              0 / 0              0 / 0        
[121.383s][info][gc,reloc    ] GC(17) Y: Survivor 3          -                 0M (0%)           0 / 0              0 / 0              0 / 0        
[121.383s][info][gc,reloc    ] GC(17) Y: Survivor 4         2M (1%)            0M (0%)           0 / 0              0 / 0              1 / 0        
[121.383s][info][gc,reloc    ] GC(17) Y: Survivor 5          -                 0M (0%)           0 / 0              0 / 0              0 / 0        
[121.383s][info][gc,reloc    ] GC(17) Y: Survivor 6        10M (4%)            0M (0%)           0 / 0              0 / 0              5 / 0        
[121.383s][info][gc,heap     ] GC(17) Y: Min Capacity: 8M(3%)
[121.383s][info][gc,heap     ] GC(17) Y: Max Capacity: 256M(100%)
[121.383s][info][gc,heap     ] GC(17) Y: Soft Max Capacity: 256M(100%)
[121.383s][info][gc,heap     ] GC(17) Y: Heap Statistics:
[121.383s][info][gc,heap     ] GC(17) Y:                Mark Start          Mark End        Relocate Start      Relocate End           High               Low         
[121.383s][info][gc,heap     ] GC(17) Y:  Capacity:      254M (99%)         254M (99%)         254M (99%)         254M (99%)         254M (99%)         254M (99%)    
[121.383s][info][gc,heap     ] GC(17) Y:      Free:       12M (5%)           10M (4%)           10M (4%)           10M (4%)           12M (5%)           10M (4%)     
[121.383s][info][gc,heap     ] GC(17) Y:      Used:      244M (95%)         246M (96%)         246M (96%)         246M (96%)         246M (96%)         244M (95%)    
[121.383s][info][gc,heap     ] GC(17) Y: Young Generation Statistics:
[121.383s][info][gc,heap     ] GC(17) Y:                Mark Start          Mark End        Relocate Start      Relocate End    
[121.383s][info][gc,heap     ] GC(17) Y:      Used:       14M (5%)           16M (6%)            4M (2%)            4M (2%)     
[121.383s][info][gc,heap     ] GC(17) Y:      Live:         -                14M (5%)            2M (1%)            2M (1%)     
[121.384s][info][gc,heap     ] GC(17) Y:   Garbage:         -                 0M (0%)            0M (0%)            0M (0%)     
[121.384s][info][gc,heap     ] GC(17) Y: Allocated:         -                 2M (1%)            2M (1%)            2M (1%)     
[121.384s][info][gc,heap     ] GC(17) Y: Reclaimed:         -                  -                 0M (0%)            0M (0%)     
[121.384s][info][gc,heap     ] GC(17) Y:  Promoted:         -                  -                12M (5%)           12M (5%)     
[121.384s][info][gc,heap     ] GC(17) Y: Compacted:         -                  -                  -                 0M (0%)     
[121.384s][info][gc,phases   ] GC(17) Y: Young Generation 244M(95%)->246M(96%) 0.001s
[121.384s][info][gc,phases   ] GC(17) O: Old Generation
[121.387s][info][gc,phases   ] GC(17) O: Concurrent Mark 3.360ms
[121.387s][info][gc,phases   ] GC(17) O: Pause Mark End 0.006ms
[121.387s][info][gc,phases   ] GC(17) O: Concurrent Mark Free 0.001ms
[121.388s][info][gc,phases   ] GC(17) O: Concurrent Process Non-Strong 0.622ms
[121.388s][info][gc,phases   ] GC(17) O: Concurrent Reset Relocation Set 0.001ms
[121.388s][info][gc,phases   ] GC(17) O: Concurrent Select Relocation Set 0.023ms
[121.388s][info][gc,task     ] GC(17) O: Using 2 Workers for Old Generation
[121.388s][info][gc,task     ] GC(17) O: Using 1 Workers for Old Generation
[121.388s][info][gc,phases   ] GC(17) O: Concurrent Remap Roots 0.325ms
[121.388s][info][gc,phases   ] GC(17) O: Pause Relocate Start 0.005ms
[121.388s][info][gc,phases   ] GC(17) O: Concurrent Relocate 0.032ms
[121.388s][info][gc,alloc    ] GC(17) O:                         Mark Start        Mark End      Relocate Start    Relocate End   
[121.388s][info][gc,alloc    ] GC(17) O: Allocation Stalls:          0                0                0                0         
[121.388s][info][gc,load     ] GC(17) O: Load: 0.00 (0%) / 0.00 (0%) / 0.00 (0%)
[121.388s][info][gc,mmu      ] GC(17) O: MMU: 2ms/97.1%, 5ms/98.7%, 10ms/99.3%, 20ms/99.6%, 50ms/99.9%, 100ms/99.9%
[121.388s][info][gc,marking  ] GC(17) O: Mark: 1 stripe(s), 2 proactive flush(es), 1 terminate flush(es), 0 completion(s), 0 continuation(s) 
[121.388s][info][gc,nmethod  ] GC(17) O: NMethods: 456 registered, 24 unregistered
[121.388s][info][gc,metaspace] GC(17) O: Metaspace: 0M used, 1M committed, 1088M reserved
[121.388s][info][gc,ref      ] GC(17) O:                       Encountered   Discovered     Enqueued 
[121.388s][info][gc,ref      ] GC(17) O: Soft References:               55           23            0 
[121.388s][info][gc,ref      ] GC(17) O: Weak References:              146           99            0 
[121.388s][info][gc,ref      ] GC(17) O: Final References:               0            0            0 
[121.388s][info][gc,ref      ] GC(17) O: Phantom References:             8            6            0 
[121.388s][info][gc,reloc    ] GC(17) O:                        Candidates     Selected     In-Place         Size        Empty    Relocated 
[121.388s][info][gc,reloc    ] GC(17) O: Small Pages:                    1            0            0           2M           0M           0M 
[121.388s][info][gc,reloc    ] GC(17) O: Medium Pages:                   0            0            0           0M           0M           0M 
[121.388s][info][gc,reloc    ] GC(17) O: Large Pages:                  114            0            0         228M           0M           0M 
[121.388s][info][gc,reloc    ] GC(17) O: Forwarding Usage: 0M
[121.388s][info][gc,heap     ] GC(17) O: Min Capacity: 8M(3%)
[121.388s][info][gc,heap     ] GC(17) O: Max Capacity: 256M(100%)
[121.388s][info][gc,heap     ] GC(17) O: Soft Max Capacity: 256M(100%)
[121.388s][info][gc,heap     ] GC(17) O: Heap Statistics:
[121.388s][info][gc,heap     ] GC(17) O:                Mark Start          Mark End        Relocate Start      Relocate End           High               Low         
[121.388s][info][gc,heap     ] GC(17) O:  Capacity:      254M (99%)         254M (99%)         254M (99%)         254M (99%)         254M (99%)         254M (99%)    
[121.388s][info][gc,heap     ] GC(17) O:      Free:       12M (5%)           10M (4%)           10M (4%)           10M (4%)           12M (5%)           10M (4%)     
[121.388s][info][gc,heap     ] GC(17) O:      Used:      244M (95%)         246M (96%)         246M (96%)         246M (96%)         246M (96%)         244M (95%)    
[121.388s][info][gc,heap     ] GC(17) O: Old Generation Statistics:
[121.388s][info][gc,heap     ] GC(17) O:                Mark Start          Mark End        Relocate Start      Relocate End    
[121.388s][info][gc,heap     ] GC(17) O:      Used:      230M (90%)         242M (95%)         242M (95%)         242M (95%)    
[121.388s][info][gc,heap     ] GC(17) O:      Live:         -               229M (90%)         229M (90%)         229M (90%)    
[121.388s][info][gc,heap     ] GC(17) O:   Garbage:         -                 0M (0%)            0M (0%)            0M (0%)     
[121.388s][info][gc,heap     ] GC(17) O: Allocated:         -                12M (5%)           12M (5%)           12M (5%)     
[121.388s][info][gc,heap     ] GC(17) O: Reclaimed:         -                  -                 0M (0%)            0M (0%)     
[121.388s][info][gc,heap     ] GC(17) O: Compacted:         -                  -                  -                 0M (0%)     
[121.388s][info][gc,phases   ] GC(17) O: Old Generation 246M(96%)->246M(96%) 0.005s
[121.388s][info][gc          ] GC(17) Major Collection (Allocation Rate) 244M(95%)->246M(96%) 0.007s
[126.444s][info][gc          ] GC(18) Major Collection (Allocation Rate)
[126.444s][info][gc,task     ] GC(18) Using 2 Workers for Young Generation
[126.444s][info][gc,task     ] GC(18) Using 1 Workers for Old Generation
[126.444s][info][gc,phases   ] GC(18) Y: Young Generation
[126.444s][info][gc,phases   ] GC(18) Y: Pause Mark Start (Major) 0.010ms
[126.445s][info][gc,phases   ] GC(18) Y: Concurrent Mark 0.902ms
[126.445s][info][gc,phases   ] GC(18) Y: Pause Mark End 0.007ms
[126.445s][info][gc,phases   ] GC(18) Y: Concurrent Mark Free 0.001ms
[126.445s][info][gc,phases   ] GC(18) Y: Concurrent Reset Relocation Set 0.003ms
[126.445s][info][gc,reloc    ] GC(18) Y: Using tenuring threshold: 2 (Computed)
[126.445s][info][gc          ] Allocation Stall (main) 0.694ms
[126.445s][info][gc,phases   ] GC(18) Y: Concurrent Select Relocation Set 0.126ms
[126.445s][info][gc,phases   ] GC(18) Y: Pause Relocate Start 0.005ms
[126.445s][info][gc,phases   ] GC(18) Y: Concurrent Relocate 0.048ms
[126.445s][info][gc,alloc    ] GC(18) Y:                         Mark Start        Mark End      Relocate Start    Relocate End   
[126.445s][info][gc,alloc    ] GC(18) Y: Allocation Stalls:          0                1                0                0         
[126.445s][info][gc,load     ] GC(18) Y: Load: 0.00 (0%) / 0.00 (0%) / 0.00 (0%)
[126.445s][info][gc,mmu      ] GC(18) Y: MMU: 2ms/97.1%, 5ms/98.7%, 10ms/99.3%, 20ms/99.6%, 50ms/99.9%, 100ms/99.9%
[126.445s][info][gc,marking  ] GC(18) Y: Mark: 2 stripe(s), 2 proactive flush(es), 1 terminate flush(es), 0 completion(s), 0 continuation(s) 
[126.445s][info][gc,nmethod  ] GC(18) Y: NMethods: 457 registered, 24 unregistered
[126.445s][info][gc,metaspace] GC(18) Y: Metaspace: 0M used, 1M committed, 1088M reserved
[126.445s][info][gc,reloc    ] GC(18) Y:                        Candidates     Selected     In-Place         Size        Empty    Relocated 
[126.445s][info][gc,reloc    ] GC(18) Y: Small Pages:                    1            0            0           2M           2M           0M 
[126.445s][info][gc,reloc    ] GC(18) Y: Medium Pages:                   0            0            0           0M           0M           0M 
[126.445s][info][gc,reloc    ] GC(18) Y: Large Pages:                    6            0            0          12M           0M           0M 
[126.445s][info][gc,reloc    ] GC(18) Y: Forwarding Usage: 0M
[126.445s][info][gc,reloc    ] GC(18) Y: Age Table:
[126.445s][info][gc,reloc    ] GC(18) Y:                    Live             Garbage             Small              Medium             Large        
[126.445s][info][gc,reloc    ] GC(18) Y: Eden              10M (4%)            2M (1%)           1 / 0              0 / 0              5 / 0        
[126.445s][info][gc,reloc    ] GC(18) Y: Survivor 1         2M (1%)            0M (0%)           0 / 0              0 / 0              1 / 0        
[126.445s][info][gc,heap     ] GC(18) Y: Min Capacity: 8M(3%)
[126.445s][info][gc,heap     ] GC(18) Y: Max Capacity: 256M(100%)
[126.445s][info][gc,heap     ] GC(18) Y: Soft Max Capacity: 256M(100%)
[126.445s][info][gc,heap     ] GC(18) Y: Heap Statistics:
[126.445s][info][gc,heap     ] GC(18) Y:                Mark Start          Mark End        Relocate Start      Relocate End           High               Low         
[126.445s][info][gc,heap     ] GC(18) Y:  Capacity:      256M (100%)        256M (100%)        256M (100%)        256M (100%)        256M (100%)        256M (100%)   
[126.445s][info][gc,heap     ] GC(18) Y:      Free:        0M (0%)            0M (0%)            0M (0%)            0M (0%)            2M (1%)            0M (0%)     
[126.445s][info][gc,heap     ] GC(18) Y:      Used:      256M (100%)        256M (100%)        256M (100%)        256M (100%)        256M (100%)        254M (99%)    
[126.445s][info][gc,heap     ] GC(18) Y: Young Generation Statistics:
[126.445s][info][gc,heap     ] GC(18) Y:                Mark Start          Mark End        Relocate Start      Relocate End    
[126.445s][info][gc,heap     ] GC(18) Y:      Used:       14M (5%)           14M (5%)           14M (5%)           14M (5%)     
[126.445s][info][gc,heap     ] GC(18) Y:      Live:         -                12M (5%)           12M (5%)           12M (5%)     
[126.445s][info][gc,heap     ] GC(18) Y:   Garbage:         -                 2M (1%)            0M (0%)            0M (0%)     
[126.445s][info][gc,heap     ] GC(18) Y: Allocated:         -                 0M (0%)            2M (1%)            2M (1%)     
[126.445s][info][gc,heap     ] GC(18) Y: Reclaimed:         -                  -                 2M (1%)            2M (1%)     
[126.445s][info][gc,heap     ] GC(18) Y:  Promoted:         -                  -                 0M (0%)            0M (0%)     
[126.445s][info][gc,heap     ] GC(18) Y: Compacted:         -                  -                  -                 0M (0%)     
[126.445s][info][gc,phases   ] GC(18) Y: Young Generation 256M(100%)->256M(100%) 0.001s
[126.446s][info][gc,phases   ] GC(18) O: Old Generation
[126.446s][info][gc          ] GC(19) Minor Collection (Allocation Stall)
[126.446s][info][gc,task     ] GC(19) Using 2 Workers for Young Generation
[126.446s][info][gc,phases   ] GC(19) y: Young Generation
[126.446s][info][gc,phases   ] GC(19) y: Pause Mark Start 0.007ms
[126.446s][info][gc,phases   ] GC(19) y: Concurrent Mark 0.711ms
[126.447s][info][gc,phases   ] GC(19) y: Pause Mark End 0.006ms
[126.447s][info][gc,phases   ] GC(19) y: Concurrent Mark Free 0.001ms
[126.447s][info][gc,phases   ] GC(19) y: Concurrent Reset Relocation Set 0.000ms
[126.447s][info][gc,reloc    ] GC(19) y: Using tenuring threshold: 3 (Computed)
[126.447s][info][gc,phases   ] GC(19) y: Concurrent Select Relocation Set 0.080ms
[126.447s][info][gc,phases   ] GC(19) y: Pause Relocate Start 0.003ms
[126.447s][info][gc,phases   ] GC(19) y: Concurrent Relocate 0.093ms
[126.447s][info][gc,alloc    ] GC(19) y:                         Mark Start        Mark End      Relocate Start    Relocate End   
[126.447s][info][gc,alloc    ] GC(19) y: Allocation Stalls:          0                0                0                0         
[126.447s][info][gc,load     ] GC(19) y: Load: 0.00 (0%) / 0.00 (0%) / 0.00 (0%)
[126.447s][info][gc,mmu      ] GC(19) y: MMU: 2ms/97.1%, 5ms/98.7%, 10ms/99.3%, 20ms/99.6%, 50ms/99.9%, 100ms/99.9%
[126.447s][info][gc,marking  ] GC(19) y: Mark: 2 stripe(s), 1 proactive flush(es), 1 terminate flush(es), 0 completion(s), 0 continuation(s) 
[126.447s][info][gc,nmethod  ] GC(19) y: NMethods: 457 registered, 24 unregistered
[126.447s][info][gc,metaspace] GC(19) y: Metaspace: 0M used, 1M committed, 1088M reserved
[126.447s][info][gc,reloc    ] GC(19) y:                        Candidates     Selected     In-Place         Size        Empty    Relocated 
[126.447s][info][gc,reloc    ] GC(19) y: Small Pages:                    1            0            0           2M           2M           0M 
[126.447s][info][gc,reloc    ] GC(19) y: Medium Pages:                   0            0            0           0M           0M           0M 
[126.447s][info][gc,reloc    ] GC(19) y: Large Pages:                    6            0            0          12M           0M           0M 
[126.447s][info][gc,reloc    ] GC(19) y: Forwarding Usage: 0M
[126.447s][info][gc,reloc    ] GC(19) y: Age Table:
[126.447s][info][gc,reloc    ] GC(19) y:                    Live             Garbage             Small              Medium             Large        
[126.447s][info][gc,reloc    ] GC(19) y: Eden                -                 2M (1%)           1 / 0              0 / 0              0 / 0        
[126.447s][info][gc,reloc    ] GC(19) y: Survivor 1        10M (4%)            0M (0%)           0 / 0              0 / 0              5 / 0        
[126.447s][info][gc,reloc    ] GC(19) y: Survivor 2         2M (1%)            0M (0%)           0 / 0              0 / 0              1 / 0        
[126.447s][info][gc,heap     ] GC(19) y: Min Capacity: 8M(3%)
[126.447s][info][gc,heap     ] GC(19) y: Max Capacity: 256M(100%)
[126.447s][info][gc,heap     ] GC(19) y: Soft Max Capacity: 256M(100%)
[126.447s][info][gc,heap     ] GC(19) y: Heap Statistics:
[126.447s][info][gc,heap     ] GC(19) y:                Mark Start          Mark End        Relocate Start      Relocate End           High               Low         
[126.447s][info][gc,heap     ] GC(19) y:  Capacity:      256M (100%)        256M (100%)        256M (100%)        256M (100%)        256M (100%)        256M (100%)   
[126.447s][info][gc,heap     ] GC(19) y:      Free:        0M (0%)            0M (0%)            2M (1%)            2M (1%)            2M (1%)            0M (0%)     
[126.447s][info][gc,heap     ] GC(19) y:      Used:      256M (100%)        256M (100%)        254M (99%)         254M (99%)         256M (100%)        254M (99%)    
[126.447s][info][gc,heap     ] GC(19) y: Young Generation Statistics:
[126.447s][info][gc,heap     ] GC(19) y:                Mark Start          Mark End        Relocate Start      Relocate End    
[126.447s][info][gc,heap     ] GC(19) y:      Used:       14M (5%)           14M (5%)           12M (5%)           12M (5%)     
[126.447s][info][gc,heap     ] GC(19) y:      Live:         -                12M (5%)           12M (5%)           12M (5%)     
[126.447s][info][gc,heap     ] GC(19) y:   Garbage:         -                 2M (1%)            0M (0%)            0M (0%)     
[126.447s][info][gc,heap     ] GC(19) y: Allocated:         -                 0M (0%)            0M (0%)            0M (0%)     
[126.447s][info][gc,heap     ] GC(19) y: Reclaimed:         -                  -                 2M (1%)            2M (1%)     
[126.447s][info][gc,heap     ] GC(19) y:  Promoted:         -                  -                 0M (0%)            0M (0%)     
[126.447s][info][gc,heap     ] GC(19) y: Compacted:         -                  -                  -                 0M (0%)     
[126.447s][info][gc,phases   ] GC(19) y: Young Generation 256M(100%)->254M(99%) 0.001s
[126.447s][info][gc          ] GC(19) Minor Collection (Allocation Stall) 256M(100%)->254M(99%) 0.002s
[126.449s][info][gc,phases   ] GC(18) O: Concurrent Mark 2.997ms
[126.449s][info][gc,phases   ] GC(18) O: Pause Mark End 0.006ms
[126.449s][info][gc,phases   ] GC(18) O: Concurrent Mark Free 0.002ms
[126.449s][info][gc,phases   ] GC(18) O: Concurrent Process Non-Strong 0.512ms
[126.449s][info][gc,phases   ] GC(18) O: Concurrent Reset Relocation Set 0.000ms
[126.449s][info][gc,phases   ] GC(18) O: Concurrent Select Relocation Set 0.024ms
[126.449s][info][gc,task     ] GC(18) O: Using 2 Workers for Old Generation
[126.450s][info][gc,task     ] GC(18) O: Using 1 Workers for Old Generation
[126.450s][info][gc,phases   ] GC(18) O: Concurrent Remap Roots 0.457ms
[126.450s][info][gc,phases   ] GC(18) O: Pause Relocate Start 0.009ms
[126.450s][info][gc,phases   ] GC(18) O: Concurrent Relocate 0.082ms
[126.450s][info][gc,alloc    ] GC(18) O:                         Mark Start        Mark End      Relocate Start    Relocate End   
[126.450s][info][gc,alloc    ] GC(18) O: Allocation Stalls:          0                0                0                0         
[126.450s][info][gc,load     ] GC(18) O: Load: 0.00 (0%) / 0.00 (0%) / 0.00 (0%)
[126.450s][info][gc,mmu      ] GC(18) O: MMU: 2ms/97.1%, 5ms/98.7%, 10ms/99.3%, 20ms/99.6%, 50ms/99.9%, 100ms/99.9%
[126.450s][info][gc,marking  ] GC(18) O: Mark: 1 stripe(s), 2 proactive flush(es), 1 terminate flush(es), 0 completion(s), 0 continuation(s) 
[126.450s][info][gc,nmethod  ] GC(18) O: NMethods: 457 registered, 24 unregistered
[126.450s][info][gc,metaspace] GC(18) O: Metaspace: 0M used, 1M committed, 1088M reserved
[126.450s][info][gc,ref      ] GC(18) O:                       Encountered   Discovered     Enqueued 
[126.450s][info][gc,ref      ] GC(18) O: Soft References:               55           23            0 
[126.450s][info][gc,ref      ] GC(18) O: Weak References:              146           99            0 
[126.450s][info][gc,ref      ] GC(18) O: Final References:               0            0            0 
[126.450s][info][gc,ref      ] GC(18) O: Phantom References:             8            6            0 
[126.450s][info][gc,reloc    ] GC(18) O:                        Candidates     Selected     In-Place         Size        Empty    Relocated 
[126.450s][info][gc,reloc    ] GC(18) O: Small Pages:                    1            0            0           2M           0M           0M 
[126.450s][info][gc,reloc    ] GC(18) O: Medium Pages:                   0            0            0           0M           0M           0M 
[126.450s][info][gc,reloc    ] GC(18) O: Large Pages:                  120            0            0         240M           0M           0M 
[126.450s][info][gc,reloc    ] GC(18) O: Forwarding Usage: 0M
[126.450s][info][gc,heap     ] GC(18) O: Min Capacity: 8M(3%)
[126.450s][info][gc,heap     ] GC(18) O: Max Capacity: 256M(100%)
[126.450s][info][gc,heap     ] GC(18) O: Soft Max Capacity: 256M(100%)
[126.450s][info][gc,heap     ] GC(18) O: Heap Statistics:
[126.450s][info][gc,heap     ] GC(18) O:                Mark Start          Mark End        Relocate Start      Relocate End           High               Low         
[126.450s][info][gc,heap     ] GC(18) O:  Capacity:      256M (100%)        256M (100%)        256M (100%)        256M (100%)        256M (100%)        256M (100%)   
[126.450s][info][gc,heap     ] GC(18) O:      Free:        0M (0%)            2M (1%)            2M (1%)            2M (1%)            2M (1%)            0M (0%)     
[126.450s][info][gc,heap     ] GC(18) O:      Used:      256M (100%)        254M (99%)         254M (99%)         254M (99%)         256M (100%)        254M (99%)    
[126.450s][info][gc,heap     ] GC(18) O: Old Generation Statistics:
[126.451s][info][gc,heap     ] GC(18) O:                Mark Start          Mark End        Relocate Start      Relocate End    
[126.451s][info][gc,heap     ] GC(18) O:      Used:      242M (95%)         242M (95%)         242M (95%)         242M (95%)    
[126.451s][info][gc,heap     ] GC(18) O:      Live:         -               241M (94%)         241M (94%)         241M (94%)    
[126.451s][info][gc,heap     ] GC(18) O:   Garbage:         -                 0M (0%)            0M (0%)            0M (0%)     
[126.451s][info][gc,heap     ] GC(18) O: Allocated:         -                 0M (0%)            0M (0%)            0M (0%)     
[126.451s][info][gc,heap     ] GC(18) O: Reclaimed:         -                  -                 0M (0%)            0M (0%)     
[126.451s][info][gc,heap     ] GC(18) O: Compacted:         -                  -                  -                 0M (0%)     
[126.451s][info][gc,phases   ] GC(18) O: Old Generation 256M(100%)->254M(99%) 0.004s
[126.451s][info][gc          ] GC(18) Major Collection (Allocation Rate) 256M(100%)->254M(99%) 0.007s
[127.458s][info][gc          ] GC(20) Minor Collection (Allocation Rate)
[127.458s][info][gc,task     ] GC(20) Using 2 Workers for Young Generation
[127.458s][info][gc,phases   ] GC(20) y: Young Generation
[127.458s][info][gc,phases   ] GC(20) y: Pause Mark Start 0.011ms
[127.459s][info][gc,phases   ] GC(20) y: Concurrent Mark 0.808ms
[127.459s][info][gc,phases   ] GC(20) y: Pause Mark End 0.007ms
[127.459s][info][gc,phases   ] GC(20) y: Concurrent Mark Free 0.001ms
[127.459s][info][gc,phases   ] GC(20) y: Concurrent Reset Relocation Set 0.000ms
[127.459s][info][gc,reloc    ] GC(20) y: Using tenuring threshold: 4 (Computed)
[127.459s][info][gc,phases   ] GC(20) y: Concurrent Select Relocation Set 0.081ms
[127.459s][info][gc,phases   ] GC(20) y: Pause Relocate Start 0.004ms
[127.459s][info][gc,phases   ] GC(20) y: Concurrent Relocate 0.050ms
[127.459s][info][gc,alloc    ] GC(20) y:                         Mark Start        Mark End      Relocate Start    Relocate End   
[127.459s][info][gc,alloc    ] GC(20) y: Allocation Stalls:          0                1                1                1         
[127.459s][info][gc,load     ] GC(20) y: Load: 0.00 (0%) / 0.00 (0%) / 0.00 (0%)
[127.459s][info][gc,mmu      ] GC(20) y: MMU: 2ms/97.1%, 5ms/98.7%, 10ms/99.3%, 20ms/99.6%, 50ms/99.9%, 100ms/99.9%
[127.459s][info][gc,marking  ] GC(20) y: Mark: 2 stripe(s), 2 proactive flush(es), 1 terminate flush(es), 0 completion(s), 0 continuation(s) 
[127.459s][info][gc,nmethod  ] GC(20) y: NMethods: 457 registered, 24 unregistered
[127.459s][info][gc,metaspace] GC(20) y: Metaspace: 0M used, 1M committed, 1088M reserved
[127.459s][info][gc,reloc    ] GC(20) y:                        Candidates     Selected     In-Place         Size        Empty    Relocated 
[127.459s][info][gc,reloc    ] GC(20) y: Small Pages:                    0            0            0           0M           0M           0M 
[127.459s][info][gc,reloc    ] GC(20) y: Medium Pages:                   0            0            0           0M           0M           0M 
[127.459s][info][gc,reloc    ] GC(20) y: Large Pages:                    7            0            0          14M           0M           0M 
[127.459s][info][gc,reloc    ] GC(20) y: Forwarding Usage: 0M
[127.459s][info][gc,reloc    ] GC(20) y: Age Table:
[127.459s][info][gc,reloc    ] GC(20) y:                    Live             Garbage             Small              Medium             Large        
[127.459s][info][gc,reloc    ] GC(20) y: Eden               2M (1%)            0M (0%)           0 / 0              0 / 0              1 / 0        
[127.459s][info][gc,reloc    ] GC(20) y: Survivor 1          -                 0M (0%)           0 / 0              0 / 0              0 / 0        
[127.459s][info][gc,reloc    ] GC(20) y: Survivor 2        10M (4%)            0M (0%)           0 / 0              0 / 0              5 / 0        
[127.459s][info][gc,reloc    ] GC(20) y: Survivor 3         2M (1%)            0M (0%)           0 / 0              0 / 0              1 / 0        
[127.459s][info][gc,heap     ] GC(20) y: Min Capacity: 8M(3%)
[127.459s][info][gc,heap     ] GC(20) y: Max Capacity: 256M(100%)
[127.459s][info][gc,heap     ] GC(20) y: Soft Max Capacity: 256M(100%)
[127.459s][info][gc,heap     ] GC(20) y: Heap Statistics:
[127.459s][info][gc,heap     ] GC(20) y:                Mark Start          Mark End        Relocate Start      Relocate End           High               Low         
[127.459s][info][gc,heap     ] GC(20) y:  Capacity:      256M (100%)        256M (100%)        256M (100%)        256M (100%)        256M (100%)        256M (100%)   
[127.459s][info][gc,heap     ] GC(20) y:      Free:        0M (0%)            0M (0%)            0M (0%)            0M (0%)            0M (0%)            0M (0%)     
[127.459s][info][gc,heap     ] GC(20) y:      Used:      256M (100%)        256M (100%)        256M (100%)        256M (100%)        256M (100%)        256M (100%)   
[127.459s][info][gc,heap     ] GC(20) y: Young Generation Statistics:
[127.459s][info][gc,heap     ] GC(20) y:                Mark Start          Mark End        Relocate Start      Relocate End    
[127.459s][info][gc,heap     ] GC(20) y:      Used:       14M (5%)           14M (5%)           14M (5%)           14M (5%)     
[127.459s][info][gc,heap     ] GC(20) y:      Live:         -                14M (5%)           14M (5%)           14M (5%)     
[127.459s][info][gc,heap     ] GC(20) y:   Garbage:         -                 0M (0%)            0M (0%)            0M (0%)     
[127.459s][info][gc,heap     ] GC(20) y: Allocated:         -                 0M (0%)            0M (0%)            0M (0%)     
[127.459s][info][gc,heap     ] GC(20) y: Reclaimed:         -                  -                 0M (0%)            0M (0%)     
[127.459s][info][gc,heap     ] GC(20) y:  Promoted:         -                  -                 0M (0%)            0M (0%)     
[127.459s][info][gc,heap     ] GC(20) y: Compacted:         -                  -                  -                 0M (0%)     
[127.459s][info][gc,phases   ] GC(20) y: Young Generation 256M(100%)->256M(100%) 0.001s
[127.459s][info][gc          ] GC(20) Minor Collection (Allocation Rate) 256M(100%)->256M(100%) 0.002s
[127.459s][info][gc          ] GC(21) Minor Collection (Allocation Stall)
[127.459s][info][gc,task     ] GC(21) Using 2 Workers for Young Generation
[127.459s][info][gc,phases   ] GC(21) y: Young Generation
[127.459s][info][gc,phases   ] GC(21) y: Pause Mark Start 0.005ms
[127.460s][info][gc,phases   ] GC(21) y: Concurrent Mark 0.671ms
[127.460s][info][gc,phases   ] GC(21) y: Pause Mark End 0.005ms
[127.460s][info][gc,phases   ] GC(21) y: Concurrent Mark Free 0.001ms
[127.460s][info][gc,phases   ] GC(21) y: Concurrent Reset Relocation Set 0.000ms
[127.460s][info][gc,reloc    ] GC(21) y: Using tenuring threshold: 5 (Computed)
[127.460s][info][gc,phases   ] GC(21) y: Concurrent Select Relocation Set 0.100ms
[127.460s][info][gc,phases   ] GC(21) y: Pause Relocate Start 0.003ms
[127.460s][info][gc,phases   ] GC(21) y: Concurrent Relocate 0.059ms
[127.460s][info][gc,alloc    ] GC(21) y:                         Mark Start        Mark End      Relocate Start    Relocate End   
[127.460s][info][gc,alloc    ] GC(21) y: Allocation Stalls:          1                1                1                1         
[127.460s][info][gc,load     ] GC(21) y: Load: 0.00 (0%) / 0.00 (0%) / 0.00 (0%)
[127.460s][info][gc,mmu      ] GC(21) y: MMU: 2ms/97.1%, 5ms/98.7%, 10ms/99.3%, 20ms/99.6%, 50ms/99.9%, 100ms/99.9%
[127.460s][info][gc,marking  ] GC(21) y: Mark: 2 stripe(s), 1 proactive flush(es), 1 terminate flush(es), 0 completion(s), 0 continuation(s) 
[127.460s][info][gc,nmethod  ] GC(21) y: NMethods: 457 registered, 24 unregistered
[127.460s][info][gc,metaspace] GC(21) y: Metaspace: 0M used, 1M committed, 1088M reserved
[127.460s][info][gc,reloc    ] GC(21) y:                        Candidates     Selected     In-Place         Size        Empty    Relocated 
[127.460s][info][gc,reloc    ] GC(21) y: Small Pages:                    0            0            0           0M           0M           0M 
[127.461s][info][gc,reloc    ] GC(21) y: Medium Pages:                   0            0            0           0M           0M           0M 
[127.461s][info][gc,reloc    ] GC(21) y: Large Pages:                    7            0            0          14M           0M           0M 
[127.461s][info][gc,reloc    ] GC(21) y: Forwarding Usage: 0M
[127.461s][info][gc,reloc    ] GC(21) y: Age Table:
[127.461s][info][gc,reloc    ] GC(21) y:                    Live             Garbage             Small              Medium             Large        
[127.461s][info][gc,reloc    ] GC(21) y: Eden                -                 0M (0%)           0 / 0              0 / 0              0 / 0        
[127.461s][info][gc,reloc    ] GC(21) y: Survivor 1         2M (1%)            0M (0%)           0 / 0              0 / 0              1 / 0        
[127.461s][info][gc,reloc    ] GC(21) y: Survivor 2          -                 0M (0%)           0 / 0              0 / 0              0 / 0        
[127.461s][info][gc,reloc    ] GC(21) y: Survivor 3        10M (4%)            0M (0%)           0 / 0              0 / 0              5 / 0        
[127.461s][info][gc,reloc    ] GC(21) y: Survivor 4         2M (1%)            0M (0%)           0 / 0              0 / 0              1 / 0        
[127.461s][info][gc,heap     ] GC(21) y: Min Capacity: 8M(3%)
[127.461s][info][gc,heap     ] GC(21) y: Max Capacity: 256M(100%)
[127.461s][info][gc,heap     ] GC(21) y: Soft Max Capacity: 256M(100%)
[127.461s][info][gc,heap     ] GC(21) y: Heap Statistics:
[127.461s][info][gc,heap     ] GC(21) y:                Mark Start          Mark End        Relocate Start      Relocate End           High               Low         
[127.461s][info][gc,heap     ] GC(21) y:  Capacity:      256M (100%)        256M (100%)        256M (100%)        256M (100%)        256M (100%)        256M (100%)   
[127.461s][info][gc,heap     ] GC(21) y:      Free:        0M (0%)            0M (0%)            0M (0%)            0M (0%)            0M (0%)            0M (0%)     
[127.461s][info][gc,heap     ] GC(21) y:      Used:      256M (100%)        256M (100%)        256M (100%)        256M (100%)        256M (100%)        256M (100%)   
[127.461s][info][gc,heap     ] GC(21) y: Young Generation Statistics:
[127.461s][info][gc,heap     ] GC(21) y:                Mark Start          Mark End        Relocate Start      Relocate End    
[127.461s][info][gc,heap     ] GC(21) y:      Used:       14M (5%)           14M (5%)           14M (5%)           14M (5%)     
[127.461s][info][gc,heap     ] GC(21) y:      Live:         -                14M (5%)           14M (5%)           14M (5%)     
[127.461s][info][gc,heap     ] GC(21) y:   Garbage:         -                 0M (0%)            0M (0%)            0M (0%)     
[127.461s][info][gc,heap     ] GC(21) y: Allocated:         -                 0M (0%)            0M (0%)            0M (0%)     
[127.461s][info][gc,heap     ] GC(21) y: Reclaimed:         -                  -                 0M (0%)            0M (0%)     
[127.461s][info][gc,heap     ] GC(21) y:  Promoted:         -                  -                 0M (0%)            0M (0%)     
[127.461s][info][gc,heap     ] GC(21) y: Compacted:         -                  -                  -                 0M (0%)     
[127.461s][info][gc,phases   ] GC(21) y: Young Generation 256M(100%)->256M(100%) 0.001s
[127.461s][info][gc          ] GC(21) Minor Collection (Allocation Stall) 256M(100%)->256M(100%) 0.001s
[127.461s][info][gc          ] GC(22) Major Collection (Allocation Stall)
[127.461s][info][gc,task     ] GC(22) Using 2 Workers for Young Generation
[127.461s][info][gc,task     ] GC(22) Using 2 Workers for Old Generation
[127.461s][info][gc,phases   ] GC(22) Y: Young Generation (Promote All)
[127.461s][info][gc,phases   ] GC(22) Y: Pause Mark Start 0.005ms
[127.461s][info][gc,phases   ] GC(22) Y: Concurrent Mark 0.559ms
[127.461s][info][gc,phases   ] GC(22) Y: Pause Mark End 0.005ms
[127.461s][info][gc,phases   ] GC(22) Y: Concurrent Mark Free 0.001ms
[127.462s][info][gc,phases   ] GC(22) Y: Concurrent Reset Relocation Set 0.000ms
[127.462s][info][gc,reloc    ] GC(22) Y: Using tenuring threshold: 0 (Promote All)
[127.462s][info][gc,phases   ] GC(22) Y: Concurrent Select Relocation Set 0.128ms
[127.462s][info][gc,phases   ] GC(22) Y: Pause Relocate Start 0.003ms
[127.462s][info][gc,phases   ] GC(22) Y: Concurrent Relocate 0.076ms
[127.462s][info][gc,alloc    ] GC(22) Y:                         Mark Start        Mark End      Relocate Start    Relocate End   
[127.462s][info][gc,alloc    ] GC(22) Y: Allocation Stalls:          1                1                1                1         
[127.462s][info][gc,load     ] GC(22) Y: Load: 0.00 (0%) / 0.00 (0%) / 0.00 (0%)
[127.462s][info][gc,mmu      ] GC(22) Y: MMU: 2ms/97.1%, 5ms/98.7%, 10ms/99.3%, 20ms/99.6%, 50ms/99.9%, 100ms/99.9%
[127.462s][info][gc,marking  ] GC(22) Y: Mark: 2 stripe(s), 1 proactive flush(es), 1 terminate flush(es), 0 completion(s), 0 continuation(s) 
[127.462s][info][gc,nmethod  ] GC(22) Y: NMethods: 457 registered, 24 unregistered
[127.462s][info][gc,metaspace] GC(22) Y: Metaspace: 0M used, 1M committed, 1088M reserved
[127.462s][info][gc,reloc    ] GC(22) Y:                        Candidates     Selected     In-Place         Size        Empty    Relocated 
[127.462s][info][gc,reloc    ] GC(22) Y: Small Pages:                    0            0            0           0M           0M           0M 
[127.462s][info][gc,reloc    ] GC(22) Y: Medium Pages:                   0            0            0           0M           0M           0M 
[127.462s][info][gc,reloc    ] GC(22) Y: Large Pages:                    7            0            0          14M           0M           0M 
[127.462s][info][gc,reloc    ] GC(22) Y: Forwarding Usage: 0M
[127.462s][info][gc,reloc    ] GC(22) Y: Age Table:
[127.462s][info][gc,reloc    ] GC(22) Y:                    Live             Garbage             Small              Medium             Large        
[127.462s][info][gc,reloc    ] GC(22) Y: Eden                -                 0M (0%)           0 / 0              0 / 0              0 / 0        
[127.462s][info][gc,reloc    ] GC(22) Y: Survivor 1          -                 0M (0%)           0 / 0              0 / 0              0 / 0        
[127.462s][info][gc,reloc    ] GC(22) Y: Survivor 2         2M (1%)            0M (0%)           0 / 0              0 / 0              1 / 0        
[127.462s][info][gc,reloc    ] GC(22) Y: Survivor 3          -                 0M (0%)           0 / 0              0 / 0              0 / 0        
[127.462s][info][gc,reloc    ] GC(22) Y: Survivor 4        10M (4%)            0M (0%)           0 / 0              0 / 0              5 / 0        
[127.462s][info][gc,reloc    ] GC(22) Y: Survivor 5         2M (1%)            0M (0%)           0 / 0              0 / 0              1 / 0        
[127.462s][info][gc,heap     ] GC(22) Y: Min Capacity: 8M(3%)
[127.462s][info][gc,heap     ] GC(22) Y: Max Capacity: 256M(100%)
[127.462s][info][gc,heap     ] GC(22) Y: Soft Max Capacity: 256M(100%)
[127.462s][info][gc,heap     ] GC(22) Y: Heap Statistics:
[127.462s][info][gc,heap     ] GC(22) Y:                Mark Start          Mark End        Relocate Start      Relocate End           High               Low         
[127.462s][info][gc,heap     ] GC(22) Y:  Capacity:      256M (100%)        256M (100%)        256M (100%)        256M (100%)        256M (100%)        256M (100%)   
[127.462s][info][gc,heap     ] GC(22) Y:      Free:        0M (0%)            0M (0%)            0M (0%)            0M (0%)            0M (0%)            0M (0%)     
[127.462s][info][gc,heap     ] GC(22) Y:      Used:      256M (100%)        256M (100%)        256M (100%)        256M (100%)        256M (100%)        256M (100%)   
[127.462s][info][gc,heap     ] GC(22) Y: Young Generation Statistics:
[127.462s][info][gc,heap     ] GC(22) Y:                Mark Start          Mark End        Relocate Start      Relocate End    
[127.462s][info][gc,heap     ] GC(22) Y:      Used:       14M (5%)           14M (5%)            0M (0%)            0M (0%)     
[127.462s][info][gc,heap     ] GC(22) Y:      Live:         -                14M (5%)            0M (0%)            0M (0%)     
[127.462s][info][gc,heap     ] GC(22) Y:   Garbage:         -                 0M (0%)            0M (0%)            0M (0%)     
[127.462s][info][gc,heap     ] GC(22) Y: Allocated:         -                 0M (0%)            0M (0%)            0M (0%)     
[127.462s][info][gc,heap     ] GC(22) Y: Reclaimed:         -                  -                 0M (0%)            0M (0%)     
[127.462s][info][gc,heap     ] GC(22) Y:  Promoted:         -                  -                14M (5%)           14M (5%)     
[127.462s][info][gc,heap     ] GC(22) Y: Compacted:         -                  -                  -                 0M (0%)     
[127.462s][info][gc,phases   ] GC(22) Y: Young Generation (Promote All) 256M(100%)->256M(100%) 0.001s
[127.462s][info][gc,phases   ] GC(22) Y: Young Generation (Collect Roots)
[127.462s][info][gc,phases   ] GC(22) Y: Pause Mark Start (Major) 0.005ms
[127.463s][info][gc,phases   ] GC(22) Y: Concurrent Mark 0.563ms
[127.463s][info][gc,phases   ] GC(22) Y: Pause Mark End 0.005ms
[127.463s][info][gc,phases   ] GC(22) Y: Concurrent Mark Free 0.000ms
[127.463s][info][gc,phases   ] GC(22) Y: Concurrent Reset Relocation Set 0.002ms
[127.463s][info][gc,reloc    ] GC(22) Y: Using tenuring threshold: 0 (Computed)
[127.463s][info][gc,phases   ] GC(22) Y: Concurrent Select Relocation Set 0.091ms
[127.463s][info][gc,phases   ] GC(22) Y: Pause Relocate Start 0.003ms
[127.463s][info][gc,phases   ] GC(22) Y: Concurrent Relocate 0.045ms
[127.463s][info][gc,alloc    ] GC(22) Y:                         Mark Start        Mark End      Relocate Start    Relocate End   
[127.463s][info][gc,alloc    ] GC(22) Y: Allocation Stalls:          1                1                1                1         
[127.463s][info][gc,load     ] GC(22) Y: Load: 0.00 (0%) / 0.00 (0%) / 0.00 (0%)
[127.463s][info][gc,mmu      ] GC(22) Y: MMU: 2ms/97.1%, 5ms/98.7%, 10ms/99.3%, 20ms/99.6%, 50ms/99.9%, 100ms/99.9%
[127.463s][info][gc,marking  ] GC(22) Y: Mark: 2 stripe(s), 1 proactive flush(es), 1 terminate flush(es), 0 completion(s), 0 continuation(s) 
[127.463s][info][gc,nmethod  ] GC(22) Y: NMethods: 457 registered, 24 unregistered
[127.463s][info][gc,metaspace] GC(22) Y: Metaspace: 0M used, 1M committed, 1088M reserved
[127.463s][info][gc,heap     ] GC(22) Y: Min Capacity: 8M(3%)
[127.463s][info][gc,heap     ] GC(22) Y: Max Capacity: 256M(100%)
[127.463s][info][gc,heap     ] GC(22) Y: Soft Max Capacity: 256M(100%)
[127.463s][info][gc,heap     ] GC(22) Y: Heap Statistics:
[127.463s][info][gc,heap     ] GC(22) Y:                Mark Start          Mark End        Relocate Start      Relocate End           High               Low         
[127.463s][info][gc,heap     ] GC(22) Y:  Capacity:      256M (100%)        256M (100%)        256M (100%)        256M (100%)        256M (100%)        256M (100%)   
[127.463s][info][gc,heap     ] GC(22) Y:      Free:        0M (0%)            0M (0%)            0M (0%)            0M (0%)            0M (0%)            0M (0%)     
[127.463s][info][gc,heap     ] GC(22) Y:      Used:      256M (100%)        256M (100%)        256M (100%)        256M (100%)        256M (100%)        256M (100%)   
[127.463s][info][gc,heap     ] GC(22) Y: Young Generation Statistics:
[127.463s][info][gc,heap     ] GC(22) Y:                Mark Start          Mark End        Relocate Start      Relocate End    
[127.463s][info][gc,heap     ] GC(22) Y:      Used:        0M (0%)            0M (0%)            0M (0%)            0M (0%)     
[127.463s][info][gc,heap     ] GC(22) Y:      Live:         -                 0M (0%)            0M (0%)            0M (0%)     
[127.463s][info][gc,heap     ] GC(22) Y:   Garbage:         -                 0M (0%)            0M (0%)            0M (0%)     
[127.463s][info][gc,heap     ] GC(22) Y: Allocated:         -                 0M (0%)            0M (0%)            0M (0%)     
[127.463s][info][gc,heap     ] GC(22) Y: Reclaimed:         -                  -                 0M (0%)            0M (0%)     
[127.463s][info][gc,heap     ] GC(22) Y:  Promoted:         -                  -                 0M (0%)            0M (0%)     
[127.463s][info][gc,heap     ] GC(22) Y: Compacted:         -                  -                  -                 0M (0%)     
[127.463s][info][gc,phases   ] GC(22) Y: Young Generation (Collect Roots) 256M(100%)->256M(100%) 0.001s
[127.463s][info][gc,phases   ] GC(22) O: Old Generation
[127.465s][info][gc,phases   ] GC(22) O: Concurrent Mark 1.329ms
[127.465s][info][gc,phases   ] GC(22) O: Pause Mark End 0.005ms
[127.465s][info][gc,phases   ] GC(22) O: Concurrent Mark Free 0.002ms
[127.465s][info][gc,ref      ] GC(22) O: Clearing All SoftReferences
[127.465s][info][gc,phases   ] GC(22) O: Concurrent Process Non-Strong 0.339ms
[127.465s][info][gc,phases   ] GC(22) O: Concurrent Reset Relocation Set 0.000ms
[127.465s][info][gc,phases   ] GC(22) O: Concurrent Select Relocation Set 0.023ms
[127.465s][info][gc,task     ] GC(22) O: Using 2 Workers for Old Generation
[127.465s][info][gc,task     ] GC(22) O: Using 2 Workers for Old Generation
[127.465s][info][gc,phases   ] GC(22) O: Concurrent Remap Roots 0.319ms
[127.465s][info][gc,phases   ] GC(22) O: Pause Relocate Start 0.005ms
[127.465s][info][gc,phases   ] GC(22) O: Concurrent Relocate 0.039ms
[127.465s][info][gc,alloc    ] GC(22) O:                         Mark Start        Mark End      Relocate Start    Relocate End   
[127.465s][info][gc,alloc    ] GC(22) O: Allocation Stalls:          1                1                1                1         
[127.465s][info][gc,load     ] GC(22) O: Load: 0.00 (0%) / 0.00 (0%) / 0.00 (0%)
[127.465s][info][gc,mmu      ] GC(22) O: MMU: 2ms/97.1%, 5ms/98.7%, 10ms/99.3%, 20ms/99.6%, 50ms/99.9%, 100ms/99.9%
[127.466s][info][gc,marking  ] GC(22) O: Mark: 2 stripe(s), 1 proactive flush(es), 1 terminate flush(es), 0 completion(s), 0 continuation(s) 
[127.466s][info][gc,nmethod  ] GC(22) O: NMethods: 457 registered, 24 unregistered
[127.466s][info][gc,metaspace] GC(22) O: Metaspace: 0M used, 1M committed, 1088M reserved
[127.466s][info][gc,ref      ] GC(22) O:                       Encountered   Discovered     Enqueued 
[127.466s][info][gc,ref      ] GC(22) O: Soft References:               55           33            0 
[127.466s][info][gc,ref      ] GC(22) O: Weak References:              146           57            0 
[127.466s][info][gc,ref      ] GC(22) O: Final References:               0            0            0 
[127.466s][info][gc,ref      ] GC(22) O: Phantom References:             8            6            0 
[127.466s][info][gc,reloc    ] GC(22) O:                        Candidates     Selected     In-Place         Size        Empty    Relocated 
[127.466s][info][gc,reloc    ] GC(22) O: Small Pages:                    1            0            0           2M           0M           0M 
[127.466s][info][gc,reloc    ] GC(22) O: Medium Pages:                   0            0            0           0M           0M           0M 
[127.466s][info][gc,reloc    ] GC(22) O: Large Pages:                  127            0            0         254M           0M           0M 
[127.466s][info][gc,reloc    ] GC(22) O: Forwarding Usage: 0M
[127.466s][info][gc,heap     ] GC(22) O: Min Capacity: 8M(3%)
[127.466s][info][gc,heap     ] GC(22) O: Max Capacity: 256M(100%)
[127.466s][info][gc,heap     ] GC(22) O: Soft Max Capacity: 256M(100%)
[127.466s][info][gc,heap     ] GC(22) O: Heap Statistics:
[127.466s][info][gc,heap     ] GC(22) O:                Mark Start          Mark End        Relocate Start      Relocate End           High               Low         
[127.466s][info][gc,heap     ] GC(22) O:  Capacity:      256M (100%)        256M (100%)        256M (100%)        256M (100%)        256M (100%)        256M (100%)   
[127.466s][info][gc,heap     ] GC(22) O:      Free:        0M (0%)            0M (0%)            0M (0%)            0M (0%)            0M (0%)            0M (0%)     
[127.466s][info][gc,heap     ] GC(22) O:      Used:      256M (100%)        256M (100%)        256M (100%)        256M (100%)        256M (100%)        256M (100%)   
[127.466s][info][gc,heap     ] GC(22) O: Old Generation Statistics:
[127.466s][info][gc,heap     ] GC(22) O:                Mark Start          Mark End        Relocate Start      Relocate End    
[127.466s][info][gc,heap     ] GC(22) O:      Used:      256M (100%)        256M (100%)        256M (100%)        256M (100%)   
[127.466s][info][gc,heap     ] GC(22) O:      Live:         -               255M (100%)        255M (100%)        255M (100%)   
[127.466s][info][gc,heap     ] GC(22) O:   Garbage:         -                 0M (0%)            0M (0%)            0M (0%)     
[127.466s][info][gc,heap     ] GC(22) O: Allocated:         -                 0M (0%)            0M (0%)            0M (0%)     
[127.466s][info][gc,heap     ] GC(22) O: Reclaimed:         -                  -                 0M (0%)            0M (0%)     
[127.466s][info][gc,heap     ] GC(22) O: Compacted:         -                  -                  -                 0M (0%)     
[127.466s][info][gc,phases   ] GC(22) O: Old Generation 256M(100%)->256M(100%) 0.002s
[127.466s][info][gc          ] GC(22) Major Collection (Allocation Stall) 256M(100%)->256M(100%) 0.005s
[127.466s][info][gc          ] Allocation Stall (main) 7.577ms
[127.466s][info][gc          ] GC(23) Minor Collection (Allocation Stall)
[127.466s][info][gc,task     ] GC(23) Using 2 Workers for Young Generation
[127.466s][info][gc,phases   ] GC(23) y: Young Generation
[127.466s][info][gc,phases   ] GC(23) y: Pause Mark Start 0.006ms
[127.466s][info][gc,phases   ] GC(23) y: Concurrent Mark 0.578ms
[127.467s][info][gc,phases   ] GC(23) y: Pause Mark End 0.005ms
[127.467s][info][gc,phases   ] GC(23) y: Concurrent Mark Free 0.000ms
[127.467s][info][gc,phases   ] GC(23) y: Concurrent Reset Relocation Set 0.000ms
[127.467s][info][gc,reloc    ] GC(23) y: Using tenuring threshold: 0 (Computed)
[127.467s][info][gc,phases   ] GC(23) y: Concurrent Select Relocation Set 0.075ms
[127.467s][info][gc,phases   ] GC(23) y: Pause Relocate Start 0.003ms
[127.467s][info][gc,phases   ] GC(23) y: Concurrent Relocate 0.045ms
[127.467s][info][gc,alloc    ] GC(23) y:                         Mark Start        Mark End      Relocate Start    Relocate End   
[127.467s][info][gc,alloc    ] GC(23) y: Allocation Stalls:          1                1                1                1         
[127.467s][info][gc,load     ] GC(23) y: Load: 0.00 (0%) / 0.00 (0%) / 0.00 (0%)
[127.467s][info][gc,mmu      ] GC(23) y: MMU: 2ms/97.1%, 5ms/98.7%, 10ms/99.1%, 20ms/99.6%, 50ms/99.8%, 100ms/99.9%
[127.467s][info][gc,marking  ] GC(23) y: Mark: 2 stripe(s), 1 proactive flush(es), 1 terminate flush(es), 0 completion(s), 0 continuation(s) 
[127.467s][info][gc,nmethod  ] GC(23) y: NMethods: 457 registered, 24 unregistered
[127.467s][info][gc,metaspace] GC(23) y: Metaspace: 0M used, 1M committed, 1088M reserved
[127.467s][info][gc,heap     ] GC(23) y: Min Capacity: 8M(3%)
[127.467s][info][gc,heap     ] GC(23) y: Max Capacity: 256M(100%)
[127.467s][info][gc,heap     ] GC(23) y: Soft Max Capacity: 256M(100%)
[127.467s][info][gc,heap     ] GC(23) y: Heap Statistics:
[127.467s][info][gc,heap     ] GC(23) y:                Mark Start          Mark End        Relocate Start      Relocate End           High               Low         
[127.467s][info][gc,heap     ] GC(23) y:  Capacity:      256M (100%)        256M (100%)        256M (100%)        256M (100%)        256M (100%)        256M (100%)   
[127.467s][info][gc,heap     ] GC(23) y:      Free:        0M (0%)            0M (0%)            0M (0%)            0M (0%)            0M (0%)            0M (0%)     
[127.467s][info][gc,heap     ] GC(23) y:      Used:      256M (100%)        256M (100%)        256M (100%)        256M (100%)        256M (100%)        256M (100%)   
[127.467s][info][gc,heap     ] GC(23) y: Young Generation Statistics:
[127.467s][info][gc,heap     ] GC(23) y:                Mark Start          Mark End        Relocate Start      Relocate End    
[127.467s][info][gc,heap     ] GC(23) y:      Used:        0M (0%)            0M (0%)            0M (0%)            0M (0%)     
[127.467s][info][gc,heap     ] GC(23) y:      Live:         -                 0M (0%)            0M (0%)            0M (0%)     
[127.467s][info][gc,heap     ] GC(23) y:   Garbage:         -                 0M (0%)            0M (0%)            0M (0%)     
[127.467s][info][gc,heap     ] GC(23) y: Allocated:         -                 0M (0%)            0M (0%)            0M (0%)     
[127.467s][info][gc,heap     ] GC(23) y: Reclaimed:         -                  -                 0M (0%)            0M (0%)     
[127.467s][info][gc,heap     ] GC(23) y:  Promoted:         -                  -                 0M (0%)            0M (0%)     
[127.467s][info][gc,heap     ] GC(23) y: Compacted:         -                  -                  -                 0M (0%)     
[127.467s][info][gc,phases   ] GC(23) y: Young Generation 256M(100%)->256M(100%) 0.001s
[127.467s][info][gc          ] GC(23) Minor Collection (Allocation Stall) 256M(100%)->256M(100%) 0.001s
[127.467s][info][gc          ] GC(24) Major Collection (Allocation Stall)
[127.467s][info][gc,task     ] GC(24) Using 2 Workers for Young Generation
[127.467s][info][gc,task     ] GC(24) Using 2 Workers for Old Generation
[127.467s][info][gc,phases   ] GC(24) Y: Young Generation (Promote All)
[127.467s][info][gc,phases   ] GC(24) Y: Pause Mark Start 0.004ms
[127.468s][info][gc,phases   ] GC(24) Y: Concurrent Mark 0.560ms
[127.468s][info][gc,phases   ] GC(24) Y: Pause Mark End 0.004ms
[127.468s][info][gc,phases   ] GC(24) Y: Concurrent Mark Free 0.000ms
[127.468s][info][gc,phases   ] GC(24) Y: Concurrent Reset Relocation Set 0.000ms
[127.468s][info][gc,reloc    ] GC(24) Y: Using tenuring threshold: 0 (Promote All)
[127.468s][info][gc,phases   ] GC(24) Y: Concurrent Select Relocation Set 0.069ms
[127.468s][info][gc,phases   ] GC(24) Y: Pause Relocate Start 0.004ms
[127.468s][info][gc,phases   ] GC(24) Y: Concurrent Relocate 0.044ms
[127.468s][info][gc,alloc    ] GC(24) Y:                         Mark Start        Mark End      Relocate Start    Relocate End   
[127.468s][info][gc,alloc    ] GC(24) Y: Allocation Stalls:          1                1                1                1         
[127.468s][info][gc,load     ] GC(24) Y: Load: 0.00 (0%) / 0.00 (0%) / 0.00 (0%)
[127.468s][info][gc,mmu      ] GC(24) Y: MMU: 2ms/97.1%, 5ms/98.7%, 10ms/99.1%, 20ms/99.5%, 50ms/99.8%, 100ms/99.9%
[127.468s][info][gc,marking  ] GC(24) Y: Mark: 2 stripe(s), 1 proactive flush(es), 1 terminate flush(es), 0 completion(s), 0 continuation(s) 
[127.468s][info][gc,nmethod  ] GC(24) Y: NMethods: 457 registered, 24 unregistered
[127.468s][info][gc,metaspace] GC(24) Y: Metaspace: 0M used, 1M committed, 1088M reserved
[127.468s][info][gc,heap     ] GC(24) Y: Min Capacity: 8M(3%)
[127.468s][info][gc,heap     ] GC(24) Y: Max Capacity: 256M(100%)
[127.468s][info][gc,heap     ] GC(24) Y: Soft Max Capacity: 256M(100%)
[127.468s][info][gc,heap     ] GC(24) Y: Heap Statistics:
[127.468s][info][gc,heap     ] GC(24) Y:                Mark Start          Mark End        Relocate Start      Relocate End           High               Low         
[127.468s][info][gc,heap     ] GC(24) Y:  Capacity:      256M (100%)        256M (100%)        256M (100%)        256M (100%)        256M (100%)        256M (100%)   
[127.468s][info][gc,heap     ] GC(24) Y:      Free:        0M (0%)            0M (0%)            0M (0%)            0M (0%)            0M (0%)            0M (0%)     
[127.468s][info][gc,heap     ] GC(24) Y:      Used:      256M (100%)        256M (100%)        256M (100%)        256M (100%)        256M (100%)        256M (100%)   
[127.468s][info][gc,heap     ] GC(24) Y: Young Generation Statistics:
[127.468s][info][gc,heap     ] GC(24) Y:                Mark Start          Mark End        Relocate Start      Relocate End    
[127.468s][info][gc,heap     ] GC(24) Y:      Used:        0M (0%)            0M (0%)            0M (0%)            0M (0%)     
[127.468s][info][gc,heap     ] GC(24) Y:      Live:         -                 0M (0%)            0M (0%)            0M (0%)     
[127.468s][info][gc,heap     ] GC(24) Y:   Garbage:         -                 0M (0%)            0M (0%)            0M (0%)     
[127.468s][info][gc,heap     ] GC(24) Y: Allocated:         -                 0M (0%)            0M (0%)            0M (0%)     
[127.468s][info][gc,heap     ] GC(24) Y: Reclaimed:         -                  -                 0M (0%)            0M (0%)     
[127.468s][info][gc,heap     ] GC(24) Y:  Promoted:         -                  -                 0M (0%)            0M (0%)     
[127.468s][info][gc,heap     ] GC(24) Y: Compacted:         -                  -                  -                 0M (0%)     
[127.468s][info][gc,phases   ] GC(24) Y: Young Generation (Promote All) 256M(100%)->256M(100%) 0.001s
[127.468s][info][gc,phases   ] GC(24) Y: Young Generation (Collect Roots)
[127.468s][info][gc,phases   ] GC(24) Y: Pause Mark Start (Major) 0.005ms
[127.469s][info][gc,phases   ] GC(24) Y: Concurrent Mark 0.497ms
[127.469s][info][gc,phases   ] GC(24) Y: Pause Mark End 0.004ms
[127.469s][info][gc,phases   ] GC(24) Y: Concurrent Mark Free 0.000ms
[127.469s][info][gc,phases   ] GC(24) Y: Concurrent Reset Relocation Set 0.000ms
[127.469s][info][gc,reloc    ] GC(24) Y: Using tenuring threshold: 0 (Computed)
[127.469s][info][gc,phases   ] GC(24) Y: Concurrent Select Relocation Set 0.086ms
[127.469s][info][gc,phases   ] GC(24) Y: Pause Relocate Start 0.003ms
[127.469s][info][gc,phases   ] GC(24) Y: Concurrent Relocate 0.042ms
[127.469s][info][gc,alloc    ] GC(24) Y:                         Mark Start        Mark End      Relocate Start    Relocate End   
[127.469s][info][gc,alloc    ] GC(24) Y: Allocation Stalls:          1                1                1                1         
[127.469s][info][gc,load     ] GC(24) Y: Load: 0.00 (0%) / 0.00 (0%) / 0.00 (0%)
[127.469s][info][gc,mmu      ] GC(24) Y: MMU: 2ms/97.1%, 5ms/98.7%, 10ms/99.0%, 20ms/99.5%, 50ms/99.8%, 100ms/99.9%
[127.469s][info][gc,marking  ] GC(24) Y: Mark: 2 stripe(s), 1 proactive flush(es), 1 terminate flush(es), 0 completion(s), 0 continuation(s) 
[127.469s][info][gc,nmethod  ] GC(24) Y: NMethods: 457 registered, 24 unregistered
[127.469s][info][gc,metaspace] GC(24) Y: Metaspace: 0M used, 1M committed, 1088M reserved
[127.469s][info][gc,heap     ] GC(24) Y: Min Capacity: 8M(3%)
[127.469s][info][gc,heap     ] GC(24) Y: Max Capacity: 256M(100%)
[127.469s][info][gc,heap     ] GC(24) Y: Soft Max Capacity: 256M(100%)
[127.469s][info][gc,heap     ] GC(24) Y: Heap Statistics:
[127.469s][info][gc,heap     ] GC(24) Y:                Mark Start          Mark End        Relocate Start      Relocate End           High               Low         
[127.469s][info][gc,heap     ] GC(24) Y:  Capacity:      256M (100%)        256M (100%)        256M (100%)        256M (100%)        256M (100%)        256M (100%)   
[127.469s][info][gc,heap     ] GC(24) Y:      Free:        0M (0%)            0M (0%)            0M (0%)            0M (0%)            0M (0%)            0M (0%)     
[127.469s][info][gc,heap     ] GC(24) Y:      Used:      256M (100%)        256M (100%)        256M (100%)        256M (100%)        256M (100%)        256M (100%)   
[127.469s][info][gc,heap     ] GC(24) Y: Young Generation Statistics:
[127.469s][info][gc,heap     ] GC(24) Y:                Mark Start          Mark End        Relocate Start      Relocate End    
[127.469s][info][gc,heap     ] GC(24) Y:      Used:        0M (0%)            0M (0%)            0M (0%)            0M (0%)     
[127.469s][info][gc,heap     ] GC(24) Y:      Live:         -                 0M (0%)            0M (0%)            0M (0%)     
[127.469s][info][gc,heap     ] GC(24) Y:   Garbage:         -                 0M (0%)            0M (0%)            0M (0%)     
[127.469s][info][gc,heap     ] GC(24) Y: Allocated:         -                 0M (0%)            0M (0%)            0M (0%)     
[127.469s][info][gc,heap     ] GC(24) Y: Reclaimed:         -                  -                 0M (0%)            0M (0%)     
[127.469s][info][gc,heap     ] GC(24) Y:  Promoted:         -                  -                 0M (0%)            0M (0%)     
[127.469s][info][gc,heap     ] GC(24) Y: Compacted:         -                  -                  -                 0M (0%)     
[127.469s][info][gc,phases   ] GC(24) Y: Young Generation (Collect Roots) 256M(100%)->256M(100%) 0.001s
[127.469s][info][gc,phases   ] GC(24) O: Old Generation
[127.470s][info][gc,phases   ] GC(24) O: Concurrent Mark 1.325ms
[127.470s][info][gc,phases   ] GC(24) O: Pause Mark End 0.005ms
[127.471s][info][gc,phases   ] GC(24) O: Concurrent Mark Free 0.002ms
[127.471s][info][gc,ref      ] GC(24) O: Clearing All SoftReferences
[127.471s][info][gc,phases   ] GC(24) O: Concurrent Process Non-Strong 0.324ms
[127.471s][info][gc,phases   ] GC(24) O: Concurrent Reset Relocation Set 0.000ms
[127.471s][info][gc,phases   ] GC(24) O: Concurrent Select Relocation Set 0.023ms
[127.471s][info][gc,task     ] GC(24) O: Using 2 Workers for Old Generation
[127.471s][info][gc,task     ] GC(24) O: Using 2 Workers for Old Generation
[127.471s][info][gc,phases   ] GC(24) O: Concurrent Remap Roots 0.305ms
[127.471s][info][gc,phases   ] GC(24) O: Pause Relocate Start 0.005ms
[127.471s][info][gc,phases   ] GC(24) O: Concurrent Relocate 0.091ms
[127.471s][info][gc,alloc    ] GC(24) O:                         Mark Start        Mark End      Relocate Start    Relocate End   
[127.471s][info][gc,alloc    ] GC(24) O: Allocation Stalls:          1                1                1                1         
[127.471s][info][gc,load     ] GC(24) O: Load: 0.00 (0%) / 0.00 (0%) / 0.00 (0%)
[127.471s][info][gc,mmu      ] GC(24) O: MMU: 2ms/97.1%, 5ms/98.7%, 10ms/99.0%, 20ms/99.4%, 50ms/99.8%, 100ms/99.9%
[127.471s][info][gc,marking  ] GC(24) O: Mark: 2 stripe(s), 1 proactive flush(es), 1 terminate flush(es), 0 completion(s), 0 continuation(s) 
[127.471s][info][gc,nmethod  ] GC(24) O: NMethods: 457 registered, 24 unregistered
[127.471s][info][gc,metaspace] GC(24) O: Metaspace: 0M used, 1M committed, 1088M reserved
[127.471s][info][gc,ref      ] GC(24) O:                       Encountered   Discovered     Enqueued 
[127.471s][info][gc,ref      ] GC(24) O: Soft References:               55           31            0 
[127.471s][info][gc,ref      ] GC(24) O: Weak References:              146          105            0 
[127.471s][info][gc,ref      ] GC(24) O: Final References:               0            0            0 
[127.471s][info][gc,ref      ] GC(24) O: Phantom References:             8            7            0 
[127.472s][info][gc,reloc    ] GC(24) O:                        Candidates     Selected     In-Place         Size        Empty    Relocated 
[127.472s][info][gc,reloc    ] GC(24) O: Small Pages:                    1            0            0           2M           0M           0M 
[127.472s][info][gc,reloc    ] GC(24) O: Medium Pages:                   0            0            0           0M           0M           0M 
[127.472s][info][gc,reloc    ] GC(24) O: Large Pages:                  127            0            0         254M           0M           0M 
[127.472s][info][gc,reloc    ] GC(24) O: Forwarding Usage: 0M
[127.472s][info][gc,heap     ] GC(24) O: Min Capacity: 8M(3%)
[127.472s][info][gc,heap     ] GC(24) O: Max Capacity: 256M(100%)
[127.472s][info][gc,heap     ] GC(24) O: Soft Max Capacity: 256M(100%)
[127.472s][info][gc,heap     ] GC(24) O: Heap Statistics:
[127.472s][info][gc,heap     ] GC(24) O:                Mark Start          Mark End        Relocate Start      Relocate End           High               Low         
[127.472s][info][gc,heap     ] GC(24) O:  Capacity:      256M (100%)        256M (100%)        256M (100%)        256M (100%)        256M (100%)        256M (100%)   
[127.472s][info][gc,heap     ] GC(24) O:      Free:        0M (0%)            0M (0%)            0M (0%)            0M (0%)            0M (0%)            0M (0%)     
[127.472s][info][gc,heap     ] GC(24) O:      Used:      256M (100%)        256M (100%)        256M (100%)        256M (100%)        256M (100%)        256M (100%)   
[127.472s][info][gc,heap     ] GC(24) O: Old Generation Statistics:
[127.472s][info][gc,heap     ] GC(24) O:                Mark Start          Mark End        Relocate Start      Relocate End    
[127.472s][info][gc,heap     ] GC(24) O:      Used:      256M (100%)        256M (100%)        256M (100%)        256M (100%)   
[127.472s][info][gc,heap     ] GC(24) O:      Live:         -               255M (100%)        255M (100%)        255M (100%)   
[127.472s][info][gc,heap     ] GC(24) O:   Garbage:         -                 0M (0%)            0M (0%)            0M (0%)     
[127.472s][info][gc,heap     ] GC(24) O: Allocated:         -                 0M (0%)            0M (0%)            0M (0%)     
[127.472s][info][gc,heap     ] GC(24) O: Reclaimed:         -                  -                 0M (0%)            0M (0%)     
[127.472s][info][gc,heap     ] GC(24) O: Compacted:         -                  -                  -                 0M (0%)     
[127.472s][info][gc,phases   ] GC(24) O: Old Generation 256M(100%)->256M(100%) 0.002s
[127.472s][info][gc          ] GC(24) Major Collection (Allocation Stall) 256M(100%)->256M(100%) 0.005s
[127.472s][info][gc          ] Allocation Stall (main) 5.929ms
[127.472s][info][gc          ] Out Of Memory (main)
