[2025-12-30T18:50:49.327-0600][0.066s] CardTable entry size: 512
[2025-12-30T18:50:49.327-0600][0.067s] Using G1
[2025-12-30T18:50:49.327-0600][0.072s] Version: 25+36-3489 (release)
[2025-12-30T18:50:49.327-0600][0.072s] CPUs: 16 total, 16 available
[2025-12-30T18:50:49.327-0600][0.072s] Memory: 16151M
[2025-12-30T18:50:49.327-0600][0.072s] Large Page Support: Disabled
[2025-12-30T18:50:49.327-0600][0.072s] NUMA Support: Disabled
[2025-12-30T18:50:49.327-0600][0.072s] Compressed Oops: Enabled (32-bit)
[2025-12-30T18:50:49.327-0600][0.072s] Heap Region Size: 1M
[2025-12-30T18:50:49.327-0600][0.072s] Heap Min Capacity: 128M
[2025-12-30T18:50:49.327-0600][0.072s] Heap Initial Capacity: 128M
[2025-12-30T18:50:49.327-0600][0.073s] Heap Max Capacity: 256M
[2025-12-30T18:50:49.327-0600][0.073s] Pre-touch: Disabled
[2025-12-30T18:50:49.327-0600][0.073s] Parallel Workers: 13
[2025-12-30T18:50:49.327-0600][0.074s] Concurrent Workers: 3
[2025-12-30T18:50:49.327-0600][0.074s] Concurrent Refinement Workers: 13
[2025-12-30T18:50:49.327-0600][0.074s] Periodic GC: Disabled
[2025-12-30T18:50:49.359-0600][0.104s] CDS archive(s) mapped at: [0x0000000090000000-0x0000000090dd0000-0x0000000090dd0000), size 14483456, SharedBaseAddress: 0x0000000090000000, ArchiveRelocationMode: 1.
[2025-12-30T18:50:49.359-0600][0.104s] Compressed class space mapped at: 0x0000000091000000-0x00000000d1000000, reserved size: 1073741824
[2025-12-30T18:50:49.359-0600][0.104s] UseCompressedClassPointers 1, UseCompactObjectHeaders 0
[2025-12-30T18:50:49.359-0600][0.104s] Narrow klass pointer bits 32, Max shift 3
[2025-12-30T18:50:49.359-0600][0.104s] Narrow klass base: 0x0000000090000000, Narrow klass shift: 0
[2025-12-30T18:50:49.359-0600][0.104s] Encoding Range: [0x0000000090000000 - 0x0000000190000000), (4294967296 bytes)
[2025-12-30T18:50:49.359-0600][0.104s] Klass Range:    [0x0000000090010000 - 0x00000000d1000000), (1090453504 bytes)
[2025-12-30T18:50:49.359-0600][0.104s] Klass ID Range:  [65536 - 1090519033) (1090453497)
[2025-12-30T18:50:49.359-0600][0.104s] Protection zone: [0x0000000090000000 - 0x0000000090010000), (65536 bytes)
[2025-12-30T18:51:17.821-0600][28.559s] GC(0) Pause Young (Concurrent Start) (G1 Humongous Allocation)
[2025-12-30T18:51:17.822-0600][28.560s] GC(0) Using 3 workers of 13 for evacuation
[2025-12-30T18:51:17.828-0600][28.567s] GC(0)   Pre Evacuate Collection Set: 0.82ms
[2025-12-30T18:51:17.829-0600][28.567s] GC(0)   Merge Heap Roots: 0.38ms
[2025-12-30T18:51:17.829-0600][28.567s] GC(0)   Evacuate Collection Set: 3.54ms
[2025-12-30T18:51:17.829-0600][28.568s] GC(0)   Post Evacuate Collection Set: 1.22ms
[2025-12-30T18:51:17.829-0600][28.568s] GC(0)   Other: 0.71ms
[2025-12-30T18:51:17.829-0600][28.568s] GC(0) Eden regions: 4->0(30)
[2025-12-30T18:51:17.829-0600][28.568s] GC(0) Survivor regions: 0->1(6)
[2025-12-30T18:51:17.829-0600][28.568s] GC(0) Old regions: 2->2
[2025-12-30T18:51:17.829-0600][28.568s] GC(0) Humongous regions: 56->56
[2025-12-30T18:51:17.829-0600][28.568s] GC(0) Metaspace: 982K(1088K)->982K(1088K) NonClass: 923K(960K)->923K(960K) Class: 58K(128K)->58K(128K)
[2025-12-30T18:51:17.829-0600][28.568s] GC(0) Pause Young (Concurrent Start) (G1 Humongous Allocation) 61M->57M(130M) 8.519ms
[2025-12-30T18:51:17.829-0600][28.568s] GC(0) User=0.03s Sys=0.02s Real=0.01s
[2025-12-30T18:51:17.830-0600][28.568s] GC(1) Concurrent Mark Cycle
[2025-12-30T18:51:17.830-0600][28.568s] GC(1) Concurrent Scan Root Regions
[2025-12-30T18:51:17.833-0600][28.571s] GC(1) Concurrent Scan Root Regions 2.753ms
[2025-12-30T18:51:17.833-0600][28.571s] GC(1) Concurrent Mark
[2025-12-30T18:51:17.833-0600][28.571s] GC(1) Concurrent Mark From Roots
[2025-12-30T18:51:17.833-0600][28.572s] GC(1) Using 3 workers of 3 for marking
[2025-12-30T18:51:17.839-0600][28.577s] GC(1) Concurrent Mark From Roots 5.864ms
[2025-12-30T18:51:17.839-0600][28.577s] GC(1) Concurrent Preclean
[2025-12-30T18:51:17.839-0600][28.577s] GC(1) Concurrent Preclean 0.054ms
[2025-12-30T18:51:17.839-0600][28.578s] GC(1) Pause Remark
[2025-12-30T18:51:17.842-0600][28.581s] GC(1) Pause Remark 60M->60M(130M) 3.216ms
[2025-12-30T18:51:17.842-0600][28.581s] GC(1) User=0.00s Sys=0.00s Real=0.00s
[2025-12-30T18:51:17.842-0600][28.582s] GC(1) Concurrent Mark 10.270ms
[2025-12-30T18:51:17.843-0600][28.582s] GC(1) Concurrent Rebuild Remembered Sets and Scrub Regions
[2025-12-30T18:51:17.845-0600][28.585s] GC(1) Concurrent Rebuild Remembered Sets and Scrub Regions 2.738ms
[2025-12-30T18:51:17.846-0600][28.585s] GC(1) Pause Cleanup
[2025-12-30T18:51:17.846-0600][28.585s] GC(1) Pause Cleanup 60M->60M(130M) 0.283ms
[2025-12-30T18:51:17.846-0600][28.585s] GC(1) User=0.00s Sys=0.00s Real=0.00s
[2025-12-30T18:51:17.846-0600][28.586s] GC(1) Concurrent Clear Claimed Marks
[2025-12-30T18:51:17.847-0600][28.586s] GC(1) Concurrent Clear Claimed Marks 0.189ms
[2025-12-30T18:51:17.847-0600][28.586s] GC(1) Concurrent Cleanup for Next Mark
[2025-12-30T18:51:17.848-0600][28.587s] GC(1) Concurrent Cleanup for Next Mark 1.623ms
[2025-12-30T18:51:17.849-0600][28.588s] GC(1) Concurrent Mark Cycle 19.490ms
[2025-12-30T18:52:55.516-0600][126.255s] GC(2) Pause Young (Prepare Mixed) (G1 Humongous Allocation)
[2025-12-30T18:52:55.518-0600][126.256s] GC(2) Using 6 workers of 13 for evacuation
[2025-12-30T18:52:55.519-0600][126.261s] GC(2)   Pre Evacuate Collection Set: 0.53ms
[2025-12-30T18:52:55.519-0600][126.261s] GC(2)   Merge Heap Roots: 0.26ms
[2025-12-30T18:52:55.519-0600][126.261s] GC(2)   Evacuate Collection Set: 2.11ms
[2025-12-30T18:52:55.519-0600][126.261s] GC(2)   Post Evacuate Collection Set: 0.89ms
[2025-12-30T18:52:55.519-0600][126.261s] GC(2)   Other: 1.22ms
[2025-12-30T18:52:55.519-0600][126.261s] GC(2) Eden regions: 1->0(3)
[2025-12-30T18:52:55.519-0600][126.261s] GC(2) Survivor regions: 1->1(2)
[2025-12-30T18:52:55.519-0600][126.261s] GC(2) Old regions: 2->2
[2025-12-30T18:52:55.519-0600][126.261s] GC(2) Humongous regions: 250->250
[2025-12-30T18:52:55.519-0600][126.261s] GC(2) Metaspace: 1025K(1152K)->1025K(1152K) NonClass: 967K(1024K)->967K(1024K) Class: 58K(128K)->58K(128K)
[2025-12-30T18:52:55.519-0600][126.261s] GC(2) Pause Young (Prepare Mixed) (G1 Humongous Allocation) 252M->251M(256M) 6.019ms
[2025-12-30T18:52:55.519-0600][126.261s] GC(2) User=0.00s Sys=0.00s Real=0.00s
[2025-12-30T18:52:56.528-0600][127.267s] GC(3) Pause Young (Mixed) (G1 Humongous Allocation)
[2025-12-30T18:52:56.528-0600][127.267s] GC(3) Using 6 workers of 13 for evacuation
[2025-12-30T18:52:56.534-0600][127.273s] GC(3)   Pre Evacuate Collection Set: 0.62ms
[2025-12-30T18:52:56.534-0600][127.273s] GC(3)   Merge Heap Roots: 0.31ms
[2025-12-30T18:52:56.534-0600][127.273s] GC(3)   Evacuate Collection Set: 2.62ms
[2025-12-30T18:52:56.534-0600][127.273s] GC(3)   Post Evacuate Collection Set: 1.62ms
[2025-12-30T18:52:56.534-0600][127.273s] GC(3)   Other: 0.22ms
[2025-12-30T18:52:56.534-0600][127.273s] GC(3) Eden regions: 1->0(1)
[2025-12-30T18:52:56.534-0600][127.273s] GC(3) Survivor regions: 1->0(0)
[2025-12-30T18:52:56.534-0600][127.273s] GC(3) Old regions: 2->3
[2025-12-30T18:52:56.534-0600][127.273s] GC(3) Humongous regions: 252->252
[2025-12-30T18:52:56.534-0600][127.273s] GC(3) Metaspace: 1025K(1152K)->1025K(1152K) NonClass: 967K(1024K)->967K(1024K) Class: 58K(128K)->58K(128K)
[2025-12-30T18:52:56.534-0600][127.273s] GC(3) Pause Young (Mixed) (G1 Humongous Allocation) (Evacuation Failure: Allocation) 254M->253M(256M) 6.370ms
[2025-12-30T18:52:56.534-0600][127.273s] GC(3) User=0.00s Sys=0.00s Real=0.01s
[2025-12-30T18:52:56.534-0600][127.273s] Attempting full compaction
[2025-12-30T18:52:56.534-0600][127.273s] GC(4) Pause Full (G1 Compaction Pause)
[2025-12-30T18:52:56.534-0600][127.273s] GC(4) Using 6 workers of 13 for full compaction
[2025-12-30T18:52:56.536-0600][127.274s] GC(4) Phase 1: Mark live objects
[2025-12-30T18:52:56.541-0600][127.281s] GC(4) Phase 1: Mark live objects 6.543ms
[2025-12-30T18:52:56.541-0600][127.281s] GC(4) Phase 2: Prepare compaction
[2025-12-30T18:52:56.544-0600][127.284s] GC(4) Phase 2: Prepare compaction 2.918ms
[2025-12-30T18:52:56.544-0600][127.284s] GC(4) Phase 3: Adjust pointers
[2025-12-30T18:52:56.544-0600][127.287s] GC(4) Phase 3: Adjust pointers 2.855ms
[2025-12-30T18:52:56.544-0600][127.287s] GC(4) Phase 4: Compact heap
[2025-12-30T18:52:56.552-0600][127.290s] GC(4) Phase 4: Compact heap 3.294ms
[2025-12-30T18:52:56.552-0600][127.290s] GC(4) Phase 5: Reset Metadata
[2025-12-30T18:52:56.552-0600][127.291s] GC(4) Phase 5: Reset Metadata 0.374ms
[2025-12-30T18:52:56.552-0600][127.295s] GC(4) Eden regions: 0->0(2)
[2025-12-30T18:52:56.552-0600][127.295s] GC(4) Survivor regions: 0->0(0)
[2025-12-30T18:52:56.552-0600][127.295s] GC(4) Old regions: 3->2
[2025-12-30T18:52:56.552-0600][127.295s] GC(4) Humongous regions: 252->252
[2025-12-30T18:52:56.552-0600][127.295s] GC(4) Metaspace: 1025K(1152K)->1011K(1152K) NonClass: 967K(1024K)->957K(1024K) Class: 58K(128K)->53K(128K)
[2025-12-30T18:52:56.552-0600][127.295s] GC(4) Pause Full (G1 Compaction Pause) 253M->253M(256M) 21.677ms
[2025-12-30T18:52:56.552-0600][127.295s] GC(4) User=0.02s Sys=0.00s Real=0.02s
[2025-12-30T18:52:56.552-0600][127.296s] GC(5) Pause Young (Concurrent Start) (G1 Evacuation Pause)
[2025-12-30T18:52:56.552-0600][127.296s] GC(5) Using 6 workers of 13 for evacuation
[2025-12-30T18:52:56.561-0600][127.300s] GC(5)   Pre Evacuate Collection Set: 0.67ms
[2025-12-30T18:52:56.561-0600][127.300s] GC(5)   Merge Heap Roots: 0.51ms
[2025-12-30T18:52:56.561-0600][127.300s] GC(5)   Evacuate Collection Set: 0.90ms
[2025-12-30T18:52:56.561-0600][127.300s] GC(5)   Post Evacuate Collection Set: 0.95ms
[2025-12-30T18:52:56.561-0600][127.300s] GC(5)   Other: 0.24ms
[2025-12-30T18:52:56.561-0600][127.300s] GC(5) Eden regions: 0->0(1)
[2025-12-30T18:52:56.561-0600][127.300s] GC(5) Survivor regions: 0->0(0)
[2025-12-30T18:52:56.561-0600][127.300s] GC(5) Old regions: 2->2
[2025-12-30T18:52:56.561-0600][127.300s] GC(5) Humongous regions: 254->254
[2025-12-30T18:52:56.561-0600][127.300s] GC(5) Metaspace: 1011K(1152K)->1011K(1152K) NonClass: 957K(1024K)->957K(1024K) Class: 53K(128K)->53K(128K)
[2025-12-30T18:52:56.561-0600][127.300s] GC(5) Pause Young (Concurrent Start) (G1 Evacuation Pause) 255M->255M(256M) 4.142ms
[2025-12-30T18:52:56.561-0600][127.300s] GC(5) User=0.00s Sys=0.00s Real=0.01s
[2025-12-30T18:52:56.561-0600][127.300s] GC(6) Concurrent Mark Cycle
[2025-12-30T18:52:56.561-0600][127.301s] Attempting full compaction
[2025-12-30T18:52:56.561-0600][127.301s] GC(6) Concurrent Scan Root Regions
[2025-12-30T18:52:56.561-0600][127.301s] GC(7) Pause Full (G1 Compaction Pause)
[2025-12-30T18:52:56.561-0600][127.301s] GC(6) Concurrent Scan Root Regions 0.228ms
[2025-12-30T18:52:56.561-0600][127.301s] GC(7) Using 6 workers of 13 for full compaction
[2025-12-30T18:52:56.561-0600][127.301s] GC(6) Concurrent Mark
[2025-12-30T18:52:56.561-0600][127.301s] GC(6) Concurrent Mark From Roots
[2025-12-30T18:52:56.561-0600][127.301s] GC(6) Using 3 workers of 3 for marking
[2025-12-30T18:52:56.561-0600][127.302s] GC(7) Phase 1: Mark live objects
[2025-12-30T18:52:56.568-0600][127.309s] GC(7) Phase 1: Mark live objects 6.287ms
[2025-12-30T18:52:56.568-0600][127.309s] GC(7) Phase 2: Prepare compaction
[2025-12-30T18:52:56.568-0600][127.309s] GC(7) Phase 2: Prepare compaction 0.702ms
[2025-12-30T18:52:56.568-0600][127.310s] GC(7) Phase 3: Adjust pointers
[2025-12-30T18:52:56.568-0600][127.313s] GC(7) Phase 3: Adjust pointers 3.102ms
[2025-12-30T18:52:56.568-0600][127.313s] GC(7) Phase 4: Compact heap
[2025-12-30T18:52:56.568-0600][127.314s] GC(7) Phase 4: Compact heap 0.737ms
[2025-12-30T18:52:56.568-0600][127.314s] GC(7) Phase 5: Reset Metadata
[2025-12-30T18:52:56.577-0600][127.315s] GC(7) Phase 5: Reset Metadata 1.207ms
[2025-12-30T18:52:56.577-0600][127.317s] GC(7) Eden regions: 0->0(1)
[2025-12-30T18:52:56.577-0600][127.317s] GC(7) Survivor regions: 0->0(0)
[2025-12-30T18:52:56.577-0600][127.317s] GC(7) Old regions: 2->2
[2025-12-30T18:52:56.577-0600][127.317s] GC(7) Humongous regions: 254->254
[2025-12-30T18:52:56.577-0600][127.317s] GC(7) Metaspace: 1011K(1152K)->1011K(1152K) NonClass: 957K(1024K)->957K(1024K) Class: 53K(128K)->53K(128K)
[2025-12-30T18:52:56.577-0600][127.317s] GC(7) Pause Full (G1 Compaction Pause) 255M->255M(256M) 16.644ms
[2025-12-30T18:52:56.577-0600][127.317s] GC(7) User=0.00s Sys=0.02s Real=0.02s
[2025-12-30T18:52:56.577-0600][127.318s] Attempting maximal full compaction clearing soft references
[2025-12-30T18:52:56.577-0600][127.318s] GC(8) Pause Full (G1 Compaction Pause)
[2025-12-30T18:52:56.577-0600][127.318s] GC(8) Using 6 workers of 13 for full compaction
[2025-12-30T18:52:56.577-0600][127.319s] GC(8) Phase 1: Mark live objects
[2025-12-30T18:52:56.585-0600][127.324s] GC(8) Phase 1: Mark live objects 5.210ms
[2025-12-30T18:52:56.586-0600][127.324s] GC(8) Phase 2: Prepare compaction
[2025-12-30T18:52:56.586-0600][127.326s] GC(8) Phase 2: Prepare compaction 2.015ms
[2025-12-30T18:52:56.586-0600][127.326s] GC(8) Phase 3: Adjust pointers
[2025-12-30T18:52:56.586-0600][127.329s] GC(8) Phase 3: Adjust pointers 2.642ms
[2025-12-30T18:52:56.586-0600][127.329s] GC(8) Phase 4: Compact heap
[2025-12-30T18:52:56.591-0600][127.330s] GC(8) Phase 4: Compact heap 1.369ms
[2025-12-30T18:52:56.591-0600][127.331s] GC(8) Phase 5: Reset Metadata
[2025-12-30T18:52:56.591-0600][127.331s] GC(8) Phase 5: Reset Metadata 0.393ms
[2025-12-30T18:52:56.594-0600][127.333s] GC(8) Eden regions: 0->0(1)
[2025-12-30T18:52:56.594-0600][127.333s] GC(8) Survivor regions: 0->0(0)
[2025-12-30T18:52:56.594-0600][127.333s] GC(8) Old regions: 2->2
[2025-12-30T18:52:56.594-0600][127.333s] GC(8) Humongous regions: 254->254
[2025-12-30T18:52:56.594-0600][127.333s] GC(8) Metaspace: 1011K(1152K)->1011K(1152K) NonClass: 957K(1024K)->957K(1024K) Class: 53K(128K)->53K(128K)
[2025-12-30T18:52:56.594-0600][127.333s] GC(8) Pause Full (G1 Compaction Pause) 255M->255M(256M) 15.630ms
[2025-12-30T18:52:56.594-0600][127.333s] GC(8) User=0.02s Sys=0.03s Real=0.02s
[2025-12-30T18:52:56.594-0600][127.334s] GC(6) Concurrent Mark From Roots 32.297ms
[2025-12-30T18:52:56.594-0600][127.334s] GC(9) Pause Young (Normal) (G1 Evacuation Pause)
[2025-12-30T18:52:56.594-0600][127.335s] GC(9) Using 6 workers of 13 for evacuation
[2025-12-30T18:52:56.594-0600][127.337s] GC(9)   Pre Evacuate Collection Set: 0.37ms
[2025-12-30T18:52:56.599-0600][127.337s] GC(9)   Merge Heap Roots: 0.28ms
[2025-12-30T18:52:56.599-0600][127.337s] GC(9)   Evacuate Collection Set: 0.36ms
[2025-12-30T18:52:56.599-0600][127.337s] GC(9)   Post Evacuate Collection Set: 0.97ms
[2025-12-30T18:52:56.599-0600][127.337s] GC(9)   Other: 0.22ms
[2025-12-30T18:52:56.599-0600][127.337s] GC(9) Eden regions: 0->0(1)
[2025-12-30T18:52:56.599-0600][127.337s] GC(9) Survivor regions: 0->0(0)
[2025-12-30T18:52:56.599-0600][127.337s] GC(9) Old regions: 2->2
[2025-12-30T18:52:56.599-0600][127.337s] GC(9) Humongous regions: 254->254
[2025-12-30T18:52:56.599-0600][127.337s] GC(9) Metaspace: 1011K(1152K)->1011K(1152K) NonClass: 957K(1024K)->957K(1024K) Class: 53K(128K)->53K(128K)
[2025-12-30T18:52:56.599-0600][127.337s] GC(9) Pause Young (Normal) (G1 Evacuation Pause) 255M->255M(256M) 3.717ms
[2025-12-30T18:52:56.599-0600][127.337s] GC(9) User=0.00s Sys=0.00s Real=0.00s
[2025-12-30T18:52:56.599-0600][127.338s] Attempting full compaction
[2025-12-30T18:52:56.599-0600][127.338s] GC(10) Pause Full (G1 Compaction Pause)
[2025-12-30T18:52:56.599-0600][127.338s] GC(10) Using 6 workers of 13 for full compaction
[2025-12-30T18:52:56.599-0600][127.339s] GC(10) Phase 1: Mark live objects
[2025-12-30T18:52:56.602-0600][127.344s] GC(10) Phase 1: Mark live objects 5.388ms
[2025-12-30T18:52:56.602-0600][127.344s] GC(10) Phase 2: Prepare compaction
[2025-12-30T18:52:56.602-0600][127.345s] GC(10) Phase 2: Prepare compaction 0.612ms
[2025-12-30T18:52:56.602-0600][127.345s] GC(10) Phase 3: Adjust pointers
[2025-12-30T18:52:56.610-0600][127.349s] GC(10) Phase 3: Adjust pointers 3.801ms
[2025-12-30T18:52:56.610-0600][127.349s] GC(10) Phase 4: Compact heap
[2025-12-30T18:52:56.610-0600][127.350s] GC(10) Phase 4: Compact heap 0.796ms
[2025-12-30T18:52:56.610-0600][127.350s] GC(10) Phase 5: Reset Metadata
[2025-12-30T18:52:56.610-0600][127.351s] GC(10) Phase 5: Reset Metadata 1.134ms
[2025-12-30T18:52:56.610-0600][127.353s] GC(10) Eden regions: 0->0(1)
[2025-12-30T18:52:56.610-0600][127.353s] GC(10) Survivor regions: 0->0(0)
[2025-12-30T18:52:56.610-0600][127.353s] GC(10) Old regions: 2->2
[2025-12-30T18:52:56.610-0600][127.353s] GC(10) Humongous regions: 254->254
[2025-12-30T18:52:56.610-0600][127.353s] GC(10) Metaspace: 1011K(1152K)->1011K(1152K) NonClass: 957K(1024K)->957K(1024K) Class: 53K(128K)->53K(128K)
[2025-12-30T18:52:56.610-0600][127.354s] GC(10) Pause Full (G1 Compaction Pause) 255M->255M(256M) 16.026ms
[2025-12-30T18:52:56.610-0600][127.354s] GC(10) User=0.00s Sys=0.02s Real=0.01s
[2025-12-30T18:52:56.610-0600][127.354s] Attempting maximal full compaction clearing soft references
[2025-12-30T18:52:56.610-0600][127.354s] GC(11) Pause Full (G1 Compaction Pause)
[2025-12-30T18:52:56.610-0600][127.354s] GC(11) Using 6 workers of 13 for full compaction
[2025-12-30T18:52:56.610-0600][127.355s] GC(11) Phase 1: Mark live objects
[2025-12-30T18:52:56.620-0600][127.359s] GC(11) Phase 1: Mark live objects 4.534ms
[2025-12-30T18:52:56.620-0600][127.359s] GC(11) Phase 2: Prepare compaction
[2025-12-30T18:52:56.622-0600][127.361s] GC(11) Phase 2: Prepare compaction 1.945ms
[2025-12-30T18:52:56.622-0600][127.362s] GC(11) Phase 3: Adjust pointers
[2025-12-30T18:52:56.626-0600][127.364s] GC(11) Phase 3: Adjust pointers 2.788ms
[2025-12-30T18:52:56.626-0600][127.365s] GC(11) Phase 4: Compact heap
[2025-12-30T18:52:56.626-0600][127.366s] GC(11) Phase 4: Compact heap 1.374ms
[2025-12-30T18:52:56.626-0600][127.366s] GC(11) Phase 5: Reset Metadata
[2025-12-30T18:52:56.626-0600][127.366s] GC(11) Phase 5: Reset Metadata 0.365ms
[2025-12-30T18:52:56.626-0600][127.368s] GC(11) Eden regions: 0->0(1)
[2025-12-30T18:52:56.626-0600][127.369s] GC(11) Survivor regions: 0->0(0)
[2025-12-30T18:52:56.626-0600][127.369s] GC(11) Old regions: 2->2
[2025-12-30T18:52:56.626-0600][127.369s] GC(11) Humongous regions: 254->254
[2025-12-30T18:52:56.626-0600][127.369s] GC(11) Metaspace: 1011K(1152K)->1011K(1152K) NonClass: 957K(1024K)->957K(1024K) Class: 53K(128K)->53K(128K)
[2025-12-30T18:52:56.626-0600][127.369s] GC(11) Pause Full (G1 Compaction Pause) 255M->255M(256M) 15.108ms
[2025-12-30T18:52:56.626-0600][127.369s] GC(11) User=0.02s Sys=0.00s Real=0.02s
[2025-12-30T18:52:56.626-0600][127.369s] GC(6) Concurrent Mark Abort
[2025-12-30T18:52:56.626-0600][127.369s] GC(6) Concurrent Mark Cycle 68.946ms
